Archive member included to satisfy reference by file (symbol)

c:/nxp/mcuxpressoide_10.0.2_411/ide/tools/bin/../lib/gcc/arm-none-eabi/5.4.1/../../../../arm-none-eabi/lib/armv6-m\libm.a(lib_a-s_round.o)
                              ./framework/XCVR/MKW41Z4/fsl_xcvr.o (round)
c:/nxp/mcuxpressoide_10.0.2_411/ide/tools/bin/../lib/gcc/arm-none-eabi/5.4.1/../../../../arm-none-eabi/lib/armv6-m\libm.a(lib_a-s_trunc.o)
                              ./framework/XCVR/MKW41Z4/fsl_xcvr.o (trunc)
c:/nxp/mcuxpressoide_10.0.2_411/ide/tools/bin/../lib/gcc/arm-none-eabi/5.4.1/../../../../arm-none-eabi/lib/armv6-m\libm.a(lib_a-sf_round.o)
                              ./framework/XCVR/MKW41Z4/fsl_xcvr_trim.o (roundf)
c:/nxp/mcuxpressoide_10.0.2_411/ide/tools/bin/../lib/gcc/arm-none-eabi/5.4.1/../../../../arm-none-eabi/lib/armv6-m\libc.a(lib_a-exit.o)
                              c:/nxp/mcuxpressoide_10.0.2_411/ide/tools/bin/../lib/gcc/arm-none-eabi/5.4.1/../../../../arm-none-eabi/lib/armv6-m/crt0.o (exit)
c:/nxp/mcuxpressoide_10.0.2_411/ide/tools/bin/../lib/gcc/arm-none-eabi/5.4.1/../../../../arm-none-eabi/lib/armv6-m\libc.a(lib_a-impure.o)
                              c:/nxp/mcuxpressoide_10.0.2_411/ide/tools/bin/../lib/gcc/arm-none-eabi/5.4.1/../../../../arm-none-eabi/lib/armv6-m\libc.a(lib_a-exit.o) (_global_impure_ptr)
c:/nxp/mcuxpressoide_10.0.2_411/ide/tools/bin/../lib/gcc/arm-none-eabi/5.4.1/../../../../arm-none-eabi/lib/armv6-m\libc.a(lib_a-init.o)
                              c:/nxp/mcuxpressoide_10.0.2_411/ide/tools/bin/../lib/gcc/arm-none-eabi/5.4.1/../../../../arm-none-eabi/lib/armv6-m/crt0.o (__libc_init_array)
c:/nxp/mcuxpressoide_10.0.2_411/ide/tools/bin/../lib/gcc/arm-none-eabi/5.4.1/../../../../arm-none-eabi/lib/armv6-m\libc.a(lib_a-memcpy-stub.o)
                              ./source/ppp-blinky.o (memcpy)
c:/nxp/mcuxpressoide_10.0.2_411/ide/tools/bin/../lib/gcc/arm-none-eabi/5.4.1/../../../../arm-none-eabi/lib/armv6-m\libc.a(lib_a-memset.o)
                              c:/nxp/mcuxpressoide_10.0.2_411/ide/tools/bin/../lib/gcc/arm-none-eabi/5.4.1/../../../../arm-none-eabi/lib/armv6-m/crt0.o (memset)
c:/nxp/mcuxpressoide_10.0.2_411/ide/tools/bin/../lib/gcc/arm-none-eabi/5.4.1/../../../../arm-none-eabi/lib/armv6-m\libc.a(lib_a-snprintf.o)
                              ./source/ppp-blinky.o (snprintf)
c:/nxp/mcuxpressoide_10.0.2_411/ide/tools/bin/../lib/gcc/arm-none-eabi/5.4.1/../../../../arm-none-eabi/lib/armv6-m\libc.a(lib_a-sprintf.o)
                              ./source/ppp-blinky.o (sprintf)
c:/nxp/mcuxpressoide_10.0.2_411/ide/tools/bin/../lib/gcc/arm-none-eabi/5.4.1/../../../../arm-none-eabi/lib/armv6-m\libc.a(lib_a-strchr.o)
                              ./source/ppp-blinky.o (strchr)
c:/nxp/mcuxpressoide_10.0.2_411/ide/tools/bin/../lib/gcc/arm-none-eabi/5.4.1/../../../../arm-none-eabi/lib/armv6-m\libc.a(lib_a-strcpy.o)
                              ./source/ppp-blinky.o (strcpy)
c:/nxp/mcuxpressoide_10.0.2_411/ide/tools/bin/../lib/gcc/arm-none-eabi/5.4.1/../../../../arm-none-eabi/lib/armv6-m\libc.a(lib_a-strlen-stub.o)
                              ./utilities/fsl_debug_console.o (strlen)
c:/nxp/mcuxpressoide_10.0.2_411/ide/tools/bin/../lib/gcc/arm-none-eabi/5.4.1/../../../../arm-none-eabi/lib/armv6-m\libc.a(lib_a-strncmp.o)
                              ./source/ppp-blinky.o (strncmp)
c:/nxp/mcuxpressoide_10.0.2_411/ide/tools/bin/../lib/gcc/arm-none-eabi/5.4.1/../../../../arm-none-eabi/lib/armv6-m\libc.a(lib_a-strncpy.o)
                              ./source/ppp-blinky.o (strncpy)
c:/nxp/mcuxpressoide_10.0.2_411/ide/tools/bin/../lib/gcc/arm-none-eabi/5.4.1/../../../../arm-none-eabi/lib/armv6-m\libc.a(lib_a-strstr.o)
                              ./source/ppp-blinky.o (strstr)
c:/nxp/mcuxpressoide_10.0.2_411/ide/tools/bin/../lib/gcc/arm-none-eabi/5.4.1/../../../../arm-none-eabi/lib/armv6-m\libc.a(lib_a-svfprintf.o)
                              c:/nxp/mcuxpressoide_10.0.2_411/ide/tools/bin/../lib/gcc/arm-none-eabi/5.4.1/../../../../arm-none-eabi/lib/armv6-m\libc.a(lib_a-snprintf.o) (_svfprintf_r)
c:/nxp/mcuxpressoide_10.0.2_411/ide/tools/bin/../lib/gcc/arm-none-eabi/5.4.1/../../../../arm-none-eabi/lib/armv6-m\libc.a(lib_a-__call_atexit.o)
                              c:/nxp/mcuxpressoide_10.0.2_411/ide/tools/bin/../lib/gcc/arm-none-eabi/5.4.1/../../../../arm-none-eabi/lib/armv6-m\libc.a(lib_a-exit.o) (__call_exitprocs)
c:/nxp/mcuxpressoide_10.0.2_411/ide/tools/bin/../lib/gcc/arm-none-eabi/5.4.1/../../../../arm-none-eabi/lib/armv6-m\libc.a(lib_a-atexit.o)
                              c:/nxp/mcuxpressoide_10.0.2_411/ide/tools/bin/../lib/gcc/arm-none-eabi/5.4.1/../../../../arm-none-eabi/lib/armv6-m\libc.a(lib_a-__call_atexit.o) (atexit)
c:/nxp/mcuxpressoide_10.0.2_411/ide/tools/bin/../lib/gcc/arm-none-eabi/5.4.1/../../../../arm-none-eabi/lib/armv6-m\libc.a(lib_a-dtoa.o)
[...]
Memory Configuration

Name             Origin             Length             Attributes
TEXT_region1     0x00000000         0x00000400         xr
m_flash_config_region 0x00000400         0x00000010         xr
TEXT_region2     0x00000411         0x0007f3ee         xr
DATA_region      0x1fff8000         0x00020000         rw
PRODUCT_INFO_region 0x0007f800         0x000007ff         xr
*default*        0x00000000         0xffffffff

Linker script and memory map

LOAD c:/nxp/mcuxpressoide_10.0.2_411/ide/tools/bin/../lib/gcc/arm-none-eabi/5.4.1/armv6-m/crti.o
LOAD c:/nxp/mcuxpressoide_10.0.2_411/ide/tools/bin/../lib/gcc/arm-none-eabi/5.4.1/armv6-m/crtbegin.o
LOAD c:/nxp/mcuxpressoide_10.0.2_411/ide/tools/bin/../lib/gcc/arm-none-eabi/5.4.1/../../../../arm-none-eabi/lib/armv6-m/crt0.o
LOAD ./utilities/fsl_debug_console.o
LOAD ./startup/startup_MKW41Z4.o
LOAD ./source/connectivity_test.o
LOAD ./source/gen_fsk_tests.o
LOAD ./source/menus.o
LOAD ./source/ppp-blinky.o
LOAD ./source/sha1.o
LOAD ./genfsk/genfsk_isr.o
LOAD ./genfsk/genfsk_ll.o
LOAD ./genfsk/genfsk_time.o
LOAD ./genfsk/genfsk_utils.o
LOAD ./freertos/croutine.o
LOAD ./freertos/event_groups.o
LOAD ./freertos/fsl_tickless_lptmr.o
LOAD ./freertos/fsl_tickless_systick.o
LOAD ./freertos/heap_4.o
LOAD ./freertos/list.o
LOAD ./freertos/port.o
LOAD ./freertos/queue.o
LOAD ./freertos/tasks.o
LOAD ./freertos/timers.o
LOAD ./framework/XCVR/MKW41Z4/cfgs_kw4x_3x_2x/fsl_xcvr_ant_config.o
LOAD ./framework/XCVR/MKW41Z4/cfgs_kw4x_3x_2x/fsl_xcvr_ble_config.o
LOAD ./framework/XCVR/MKW41Z4/cfgs_kw4x_3x_2x/fsl_xcvr_common_config.o
LOAD ./framework/XCVR/MKW41Z4/cfgs_kw4x_3x_2x/fsl_xcvr_gfsk_bt_0p3_h_0p5_config.o
LOAD ./framework/XCVR/MKW41Z4/cfgs_kw4x_3x_2x/fsl_xcvr_gfsk_bt_0p5_h_0p32_config.o
LOAD ./framework/XCVR/MKW41Z4/cfgs_kw4x_3x_2x/fsl_xcvr_gfsk_bt_0p5_h_0p5_config.o
LOAD ./framework/XCVR/MKW41Z4/cfgs_kw4x_3x_2x/fsl_xcvr_gfsk_bt_0p5_h_0p7_config.o
LOAD ./framework/XCVR/MKW41Z4/cfgs_kw4x_3x_2x/fsl_xcvr_gfsk_bt_0p5_h_1p0_config.o
LOAD ./framework/XCVR/MKW41Z4/cfgs_kw4x_3x_2x/fsl_xcvr_gfsk_bt_0p7_h_0p5_config.o
LOAD ./framework/XCVR/MKW41Z4/cfgs_kw4x_3x_2x/fsl_xcvr_mode_datarate_config.o
LOAD ./framework/XCVR/MKW41Z4/cfgs_kw4x_3x_2x/fsl_xcvr_msk_config.o
LOAD ./framework/XCVR/MKW41Z4/cfgs_kw4x_3x_2x/fsl_xcvr_zgbe_config.o
LOAD ./framework/XCVR/MKW41Z4/XCVR_Test/xcvr_test_fsk.o
LOAD ./framework/XCVR/MKW41Z4/dbg_ram_capture.o
LOAD ./framework/XCVR/MKW41Z4/fsl_xcvr.o
LOAD ./framework/XCVR/MKW41Z4/fsl_xcvr_trim.o
LOAD ./framework/XCVR/MKW41Z4/ifr_radio.o
LOAD ./framework/TimersManager/Source/TMR_Adapter.o
LOAD ./framework/TimersManager/Source/TimersManager.o
LOAD ./framework/SerialManager/Source/UART_Adapter/UART_Adapter.o
LOAD ./framework/SerialManager/Source/SPI_Adapter/SPI_Adapter.o
LOAD ./framework/SerialManager/Source/I2C_Adapter/I2C_Adapter.o
LOAD ./framework/SerialManager/Source/SerialManager.o
LOAD ./framework/SecLib/SecLib.o
LOAD ./framework/Reset/Reset.o
LOAD ./framework/RNG/Source/RNG.o
LOAD ./framework/Panic/Source/Panic.o
LOAD ./framework/OSAbstraction/Source/fsl_os_abstraction_free_rtos.o
LOAD ./framework/ModuleInfo/ModuleInfo.o
LOAD ./framework/Messaging/Source/Messaging.o
LOAD ./framework/MemManager/Source/MemManager.o
LOAD ./framework/MWSCoexistence/Source/MWS.o
LOAD ./framework/LowPower/Source/MKW41Z/PWR.o
LOAD ./framework/LowPower/Source/MKW41Z/PWRLib.o
LOAD ./framework/Lists/GenericList.o
LOAD ./framework/LED/Source/LED.o
LOAD ./framework/Keyboard/Source/Keyboard.o
LOAD ./framework/GPIO/GPIO_Adapter.o
LOAD ./framework/FunctionLib/FunctionLib.o
LOAD ./framework/Flash/Internal/Flash_Adapter.o
LOAD ./framework/DCDC/Source/DCDC.o
LOAD ./drivers/fsl_adc16.o
LOAD ./drivers/fsl_clock.o
LOAD ./drivers/fsl_common.o
LOAD ./drivers/fsl_dspi.o
LOAD ./drivers/fsl_dspi_freertos.o
LOAD ./drivers/fsl_flash.o
LOAD ./drivers/fsl_gpio.o
LOAD ./drivers/fsl_i2c.o
LOAD ./drivers/fsl_i2c_freertos.o
LOAD ./drivers/fsl_llwu.o
LOAD ./drivers/fsl_lptmr.o
LOAD ./drivers/fsl_lpuart.o
LOAD ./drivers/fsl_lpuart_freertos.o
LOAD ./drivers/fsl_ltc.o
LOAD ./drivers/fsl_pmc.o
LOAD ./drivers/fsl_rtc.o
LOAD ./drivers/fsl_smc.o
LOAD ./drivers/fsl_tpm.o
LOAD ./drivers/fsl_trng.o
LOAD ./board/board.o
LOAD ./board/clock_config.o
LOAD ./board/gpio_pins.o
LOAD ./board/pin_mux.o
LOAD ./CMSIS/system_MKW41Z4.o
LOAD c:/nxp/mcuxpressoide_10.0.2_411/ide/tools/bin/../lib/gcc/arm-none-eabi/5.4.1/../../../../arm-none-eabi/lib/armv6-m\libm.a
LOAD c:/nxp/mcuxpressoide_10.0.2_411/ide/tools/bin/../lib/gcc/arm-none-eabi/5.4.1/../../../../arm-none-eabi/lib/armv6-m\libc.a
LOAD c:/nxp/mcuxpressoide_10.0.2_411/ide/tools/bin/../lib/gcc/arm-none-eabi/5.4.1/armv6-m\libgcc.a
LOAD c:/nxp/mcuxpressoide_10.0.2_411/ide/tools/bin/../lib/gcc/arm-none-eabi/5.4.1/../../../../arm-none-eabi/lib/armv6-m\libnosys.a
LOAD C:\Users\Samuel Mott\Documents\RTSLab2\genfsk Example\libs\lib_crypto_m0.a
START GROUP
LOAD c:/nxp/mcuxpressoide_10.0.2_411/ide/tools/bin/../lib/gcc/arm-none-eabi/5.4.1/armv6-m\libgcc.a
LOAD c:/nxp/mcuxpressoide_10.0.2_411/ide/tools/bin/../lib/gcc/arm-none-eabi/5.4.1/../../../../arm-none-eabi/lib/armv6-m\libc.a
END GROUP
LOAD c:/nxp/mcuxpressoide_10.0.2_411/ide/tools/bin/../lib/gcc/arm-none-eabi/5.4.1/armv6-m/crtend.o
LOAD c:/nxp/mcuxpressoide_10.0.2_411/ide/tools/bin/../lib/gcc/arm-none-eabi/5.4.1/armv6-m/crtn.o
                0x1fff8000                _RAM_START_ = 0x1fff8000
                0x20017fff                _RAM_END_ = 0x20017fff
                0x0007f800                FREESCALE_PROD_DATA_BASE_ADDR = 0x7f800
                0x000000c0                __RAM_VECTOR_TABLE_SIZE = 0xc0
                0x20017dea                __BOOT_STACK_ADDRESS = 0x20017dea
                0x1ffffffb                __dummy_start = 0x1ffffffb

.interrupts     0x00000000       0xc0
                0x00000000                __VECTOR_TABLE = .
                0x00000000                . = ALIGN (0x4)
 *(.isr_vector)
 .isr_vector    0x00000000       0xc0 ./startup/startup_MKW41Z4.o
                0x00000000                __isr_vector
                0x000000c0                . = ALIGN (0x4)

.freescale_prod_data
                0x0007f800        0x0
                0x0007f800                . = ALIGN (0x4)
 *(.FREESCALE_PROD_DATA)
                0x0007f800                . = ALIGN (0x4)

.flash_config   0x00000400       0x10
                0x00000400                . = ALIGN (0x4)
 *(.FlashConfig)
 .FlashConfig   0x00000400       0x10 ./startup/startup_MKW41Z4.o
                0x00000410                . = ALIGN (0x4)

.text           0x00000420    0x1fc2c
                0x00000420                . = ALIGN (0x4)
 *(.text)
 .text          0x00000420       0x60 c:/nxp/mcuxpressoide_10.0.2_411/ide/tools/bin/../lib/gcc/arm-none-eabi/5.4.1/armv6-m/crtbegin.o
 .text          0x00000480       0x78 c:/nxp/mcuxpressoide_10.0.2_411/ide/tools/bin/../lib/gcc/arm-none-eabi/5.4.1/../../../../arm-none-eabi/lib/armv6-m/crt0.o
                0x00000480                _start
                0x00000480                _mainCRTStartup
 .text          0x000004f8       0xc0 ./startup/startup_MKW41Z4.o
                0x000004f8                Reset_Handler
                0x00000540                Radio_0_IRQHandler
                0x00000540                DMA0_DriverIRQHandler
                0x00000540                CMP0_IRQHandler
                0x00000540                DMA2_DriverIRQHandler
                0x00000540                LPTMR0_IRQHandler
                0x00000540                TPM0_IRQHandler
                0x00000540                Radio_1_IRQHandler
                0x00000540                LLWU_IRQHandler
                0x00000540                TSI0_IRQHandler
                0x00000540                ADC0_IRQHandler
                0x00000540                CMT_IRQHandler
                0x00000540                FTFA_IRQHandler
                0x00000540                DefaultISR
                0x00000540                PORTB_PORTC_IRQHandler
                0x00000540                TPM2_IRQHandler
                0x00000540                RTC_IRQHandler
                0x00000540                LVD_LVW_DCDC_IRQHandler
                0x00000540                DMA3_DriverIRQHandler
                0x00000540                RTC_Seconds_IRQHandler
                0x00000540                MCG_IRQHandler
                0x00000540                TRNG0_IRQHandler
                0x00000540                Reserved20_IRQHandler
                0x00000540                LTC0_IRQHandler
                0x00000540                PIT_IRQHandler
                0x00000540                DMA1_DriverIRQHandler
                0x00000540                PORTA_IRQHandler
                0x00000540                TPM1_IRQHandler
                0x00000540                DAC0_IRQHandler
                0x00000548                HardFault_Handler
                0x00000558                DMA0_IRQHandler
                0x0000055c                DMA1_IRQHandler
                0x00000560                DMA2_IRQHandler
                0x00000564                DMA3_IRQHandler
                0x00000568                I2C0_IRQHandler
                0x0000056c                I2C1_IRQHandler
                0x00000570                SPI0_IRQHandler
                0x00000574                LPUART0_IRQHandler
                0x00000578                SPI1_IRQHandler
 .text          0x000005b8      0x114 c:/nxp/mcuxpressoide_10.0.2_411/ide/tools/bin/../lib/gcc/arm-none-eabi/5.4.1/armv6-m\libgcc.a(_udivsi3.o)
                0x000005b8                __aeabi_uidiv
                0x000005b8                __udivsi3
                0x000006c4                __aeabi_uidivmod
 .text          0x000006cc      0x1d4 c:/nxp/mcuxpressoide_10.0.2_411/ide/tools/bin/../lib/gcc/arm-none-eabi/5.4.1/armv6-m\libgcc.a(_divsi3.o)
                0x000006cc                __divsi3
                0x000006cc                __aeabi_idiv
                0x00000898                __aeabi_idivmod
 .text          0x000008a0        0x4 c:/nxp/mcuxpressoide_10.0.2_411/ide/tools/bin/../lib/gcc/arm-none-eabi/5.4.1/armv6-m\libgcc.a(_dvmd_tls.o)
                0x000008a0                __aeabi_idiv0
                0x000008a0                __aeabi_ldiv0
 .text          0x000008a4       0x7c c:/nxp/mcuxpressoide_10.0.2_411/ide/tools/bin/../lib/gcc/arm-none-eabi/5.4.1/armv6-m\libgcc.a(_arm_cmpdf2.o)
                0x000008a4                __aeabi_cdrcmple
                0x000008b4                __aeabi_cdcmple
                0x000008b4                __aeabi_cdcmpeq
                0x000008c4                __aeabi_dcmpeq
                0x000008d0                __aeabi_dcmplt
                0x000008e4                __aeabi_dcmple
                0x000008f8                __aeabi_dcmpgt
                0x0000090c                __aeabi_dcmpge
 .text          0x00000920       0x74 c:/nxp/mcuxpressoide_10.0.2_411/ide/tools/bin/../lib/gcc/arm-none-eabi/5.4.1/armv6-m\libgcc.a(_arm_cmpsf2.o)
                0x00000920                __aeabi_cfrcmple
                0x00000928                __aeabi_cfcmpeq
                0x00000928                __aeabi_cfcmple
                0x00000938                __aeabi_fcmpeq
                0x00000944                __aeabi_fcmplt
                0x00000958                __aeabi_fcmple
                0x0000096c                __aeabi_fcmpgt
                0x00000980                __aeabi_fcmpge
 .text          0x00000994       0x40 c:/nxp/mcuxpressoide_10.0.2_411/ide/tools/bin/../lib/gcc/arm-none-eabi/5.4.1/armv6-m\libgcc.a(_aeabi_uldivmod.o)
                0x00000994                __aeabi_uldivmod
 .text          0x000009d4       0x58 c:/nxp/mcuxpressoide_10.0.2_411/ide/tools/bin/../lib/gcc/arm-none-eabi/5.4.1/armv6-m\libgcc.a(_muldi3.o)
                0x000009d4                __muldi3
                0x000009d4                __aeabi_lmul
 .text          0x00000a2c       0x30 c:/nxp/mcuxpressoide_10.0.2_411/ide/tools/bin/../lib/gcc/arm-none-eabi/5.4.1/armv6-m\libgcc.a(_fixunssfsi.o)
                0x00000a2c                __fixunssfsi
                0x00000a2c                __aeabi_f2uiz
 .text          0x00000a5c      0x180 c:/nxp/mcuxpressoide_10.0.2_411/ide/tools/bin/../lib/gcc/arm-none-eabi/5.4.1/armv6-m\libgcc.a(_udivmoddi4.o)
                0x00000a5c                __udivmoddi4
 .text          0x00000bdc      0x2ec c:/nxp/mcuxpressoide_10.0.2_411/ide/tools/bin/../lib/gcc/arm-none-eabi/5.4.1/armv6-m\libgcc.a(addsf3.o)
                0x00000bdc                __aeabi_fadd
 .text          0x00000ec8      0x234 c:/nxp/mcuxpressoide_10.0.2_411/ide/tools/bin/../lib/gcc/arm-none-eabi/5.4.1/armv6-m\libgcc.a(divsf3.o)
                0x00000ec8                __aeabi_fdiv
 .text          0x000010fc       0x50 c:/nxp/mcuxpressoide_10.0.2_411/ide/tools/bin/../lib/gcc/arm-none-eabi/5.4.1/armv6-m\libgcc.a(eqsf2.o)
                0x000010fc                __eqsf2
                0x000010fc                __nesf2
 .text          0x0000114c       0x88 c:/nxp/mcuxpressoide_10.0.2_411/ide/tools/bin/../lib/gcc/arm-none-eabi/5.4.1/armv6-m\libgcc.a(gesf2.o)
                0x0000114c                __gesf2
                0x0000114c                __gtsf2
 .text          0x000011d4       0x88 c:/nxp/mcuxpressoide_10.0.2_411/ide/tools/bin/../lib/gcc/arm-none-eabi/5.4.1/armv6-m\libgcc.a(lesf2.o)
                0x000011d4                __ltsf2
                0x000011d4                __lesf2
 .text          0x0000125c      0x228 c:/nxp/mcuxpressoide_10.0.2_411/ide/tools/bin/../lib/gcc/arm-none-eabi/5.4.1/armv6-m\libgcc.a(mulsf3.o)
                0x0000125c                __aeabi_fmul
 .text          0x00001484      0x30c c:/nxp/mcuxpressoide_10.0.2_411/ide/tools/bin/../lib/gcc/arm-none-eabi/5.4.1/armv6-m\libgcc.a(subsf3.o)
                0x00001484                __aeabi_fsub
 .text          0x00001790       0x44 c:/nxp/mcuxpressoide_10.0.2_411/ide/tools/bin/../lib/gcc/arm-none-eabi/5.4.1/armv6-m\libgcc.a(fixsfsi.o)
                0x00001790                __aeabi_f2iz
 .text          0x000017d4       0x90 c:/nxp/mcuxpressoide_10.0.2_411/ide/tools/bin/../lib/gcc/arm-none-eabi/5.4.1/armv6-m\libgcc.a(floatsisf.o)
                0x000017d4                __aeabi_i2f
 .text          0x00001864       0x7c c:/nxp/mcuxpressoide_10.0.2_411/ide/tools/bin/../lib/gcc/arm-none-eabi/5.4.1/armv6-m\libgcc.a(floatunsisf.o)
                0x00001864                __aeabi_ui2f
 .text          0x000018e0      0x658 c:/nxp/mcuxpressoide_10.0.2_411/ide/tools/bin/../lib/gcc/arm-none-eabi/5.4.1/armv6-m\libgcc.a(adddf3.o)
                0x000018e0                __aeabi_dadd
 .text          0x00001f38      0x62c c:/nxp/mcuxpressoide_10.0.2_411/ide/tools/bin/../lib/gcc/arm-none-eabi/5.4.1/armv6-m\libgcc.a(divdf3.o)
                0x00001f38                __aeabi_ddiv
 .text          0x00002564       0x80 c:/nxp/mcuxpressoide_10.0.2_411/ide/tools/bin/../lib/gcc/arm-none-eabi/5.4.1/armv6-m\libgcc.a(eqdf2.o)
                0x00002564                __nedf2
                0x00002564                __eqdf2
 .text          0x000025e4       0xc8 c:/nxp/mcuxpressoide_10.0.2_411/ide/tools/bin/../lib/gcc/arm-none-eabi/5.4.1/armv6-m\libgcc.a(gedf2.o)
                0x000025e4                __gedf2
                0x000025e4                __gtdf2
 .text          0x000026ac       0xd4 c:/nxp/mcuxpressoide_10.0.2_411/ide/tools/bin/../lib/gcc/arm-none-eabi/5.4.1/armv6-m\libgcc.a(ledf2.o)
                0x000026ac                __ledf2
                0x000026ac                __ltdf2
 .text          0x00002780      0x4f4 c:/nxp/mcuxpressoide_10.0.2_411/ide/tools/bin/../lib/gcc/arm-none-eabi/5.4.1/armv6-m\libgcc.a(muldf3.o)
                0x00002780                __aeabi_dmul
 .text          0x00002c74      0x6a8 c:/nxp/mcuxpressoide_10.0.2_411/ide/tools/bin/../lib/gcc/arm-none-eabi/5.4.1/armv6-m\libgcc.a(subdf3.o)
                0x00002c74                __aeabi_dsub
 .text          0x0000331c       0x40 c:/nxp/mcuxpressoide_10.0.2_411/ide/tools/bin/../lib/gcc/arm-none-eabi/5.4.1/armv6-m\libgcc.a(unorddf2.o)
                0x0000331c                __aeabi_dcmpun
 .text          0x0000335c       0x6c c:/nxp/mcuxpressoide_10.0.2_411/ide/tools/bin/../lib/gcc/arm-none-eabi/5.4.1/armv6-m\libgcc.a(fixdfsi.o)
                0x0000335c                __aeabi_d2iz
 .text          0x000033c8       0x84 c:/nxp/mcuxpressoide_10.0.2_411/ide/tools/bin/../lib/gcc/arm-none-eabi/5.4.1/armv6-m\libgcc.a(floatsidf.o)
                0x000033c8                __aeabi_i2d
 .text          0x0000344c       0x70 c:/nxp/mcuxpressoide_10.0.2_411/ide/tools/bin/../lib/gcc/arm-none-eabi/5.4.1/armv6-m\libgcc.a(floatunsidf.o)
                0x0000344c                __aeabi_ui2d
 .text          0x000034bc       0x3c c:/nxp/mcuxpressoide_10.0.2_411/ide/tools/bin/../lib/gcc/arm-none-eabi/5.4.1/armv6-m\libgcc.a(_clzsi2.o)
                0x000034bc                __clzsi2
 .text          0x000034f8       0x18 c:/nxp/mcuxpressoide_10.0.2_411/ide/tools/bin/../lib/gcc/arm-none-eabi/5.4.1/armv6-m\libgcc.a(_clzdi2.o)
                0x000034f8                __clzdi2
 .text          0x00003510       0x38 C:\Users\Samuel Mott\Documents\RTSLab2\genfsk Example\libs\lib_crypto_m0.a(SW_RNG.o)
                0x00003510                SecLib_set_rng_seed
                0x00003520                SecLib_get_random
 *(.text*)
 .text.DbgConsole_Printf
                0x00003548       0x44 ./utilities/fsl_debug_console.o
                0x00003548                DbgConsole_Printf
 .text.DbgConsole_Putchar
                0x0000358c       0x34 ./utilities/fsl_debug_console.o
                0x0000358c                DbgConsole_Putchar
 .text.DbgConsole_PrintfPaddingCharacter
                0x000035c0       0x48 ./utilities/fsl_debug_console.o
 .text.DbgConsole_ConvertRadixNumToString
                0x00003608      0x114 ./utilities/fsl_debug_console.o
 .text.DbgConsole_PrintfFormattedData
                0x0000371c      0x334 ./utilities/fsl_debug_console.o
 .text.main_task
                0x00003a50      0x138 ./source/connectivity_test.o
                0x00003a50                main_task
 .text.App_Thread
                0x00003b88       0x34 ./source/connectivity_test.o
 .text.App_HandleEvents
                0x00003bbc       0x10 ./source/connectivity_test.o
 .text.App_GenFskReceiveCallback
                0x00003bcc       0x60 ./source/connectivity_test.o
 .text.App_GenFskEventNotificationCallback
                0x00003c2c       0x6c ./source/connectivity_test.o
 .text.App_SerialCallback
                0x00003c98       0x24 ./source/connectivity_test.o
 .text.App_NotifyAppThread
                0x00003cbc       0x1c ./source/connectivity_test.o
 .text.App_TimerCallback
                0x00003cd8       0x20 ./source/connectivity_test.o
 .text.CT_GenFskInit
                0x00003cf8      0x1c8 ./source/gen_fsk_tests.o
                0x00003cf8                CT_GenFskInit
 .text.CT_PacketErrorRate
                0x00003ec0       0x78 ./source/gen_fsk_tests.o
                0x00003ec0                CT_PacketErrorRate
 .text.CT_PacketErrorRateTx
                0x00003f38      0x234 ./source/gen_fsk_tests.o
 .text.PrintPerTxPackets
                0x0000416c       0x74 ./source/menus.o
                0x0000416c                PrintPerTxPackets
 .text.pppInitStruct
                0x000041e0       0xa4 ./source/ppp-blinky.o
                0x000041e0                pppInitStruct
 .text.checkPc  0x00004284        0xc ./source/ppp-blinky.o
                0x00004284                checkPc
 .text.putsWhileCheckingInput
                0x00004290       0x10 ./source/ppp-blinky.o
                0x00004290                putsWhileCheckingInput
 .text.fcsReset
                0x000042a0       0x18 ./source/ppp-blinky.o
                0x000042a0                fcsReset
 .text.fcsDo    0x000042b8       0x58 ./source/ppp-blinky.o
                0x000042b8                fcsDo
 .text.fcsBuf   0x00004310       0x40 ./source/ppp-blinky.o
                0x00004310                fcsBuf
 .text.pc_getBuf
                0x00004350       0x50 ./source/ppp-blinky.o
                0x00004350                pc_getBuf
 .text.dumpPPPFrame
                0x000043a0       0x8c ./source/ppp-blinky.o
                0x000043a0                dumpPPPFrame
 .text.processPPPFrame
                0x0000442c      0x150 ./source/ppp-blinky.o
                0x0000442c                processPPPFrame
 .text.pcPutcWhileCheckingInput
                0x0000457c       0x30 ./source/ppp-blinky.o
                0x0000457c                pcPutcWhileCheckingInput
 .text.hdlcPut  0x000045ac       0x48 ./source/ppp-blinky.o
                0x000045ac                hdlcPut
 .text.sendPppFrame
                0x000045f4       0xb0 ./source/ppp-blinky.o
                0x000045f4                sendPppFrame
 .text.bufferToIP
                0x000046a4       0x38 ./source/ppp-blinky.o
                0x000046a4                bufferToIP
 .text.ipcpConfigRequestHandler
                0x000046dc       0x68 ./source/ppp-blinky.o
                0x000046dc                ipcpConfigRequestHandler
 .text.ipcpAckHandler
                0x00004744        0xc ./source/ppp-blinky.o
                0x00004744                ipcpAckHandler
 .text.ipcpNackHandler
                0x00004750       0x24 ./source/ppp-blinky.o
                0x00004750                ipcpNackHandler
 .text.ipcpDefaultHandler
                0x00004774        0xc ./source/ppp-blinky.o
                0x00004774                ipcpDefaultHandler
 .text.IPCPframe
                0x00004780       0x40 ./source/ppp-blinky.o
                0x00004780                IPCPframe
 .text.dataCheckSum
                0x000047c0       0xc8 ./source/ppp-blinky.o
                0x000047c0                dataCheckSum
 .text.IpHeaderCheckSum
                0x00004888       0x50 ./source/ppp-blinky.o
                0x00004888                IpHeaderCheckSum
 .text.swapIpAddresses
                0x000048d8       0x30 ./source/ppp-blinky.o
                0x000048d8                swapIpAddresses
 .text.swapIpPorts
                0x00004908       0x5c ./source/ppp-blinky.o
                0x00004908                swapIpPorts
 .text.checkSumPseudoHeader
                0x00004964       0x64 ./source/ppp-blinky.o
                0x00004964                checkSumPseudoHeader
 .text.initIP   0x000049c8       0xf4 ./source/ppp-blinky.o
                0x000049c8                initIP
 .text.sendUdp  0x00004abc      0x110 ./source/ppp-blinky.o
                0x00004abc                sendUdp
 .text.UDPpacket
                0x00004bcc      0x218 ./source/ppp-blinky.o
                0x00004bcc                UDPpacket
 .text.ICMPpacket
                0x00004de4       0xd8 ./source/ppp-blinky.o
                0x00004de4                ICMPpacket
 .text.IGMPpacket
                0x00004ebc        0xc ./source/ppp-blinky.o
                0x00004ebc                IGMPpacket
 .text.dumpHeaderIP
                0x00004ec8       0x10 ./source/ppp-blinky.o
                0x00004ec8                dumpHeaderIP
 .text.dumpHeaderTCP
                0x00004ed8       0x10 ./source/ppp-blinky.o
                0x00004ed8                dumpHeaderTCP
 .text.enc64    0x00004ee8      0x138 ./source/ppp-blinky.o
                0x00004ee8                enc64
 .text.webSocketHandler
                0x00005020      0x2a0 ./source/ppp-blinky.o
                0x00005020                webSocketHandler
 .text.httpResponse
                0x000052c0      0x278 ./source/ppp-blinky.o
                0x000052c0                httpResponse
 .text.dumpDataTCP
                0x00005538       0x10 ./source/ppp-blinky.o
                0x00005538                dumpDataTCP
 .text.tcpHandler
                0x00005548      0x288 ./source/ppp-blinky.o
                0x00005548                tcpHandler
 .text.TCPpacket
                0x000057d0       0x20 ./source/ppp-blinky.o
                0x000057d0                TCPpacket
 .text.otherProtocol
                0x000057f0        0xc ./source/ppp-blinky.o
                0x000057f0                otherProtocol
 .text.IPframe  0x000057fc       0x50 ./source/ppp-blinky.o
                0x000057fc                IPframe
 .text.LCPconfReq
                0x0000584c       0x50 ./source/ppp-blinky.o
                0x0000584c                LCPconfReq
 .text.LCPconfAck
                0x0000589c        0xc ./source/ppp-blinky.o
                0x0000589c                LCPconfAck
 .text.LCPend   0x000058a8       0x24 ./source/ppp-blinky.o
                0x000058a8                LCPend
 .text.LCPother
                0x000058cc       0x10 ./source/ppp-blinky.o
                0x000058cc                LCPother
 .text.LCPframe
                0x000058dc       0x40 ./source/ppp-blinky.o
                0x000058dc                LCPframe
 .text.discardedFrame
                0x0000591c        0xc ./source/ppp-blinky.o
                0x0000591c                discardedFrame
 .text.determinePacketType
                0x00005928       0x70 ./source/ppp-blinky.o
                0x00005928                determinePacketType
 .text.pppReceiveHandler
                0x00005998      0x154 ./source/ppp-blinky.o
                0x00005998                pppReceiveHandler
 .text.waitForPcConnectString
                0x00005aec       0x60 ./source/ppp-blinky.o
                0x00005aec                waitForPcConnectString
 .text.initializePpp
                0x00005b4c       0x38 ./source/ppp-blinky.o
                0x00005b4c                initializePpp
 .text.SHA1Transform
                0x00005b84     0x1d10 ./source/sha1.o
                0x00005b84                SHA1Transform
 .text.SHA1Init
                0x00007894       0x50 ./source/sha1.o
                0x00007894                SHA1Init
 .text.SHA1Update
                0x000078e4       0xd0 ./source/sha1.o
                0x000078e4                SHA1Update
 .text.SHA1Final
                0x000079b4       0xf4 ./source/sha1.o
                0x000079b4                SHA1Final
 .text.sha1     0x00007aa8       0x54 ./source/sha1.o
                0x00007aa8                sha1
 .text.NVIC_EnableIRQ
                0x00007afc       0x2c ./genfsk/genfsk_isr.o
 .text.NVIC_ClearPendingIRQ
                0x00007b28       0x30 ./genfsk/genfsk_isr.o
 .text.NVIC_SetPriority
                0x00007b58       0xdc ./genfsk/genfsk_isr.o
 .text.GENFSK_UnprotectFromXcvrInterrupt
                0x00007c34       0x58 ./genfsk/genfsk_isr.o
                0x00007c34                GENFSK_UnprotectFromXcvrInterrupt
 .text.GENFSK_DisableInterrupts
                0x00007c8c       0x68 ./genfsk/genfsk_isr.o
                0x00007c8c                GENFSK_DisableInterrupts
 .text.GENFSK_EnableInterrupts
                0x00007cf4       0x68 ./genfsk/genfsk_isr.o
                0x00007cf4                GENFSK_EnableInterrupts
 .text.PWRLib_ClearRSIMDsmInt
                0x00007d5c        0xc ./genfsk/genfsk_isr.o
                0x00007d5c                PWRLib_ClearRSIMDsmInt
 .text.GENFSK_InterruptHandler
                0x00007d68      0x2b0 ./genfsk/genfsk_isr.o
                0x00007d68                GENFSK_InterruptHandler
 .text.GENFSK_InstallInterrupt
                0x00008018       0x54 ./genfsk/genfsk_isr.o
                0x00008018                GENFSK_InstallInterrupt
 .text.GENFSK_Command
                0x0000806c       0x20 ./genfsk/genfsk_ll.o
 .text.GENFSK_Init
                0x0000808c       0xd0 ./genfsk/genfsk_ll.o
                0x0000808c                GENFSK_Init
 .text.GENFSK_AllocInstance
                0x0000815c      0x248 ./genfsk/genfsk_ll.o
                0x0000815c                GENFSK_AllocInstance
 .text.GENFSK_RadioConfig
                0x000083a4      0x2c0 ./genfsk/genfsk_ll.o
                0x000083a4                GENFSK_RadioConfig
 .text.GENFSK_SetPacketConfig
                0x00008664      0x4a0 ./genfsk/genfsk_ll.o
                0x00008664                GENFSK_SetPacketConfig
 .text.GENFSK_SetCrcConfig
                0x00008b04      0x3ac ./genfsk/genfsk_ll.o
                0x00008b04                GENFSK_SetCrcConfig
 .text.GENFSK_SetWhitenerConfig
                0x00008eb0      0x538 ./genfsk/genfsk_ll.o
                0x00008eb0                GENFSK_SetWhitenerConfig
 .text.GENFSK_SetNetworkAddress
                0x000093e8      0x428 ./genfsk/genfsk_ll.o
                0x000093e8                GENFSK_SetNetworkAddress
 .text.GENFSK_EnableNetworkAddress
                0x00009810      0x148 ./genfsk/genfsk_ll.o
                0x00009810                GENFSK_EnableNetworkAddress
 .text.GENFSK_SetChannelNumber
                0x00009958      0x12c ./genfsk/genfsk_ll.o
                0x00009958                GENFSK_SetChannelNumber
 .text.GENFSK_SetTxPowerLevel
                0x00009a84      0x158 ./genfsk/genfsk_ll.o
                0x00009a84                GENFSK_SetTxPowerLevel
 .text.GENFSK_StartTx
                0x00009bdc      0x3bc ./genfsk/genfsk_ll.o
                0x00009bdc                GENFSK_StartTx
 .text.GENFSK_AbortAll
                0x00009f98       0xa0 ./genfsk/genfsk_ll.o
                0x00009f98                GENFSK_AbortAll
 .text.GENFSK_GetTimestamp
                0x0000a038       0x34 ./genfsk/genfsk_ll.o
                0x0000a038                GENFSK_GetTimestamp
 .text.GENFSK_RegisterCallbacks
                0x0000a06c       0x78 ./genfsk/genfsk_ll.o
                0x0000a06c                GENFSK_RegisterCallbacks
 .text.GENFSK_PacketToByteArray
                0x0000a0e4      0x4c8 ./genfsk/genfsk_ll.o
                0x0000a0e4                GENFSK_PacketToByteArray
 .text.GENFSK_Task
                0x0000a5ac      0xc3c ./genfsk/genfsk_ll.o
 .text.GENFSK_TimeSetWaitTimeout
                0x0000b1e8       0x54 ./genfsk/genfsk_time.o
 .text.GENFSK_TimeRunCallback
                0x0000b23c       0x3c ./genfsk/genfsk_time.o
 .text.GENFSK_TimeMaintenance
                0x0000b278       0x78 ./genfsk/genfsk_time.o
 .text.GENFSK_TimeOverflowCb
                0x0000b2f0       0x34 ./genfsk/genfsk_time.o
 .text.GENFSK_TimeGetNextEvent
                0x0000b324       0x84 ./genfsk/genfsk_time.o
 .text.GENFSK_TimeInit
                0x0000b3a8       0x58 ./genfsk/genfsk_time.o
                0x0000b3a8                GENFSK_TimeInit
 .text.GENFSK_TimeGetTimestamp
                0x0000b400       0x88 ./genfsk/genfsk_time.o
                0x0000b400                GENFSK_TimeGetTimestamp
 .text.GENFSK_TimeDisableWaitTimeout
                0x0000b488       0x28 ./genfsk/genfsk_time.o
                0x0000b488                GENFSK_TimeDisableWaitTimeout
 .text.GENFSK_TimeCancelEvent
                0x0000b4b0       0x70 ./genfsk/genfsk_time.o
                0x0000b4b0                GENFSK_TimeCancelEvent
 .text.GENFSK_TimeISR
                0x0000b520       0x40 ./genfsk/genfsk_time.o
                0x0000b520                GENFSK_TimeISR
 .text.GENFSK_WritePacketBuffer
                0x0000b560       0x78 ./genfsk/genfsk_utils.o
                0x0000b560                GENFSK_WritePacketBuffer
 .text.GENFSK_ReadPacketBuffer
                0x0000b5d8       0x78 ./genfsk/genfsk_utils.o
                0x0000b5d8                GENFSK_ReadPacketBuffer
 .text.GENFSK_Reverse9Bit
                0x0000b650       0xf8 ./genfsk/genfsk_utils.o
                0x0000b650                GENFSK_Reverse9Bit
 .text.GENFSK_SwitchToInstance
                0x0000b748      0x320 ./genfsk/genfsk_utils.o
                0x0000b748                GENFSK_SwitchToInstance
 .text.GENFSK_MskPreProcessing
                0x0000ba68       0xcc ./genfsk/genfsk_utils.o
                0x0000ba68                GENFSK_MskPreProcessing
 .text.GENFSK_MskPostProcessing
                0x0000bb34      0x1ec ./genfsk/genfsk_utils.o
                0x0000bb34                GENFSK_MskPostProcessing
 .text.xEventGroupCreate
                0x0000bd20       0x30 ./freertos/event_groups.o
                0x0000bd20                xEventGroupCreate
 .text.xEventGroupWaitBits
                0x0000bd50      0x148 ./freertos/event_groups.o
                0x0000bd50                xEventGroupWaitBits
 .text.xEventGroupSetBits
                0x0000be98       0xf4 ./freertos/event_groups.o
                0x0000be98                xEventGroupSetBits
 .text.vEventGroupSetBitsCallback
                0x0000bf8c       0x20 ./freertos/event_groups.o
                0x0000bf8c                vEventGroupSetBitsCallback
 .text.prvTestWaitCondition
                0x0000bfac       0x40 ./freertos/event_groups.o
 .text.xEventGroupSetBitsFromISR
                0x0000bfec       0x2c ./freertos/event_groups.o
                0x0000bfec                xEventGroupSetBitsFromISR
 .text.prvSetupTimerInterrupt
                0x0000c018       0x3c ./freertos/fsl_tickless_lptmr.o
                0x0000c018                prvSetupTimerInterrupt
 .text.pvPortMalloc
                0x0000c054      0x14c ./freertos/heap_4.o
                0x0000c054                pvPortMalloc
 .text.vPortFree
                0x0000c1a0       0x90 ./freertos/heap_4.o
                0x0000c1a0                vPortFree
 .text.prvHeapInit
                0x0000c230       0xc0 ./freertos/heap_4.o
 .text.prvInsertBlockIntoFreeList
                0x0000c2f0       0xb0 ./freertos/heap_4.o
 .text.vListInitialise
                0x0000c3a0       0x3c ./freertos/list.o
                0x0000c3a0                vListInitialise
 .text.vListInitialiseItem
                0x0000c3dc       0x18 ./freertos/list.o
                0x0000c3dc                vListInitialiseItem
 .text.vListInsertEnd
                0x0000c3f4       0x44 ./freertos/list.o
                0x0000c3f4                vListInsertEnd
 .text.vListInsert
                0x0000c438       0x6c ./freertos/list.o
                0x0000c438                vListInsert
 .text.uxListRemove
                0x0000c4a4       0x50 ./freertos/list.o
                0x0000c4a4                uxListRemove
 .text.pxPortInitialiseStack
                0x0000c4f4       0x54 ./freertos/port.o
                0x0000c4f4                pxPortInitialiseStack
 .text.prvTaskExitError
                0x0000c548       0x18 ./freertos/port.o
 .text.SVC_Handler
                0x0000c560        0xc ./freertos/port.o
                0x0000c560                SVC_Handler
 *fill*         0x0000c56c        0x4 
 .text.vPortStartFirstTask
                0x0000c570       0x38 ./freertos/port.o
 .text.xPortStartScheduler
                0x0000c5a8       0x44 ./freertos/port.o
                0x0000c5a8                xPortStartScheduler
 .text.vPortYield
                0x0000c5ec       0x20 ./freertos/port.o
                0x0000c5ec                vPortYield
 .text.vPortEnterCritical
                0x0000c60c       0x24 ./freertos/port.o
                0x0000c60c                vPortEnterCritical
 .text.vPortExitCritical
                0x0000c630       0x30 ./freertos/port.o
                0x0000c630                vPortExitCritical
 .text.ulSetInterruptMaskFromISR
                0x0000c660        0xc ./freertos/port.o
                0x0000c660                ulSetInterruptMaskFromISR
 .text.vClearInterruptMaskFromISR
                0x0000c66c        0x8 ./freertos/port.o
                0x0000c66c                vClearInterruptMaskFromISR
 *fill*         0x0000c674        0xc 
 .text.PendSV_Handler
                0x0000c680       0x48 ./freertos/port.o
                0x0000c680                PendSV_Handler
 .text.SysTick_Handler
                0x0000c6c8       0x34 ./freertos/port.o
                0x0000c6c8                SysTick_Handler
 .text.xQueueGenericReset
                0x0000c6fc       0xa8 ./freertos/queue.o
                0x0000c6fc                xQueueGenericReset
 .text.xQueueGenericCreate
                0x0000c7a4       0x64 ./freertos/queue.o
                0x0000c7a4                xQueueGenericCreate
 .text.prvInitialiseNewQueue
                0x0000c808       0x50 ./freertos/queue.o
 .text.prvInitialiseMutex
                0x0000c858       0x34 ./freertos/queue.o
 .text.xQueueCreateMutex
                0x0000c88c       0x38 ./freertos/queue.o
                0x0000c88c                xQueueCreateMutex
 .text.xQueueCreateCountingSemaphore
                0x0000c8c4       0x48 ./freertos/queue.o
                0x0000c8c4                xQueueCreateCountingSemaphore
 .text.xQueueGenericSend
                0x0000c90c      0x188 ./freertos/queue.o
                0x0000c90c                xQueueGenericSend
 .text.xQueueGenericSendFromISR
                0x0000ca94       0xe4 ./freertos/queue.o
                0x0000ca94                xQueueGenericSendFromISR
 .text.xQueueGiveFromISR
                0x0000cb78       0xcc ./freertos/queue.o
                0x0000cb78                xQueueGiveFromISR
 .text.xQueueGenericReceive
                0x0000cc44      0x1c8 ./freertos/queue.o
                0x0000cc44                xQueueGenericReceive
 .text.prvCopyDataToQueue
                0x0000ce0c       0xd8 ./freertos/queue.o
 .text.prvCopyDataFromQueue
                0x0000cee4       0x4c ./freertos/queue.o
 .text.prvUnlockQueue
                0x0000cf30       0xc0 ./freertos/queue.o
 .text.prvIsQueueEmpty
                0x0000cff0       0x2c ./freertos/queue.o
 .text.prvIsQueueFull
                0x0000d01c       0x30 ./freertos/queue.o
 .text.vQueueAddToRegistry
                0x0000d04c       0x50 ./freertos/queue.o
                0x0000d04c                vQueueAddToRegistry
 .text.vQueueWaitForMessageRestricted
                0x0000d09c       0x68 ./freertos/queue.o
                0x0000d09c                vQueueWaitForMessageRestricted
 .text.xTaskCreate
                0x0000d104       0x90 ./freertos/tasks.o
                0x0000d104                xTaskCreate
 .text.prvInitialiseNewTask
                0x0000d194      0x12c ./freertos/tasks.o
 .text.prvAddNewTaskToReadyList
                0x0000d2c0       0xd0 ./freertos/tasks.o
 .text.vTaskStartScheduler
                0x0000d390       0x78 ./freertos/tasks.o
                0x0000d390                vTaskStartScheduler
 .text.vTaskSuspendAll
                0x0000d408       0x18 ./freertos/tasks.o
                0x0000d408                vTaskSuspendAll
 .text.xTaskResumeAll
                0x0000d420      0x118 ./freertos/tasks.o
                0x0000d420                xTaskResumeAll
 .text.xTaskGetTickCount
                0x0000d538       0x1c ./freertos/tasks.o
                0x0000d538                xTaskGetTickCount
 .text.xTaskIncrementTick
                0x0000d554      0x14c ./freertos/tasks.o
                0x0000d554                xTaskIncrementTick
 .text.vTaskSwitchContext
                0x0000d6a0       0xa4 ./freertos/tasks.o
                0x0000d6a0                vTaskSwitchContext
 .text.vTaskPlaceOnEventList
                0x0000d744       0x3c ./freertos/tasks.o
                0x0000d744                vTaskPlaceOnEventList
 .text.vTaskPlaceOnUnorderedEventList
                0x0000d780       0x5c ./freertos/tasks.o
                0x0000d780                vTaskPlaceOnUnorderedEventList
 .text.vTaskPlaceOnEventListRestricted
                0x0000d7dc       0x4c ./freertos/tasks.o
                0x0000d7dc                vTaskPlaceOnEventListRestricted
 .text.xTaskRemoveFromEventList
                0x0000d828       0xb8 ./freertos/tasks.o
                0x0000d828                xTaskRemoveFromEventList
 .text.xTaskRemoveFromUnorderedEventList
                0x0000d8e0       0xb0 ./freertos/tasks.o
                0x0000d8e0                xTaskRemoveFromUnorderedEventList
 .text.vTaskSetTimeOutState
                0x0000d990       0x34 ./freertos/tasks.o
                0x0000d990                vTaskSetTimeOutState
 .text.xTaskCheckForTimeOut
                0x0000d9c4       0x9c ./freertos/tasks.o
                0x0000d9c4                xTaskCheckForTimeOut
 .text.vTaskMissedYield
                0x0000da60       0x14 ./freertos/tasks.o
                0x0000da60                vTaskMissedYield
 .text.prvIdleTask
                0x0000da74       0x20 ./freertos/tasks.o
 .text.prvInitialiseTaskLists
                0x0000da94       0x88 ./freertos/tasks.o
 .text.prvCheckTasksWaitingTermination
                0x0000db1c       0x74 ./freertos/tasks.o
 .text.prvDeleteTCB
                0x0000db90       0x24 ./freertos/tasks.o
 .text.prvResetNextTaskUnblockTime
                0x0000dbb4       0x48 ./freertos/tasks.o
 .text.xTaskGetCurrentTaskHandle
                0x0000dbfc       0x1c ./freertos/tasks.o
                0x0000dbfc                xTaskGetCurrentTaskHandle
 .text.xTaskGetSchedulerState
                0x0000dc18       0x38 ./freertos/tasks.o
                0x0000dc18                xTaskGetSchedulerState
 .text.vTaskPriorityInherit
                0x0000dc50       0xbc ./freertos/tasks.o
                0x0000dc50                vTaskPriorityInherit
 .text.xTaskPriorityDisinherit
                0x0000dd0c       0xb8 ./freertos/tasks.o
                0x0000dd0c                xTaskPriorityDisinherit
 .text.uxTaskResetEventItemValue
                0x0000ddc4       0x2c ./freertos/tasks.o
                0x0000ddc4                uxTaskResetEventItemValue
 .text.pvTaskIncrementMutexHeldCount
                0x0000ddf0       0x24 ./freertos/tasks.o
                0x0000ddf0                pvTaskIncrementMutexHeldCount
 .text.prvAddCurrentTaskToDelayedList
                0x0000de14       0xa8 ./freertos/tasks.o
 .text.xTimerCreateTimerTask
                0x0000debc       0x54 ./freertos/timers.o
                0x0000debc                xTimerCreateTimerTask
 .text.xTimerGenericCommand
                0x0000df10       0x9c ./freertos/timers.o
                0x0000df10                xTimerGenericCommand
 .text.prvProcessExpiredTimer
                0x0000dfac       0x70 ./freertos/timers.o
 .text.prvTimerTask
                0x0000e01c       0x28 ./freertos/timers.o
 .text.prvProcessTimerOrBlockTask
                0x0000e044       0x8c ./freertos/timers.o
 .text.prvGetNextExpireTime
                0x0000e0d0       0x40 ./freertos/timers.o
 .text.prvSampleTimeNow
                0x0000e110       0x40 ./freertos/timers.o
 .text.prvInsertTimerInActiveList
                0x0000e150       0x84 ./freertos/timers.o
 .text.prvProcessReceivedCommands
                0x0000e1d4      0x12c ./freertos/timers.o
 .text.prvSwitchTimerLists
                0x0000e300       0xb4 ./freertos/timers.o
 .text.prvCheckForValidListAndQueue
                0x0000e3b4       0x74 ./freertos/timers.o
 .text.xTimerPendFunctionCallFromISR
                0x0000e428       0x54 ./freertos/timers.o
                0x0000e428                xTimerPendFunctionCallFromISR
 .text.XCVR_Init
                0x0000e47c      0x134 ./framework/XCVR/MKW41Z4/fsl_xcvr.o
                0x0000e47c                XCVR_Init
 .text.XCVR_GetDefaultConfig
                0x0000e5b0      0x170 ./framework/XCVR/MKW41Z4/fsl_xcvr.o
                0x0000e5b0                XCVR_GetDefaultConfig
 .text.XCVR_Configure
                0x0000e720      0x98c ./framework/XCVR/MKW41Z4/fsl_xcvr.o
                0x0000e720                XCVR_Configure
 .text.XCVR_ChangeMode
                0x0000f0ac       0x88 ./framework/XCVR/MKW41Z4/fsl_xcvr.o
                0x0000f0ac                XCVR_ChangeMode
 .text.XcvrPanic
                0x0000f134       0x40 ./framework/XCVR/MKW41Z4/fsl_xcvr.o
                0x0000f134                XcvrPanic
 .text.XCVR_SetXtalTrim
                0x0000f174       0x68 ./framework/XCVR/MKW41Z4/fsl_xcvr.o
                0x0000f174                XCVR_SetXtalTrim
 .text.XCVR_OverrideChannel
                0x0000f1dc      0x13c ./framework/XCVR/MKW41Z4/fsl_xcvr.o
                0x0000f1dc                XCVR_OverrideChannel
 .text.XCVR_ForceRxWu
                0x0000f318       0x1c ./framework/XCVR/MKW41Z4/fsl_xcvr.o
                0x0000f318                XCVR_ForceRxWu
 .text.XCVR_ForceRxWd
                0x0000f334       0x1c ./framework/XCVR/MKW41Z4/fsl_xcvr.o
                0x0000f334                XCVR_ForceRxWd
 .text.calc_dcoc_dac_step
                0x0000f350       0x88 ./framework/XCVR/MKW41Z4/fsl_xcvr_trim.o
                0x0000f350                calc_dcoc_dac_step
 .text.XcvrCalDelay
                0x0000f3d8       0x20 ./framework/XCVR/MKW41Z4/fsl_xcvr_trim.o
                0x0000f3d8                XcvrCalDelay
 .text.rx_dc_est_average
                0x0000f3f8      0x1a4 ./framework/XCVR/MKW41Z4/fsl_xcvr_trim.o
                0x0000f3f8                rx_dc_est_average
 .text.rx_bba_dcoc_dac_trim_DCest
                0x0000f59c      0x7d8 ./framework/XCVR/MKW41Z4/fsl_xcvr_trim.o
                0x0000f59c                rx_bba_dcoc_dac_trim_DCest
 .text.DCOC_DAC_INIT_Cal
                0x0000fd74      0x680 ./framework/XCVR/MKW41Z4/fsl_xcvr_trim.o
                0x0000fd74                DCOC_DAC_INIT_Cal
 .text.read_first_ifr_word
                0x000103f4       0x20 ./framework/XCVR/MKW41Z4/ifr_radio.o
                0x000103f4                read_first_ifr_word
 .text.read_another_ifr_word
                0x00010414       0x2c ./framework/XCVR/MKW41Z4/ifr_radio.o
                0x00010414                read_another_ifr_word
 .text.read_resource_ifr
                0x00010440       0xd0 ./framework/XCVR/MKW41Z4/ifr_radio.o
                0x00010440                read_resource_ifr
 .text.store_sw_trim
                0x00010510       0x9c ./framework/XCVR/MKW41Z4/ifr_radio.o
                0x00010510                store_sw_trim
 .text.handle_ifr
                0x000105ac      0x184 ./framework/XCVR/MKW41Z4/ifr_radio.o
                0x000105ac                handle_ifr
 .text.NVIC_EnableIRQ
                0x00010730       0x2c ./framework/TimersManager/Source/TMR_Adapter.o
 .text.NVIC_ClearPendingIRQ
                0x0001075c       0x30 ./framework/TimersManager/Source/TMR_Adapter.o
 .text.NVIC_SetPriority
                0x0001078c       0xdc ./framework/TimersManager/Source/TMR_Adapter.o
 .text.TPM_GetStatusFlags
                0x00010868       0x14 ./framework/TimersManager/Source/TMR_Adapter.o
 .text.TPM_ClearStatusFlags
                0x0001087c       0x18 ./framework/TimersManager/Source/TMR_Adapter.o
 .text.TPM_StartTimer
                0x00010894       0x3c ./framework/TimersManager/Source/TMR_Adapter.o
 .text.TPM_StopTimer
                0x000108d0       0x2c ./framework/TimersManager/Source/TMR_Adapter.o
 .text.StackTimer_Init
                0x000108fc       0xa0 ./framework/TimersManager/Source/TMR_Adapter.o
                0x000108fc                StackTimer_Init
 .text.StackTimer_Enable
                0x0001099c       0x1c ./framework/TimersManager/Source/TMR_Adapter.o
                0x0001099c                StackTimer_Enable
 .text.StackTimer_Disable
                0x000109b8       0x18 ./framework/TimersManager/Source/TMR_Adapter.o
                0x000109b8                StackTimer_Disable
 .text.StackTimer_GetInputFrequency
                0x000109d0       0x24 ./framework/TimersManager/Source/TMR_Adapter.o
                0x000109d0                StackTimer_GetInputFrequency
 .text.StackTimer_GetCounterValue
                0x000109f4       0x14 ./framework/TimersManager/Source/TMR_Adapter.o
                0x000109f4                StackTimer_GetCounterValue
 .text.StackTimer_SetOffsetTicks
                0x00010a08       0x24 ./framework/TimersManager/Source/TMR_Adapter.o
                0x00010a08                StackTimer_SetOffsetTicks
 .text.StackTimer_ClearIntFlag
                0x00010a2c       0x30 ./framework/TimersManager/Source/TMR_Adapter.o
                0x00010a2c                StackTimer_ClearIntFlag
 .text.TMR_GetTimerStatus
                0x00010a5c       0x28 ./framework/TimersManager/Source/TimersManager.o
 .text.TMR_SetTimerStatus
                0x00010a84       0x44 ./framework/TimersManager/Source/TimersManager.o
 .text.TMR_GetTimerType
                0x00010ac8       0x28 ./framework/TimersManager/Source/TimersManager.o
 .text.TMR_SetTimerType
                0x00010af0       0x44 ./framework/TimersManager/Source/TimersManager.o
 .text.TmrTicksFromMilliseconds
                0x00010b34       0x4c ./framework/TimersManager/Source/TimersManager.o
                0x00010b34                TmrTicksFromMilliseconds
 .text.TMR_Init
                0x00010b80       0x80 ./framework/TimersManager/Source/TimersManager.o
                0x00010b80                TMR_Init
 .text.TMR_NotifyClkChanged
                0x00010c00       0x44 ./framework/TimersManager/Source/TimersManager.o
                0x00010c00                TMR_NotifyClkChanged
 .text.TMR_AllocateTimer
                0x00010c44       0x50 ./framework/TimersManager/Source/TimersManager.o
                0x00010c44                TMR_AllocateTimer
 .text.StackTimer_ISR
                0x00010c94       0x24 ./framework/TimersManager/Source/TimersManager.o
 .text.TMR_StartTimer
                0x00010cb8       0xf4 ./framework/TimersManager/Source/TimersManager.o
                0x00010cb8                TMR_StartTimer
 .text.TMR_StartLowPowerTimer
                0x00010dac       0x44 ./framework/TimersManager/Source/TimersManager.o
                0x00010dac                TMR_StartLowPowerTimer
 .text.TMR_StopTimer
                0x00010df0       0xec ./framework/TimersManager/Source/TimersManager.o
                0x00010df0                TMR_StopTimer
 .text.TMR_Task
                0x00010edc      0x574 ./framework/TimersManager/Source/TimersManager.o
                0x00010edc                TMR_Task
 .text.TMR_EnableTimer
                0x00011450       0x84 ./framework/TimersManager/Source/TimersManager.o
                0x00011450                TMR_EnableTimer
 .text.NVIC_EnableIRQ
                0x000114d4       0x2c ./framework/SerialManager/Source/UART_Adapter/UART_Adapter.o
 .text.NVIC_SetPriority
                0x00011500       0xdc ./framework/SerialManager/Source/UART_Adapter/UART_Adapter.o
 .text.LPUART_WriteByte
                0x000115dc       0x20 ./framework/SerialManager/Source/UART_Adapter/UART_Adapter.o
 .text.LPUART_ReadByte
                0x000115fc       0x18 ./framework/SerialManager/Source/UART_Adapter/UART_Adapter.o
 .text.LPUART_Initialize
                0x00011614       0xec ./framework/SerialManager/Source/UART_Adapter/UART_Adapter.o
                0x00011614                LPUART_Initialize
 .text.LPUART_SetBaudrate
                0x00011700       0x44 ./framework/SerialManager/Source/UART_Adapter/UART_Adapter.o
                0x00011700                LPUART_SetBaudrate
 .text.LPUART_SendData
                0x00011744       0xc0 ./framework/SerialManager/Source/UART_Adapter/UART_Adapter.o
                0x00011744                LPUART_SendData
 .text.LPUART_InstallRxCalback
                0x00011804       0x44 ./framework/SerialManager/Source/UART_Adapter/UART_Adapter.o
                0x00011804                LPUART_InstallRxCalback
 .text.LPUART_InstallTxCalback
                0x00011848       0x44 ./framework/SerialManager/Source/UART_Adapter/UART_Adapter.o
                0x00011848                LPUART_InstallTxCalback
 .text.LPUART_IsTxActive
                0x0001188c       0x58 ./framework/SerialManager/Source/UART_Adapter/UART_Adapter.o
                0x0001188c                LPUART_IsTxActive
 .text.LPUART_ISR
                0x000118e4      0x17c ./framework/SerialManager/Source/UART_Adapter/UART_Adapter.o
 .text.SerialManager_Init
                0x00011a60       0x80 ./framework/SerialManager/Source/SerialManager.o
                0x00011a60                SerialManager_Init
 .text.SerialManagerTask
                0x00011ae0      0x188 ./framework/SerialManager/Source/SerialManager.o
                0x00011ae0                SerialManagerTask
 .text.Serial_InitInterface
                0x00011c68      0x184 ./framework/SerialManager/Source/SerialManager.o
                0x00011c68                Serial_InitInterface
 .text.Serial_AsyncWrite
                0x00011dec      0x198 ./framework/SerialManager/Source/SerialManager.o
                0x00011dec                Serial_AsyncWrite
 .text.Serial_SyncWrite
                0x00011f84       0xd8 ./framework/SerialManager/Source/SerialManager.o
                0x00011f84                Serial_SyncWrite
 .text.Serial_Read
                0x0001205c      0x12c ./framework/SerialManager/Source/SerialManager.o
                0x0001205c                Serial_Read
 .text.Serial_RxBufferByteCount
                0x00012188       0xf0 ./framework/SerialManager/Source/SerialManager.o
                0x00012188                Serial_RxBufferByteCount
 .text.Serial_SetRxCallBack
                0x00012278       0x70 ./framework/SerialManager/Source/SerialManager.o
                0x00012278                Serial_SetRxCallBack
 .text.Serial_SetBaudRate
                0x000122e8       0x88 ./framework/SerialManager/Source/SerialManager.o
                0x000122e8                Serial_SetBaudRate
 .text.Serial_Print
                0x00012370       0x7c ./framework/SerialManager/Source/SerialManager.o
                0x00012370                Serial_Print
 .text.Serial_PrintDec
                0x000123ec       0xa8 ./framework/SerialManager/Source/SerialManager.o
                0x000123ec                Serial_PrintDec
 .text.Serial_WriteInternal
                0x00012494      0x108 ./framework/SerialManager/Source/SerialManager.o
 .text.SerialManager_RxNotify
                0x0001259c       0xb0 ./framework/SerialManager/Source/SerialManager.o
                0x0001259c                SerialManager_RxNotify
 .text.SerialManager_TxNotify
                0x0001264c       0xd0 ./framework/SerialManager/Source/SerialManager.o
                0x0001264c                SerialManager_TxNotify
 .text.Serial_TxQueueMaintenance
                0x0001271c      0x128 ./framework/SerialManager/Source/SerialManager.o
 .text.Serial_SyncTxCallback
                0x00012844       0x1c ./framework/SerialManager/Source/SerialManager.o
 .text.Serial_UartRxCb
                0x00012860       0x54 ./framework/SerialManager/Source/SerialManager.o
 .text.Serial_UartTxCb
                0x000128b4       0x1c ./framework/SerialManager/Source/SerialManager.o
 .text.SecLib_Init
                0x000128d0       0x3c ./framework/SecLib/SecLib.o
                0x000128d0                SecLib_Init
 .text.NVIC_EnableIRQ
                0x0001290c       0x2c ./framework/RNG/Source/RNG.o
 .text.EnableIRQ
                0x00012938       0x2c ./framework/RNG/Source/RNG.o
 .text.RNG_Init
                0x00012964       0xe0 ./framework/RNG/Source/RNG.o
                0x00012964                RNG_Init
 .text.RNG_GetRandomNo
                0x00012a44       0x2c ./framework/RNG/Source/RNG.o
                0x00012a44                RNG_GetRandomNo
 .text.RNG_SetPseudoRandomNoSeed
                0x00012a70       0x2c ./framework/RNG/Source/RNG.o
                0x00012a70                RNG_SetPseudoRandomNoSeed
 .text.TRNG_ISR
                0x00012a9c       0x3c ./framework/RNG/Source/RNG.o
 .text.panic    0x00012ad8       0x18 ./framework/Panic/Source/Panic.o
                0x00012ad8                panic
 .text.startup_task
                0x00012af0       0x14 ./framework/OSAbstraction/Source/fsl_os_abstraction_free_rtos.o
                0x00012af0                startup_task
 .text.OSA_TaskGetId
                0x00012b04       0x10 ./framework/OSAbstraction/Source/fsl_os_abstraction_free_rtos.o
                0x00012b04                OSA_TaskGetId
 .text.OSA_TaskCreate
                0x00012b14       0x4c ./framework/OSAbstraction/Source/fsl_os_abstraction_free_rtos.o
                0x00012b14                OSA_TaskCreate
 .text.OSA_SemaphoreCreate
                0x00012b60       0x20 ./framework/OSAbstraction/Source/fsl_os_abstraction_free_rtos.o
                0x00012b60                OSA_SemaphoreCreate
 .text.OSA_SemaphoreWait
                0x00012b80       0x5c ./framework/OSAbstraction/Source/fsl_os_abstraction_free_rtos.o
                0x00012b80                OSA_SemaphoreWait
 .text.OSA_SemaphorePost
                0x00012bdc       0x9c ./framework/OSAbstraction/Source/fsl_os_abstraction_free_rtos.o
                0x00012bdc                OSA_SemaphorePost
 .text.OSA_MutexCreate
                0x00012c78       0x1c ./framework/OSAbstraction/Source/fsl_os_abstraction_free_rtos.o
                0x00012c78                OSA_MutexCreate
 .text.OSA_EventCreate
                0x00012c94       0x70 ./framework/OSAbstraction/Source/fsl_os_abstraction_free_rtos.o
                0x00012c94                OSA_EventCreate
 .text.OSA_EventSet
                0x00012d04       0xa0 ./framework/OSAbstraction/Source/fsl_os_abstraction_free_rtos.o
                0x00012d04                OSA_EventSet
 .text.OSA_EventWait
                0x00012da4       0xa4 ./framework/OSAbstraction/Source/fsl_os_abstraction_free_rtos.o
                0x00012da4                OSA_EventWait
 .text.OSA_InterruptEnable
                0x00012e48       0x4c ./framework/OSAbstraction/Source/fsl_os_abstraction_free_rtos.o
                0x00012e48                OSA_InterruptEnable
 .text.OSA_InterruptDisable
                0x00012e94       0x4c ./framework/OSAbstraction/Source/fsl_os_abstraction_free_rtos.o
                0x00012e94                OSA_InterruptDisable
 .text.OSA_InstallIntHandler
                0x00012ee0       0x20 ./framework/OSAbstraction/Source/fsl_os_abstraction_free_rtos.o
                0x00012ee0                OSA_InstallIntHandler
 .text.main     0x00012f00       0x24 ./framework/OSAbstraction/Source/fsl_os_abstraction_free_rtos.o
                0x00012f00                main
 .text.osObjectAlloc
                0x00012f24       0x4c ./framework/OSAbstraction/Source/fsl_os_abstraction_free_rtos.o
 .text.osObjectIsAllocated
                0x00012f70       0x54 ./framework/OSAbstraction/Source/fsl_os_abstraction_free_rtos.o
 .text.osObjectFree
                0x00012fc4       0x48 ./framework/OSAbstraction/Source/fsl_os_abstraction_free_rtos.o
 .text.MEM_Init
                0x0001300c       0xc4 ./framework/MemManager/Source/MemManager.o
                0x0001300c                MEM_Init
 .text.MEM_BufferAllocWithId
                0x000130d0       0xb8 ./framework/MemManager/Source/MemManager.o
                0x000130d0                MEM_BufferAllocWithId
 .text.ListInit
                0x00013188       0x2c ./framework/Lists/GenericList.o
                0x00013188                ListInit
 .text.ListAddTail
                0x000131b4       0x78 ./framework/Lists/GenericList.o
                0x000131b4                ListAddTail
 .text.ListRemoveHead
                0x0001322c       0x68 ./framework/Lists/GenericList.o
                0x0001322c                ListRemoveHead
 .text.LED_Init
                0x00013294       0x2c ./framework/LED/Source/LED.o
                0x00013294                LED_Init
 .text.LED_Operate
                0x000132c0       0x8c ./framework/LED/Source/LED.o
                0x000132c0                LED_Operate
 .text.LED_GpioSet
                0x0001334c       0x48 ./framework/LED/Source/LED.o
 .text.GPIO_SetPinsOutput
                0x00013394       0x18 ./framework/GPIO/GPIO_Adapter.o
 .text.GPIO_ClearPinsOutput
                0x000133ac       0x18 ./framework/GPIO/GPIO_Adapter.o
 .text.GPIO_TogglePinsOutput
                0x000133c4       0x18 ./framework/GPIO/GPIO_Adapter.o
 .text.PORT_SetPinConfig
                0x000133dc       0x38 ./framework/GPIO/GPIO_Adapter.o
 .text.PORT_SetPinMux
                0x00013414       0x40 ./framework/GPIO/GPIO_Adapter.o
 .text.GpioSetPinMux
                0x00013454       0x44 ./framework/GPIO/GPIO_Adapter.o
                0x00013454                GpioSetPinMux
 .text.GpioSetPinOutput
                0x00013498       0x34 ./framework/GPIO/GPIO_Adapter.o
                0x00013498                GpioSetPinOutput
 .text.GpioClearPinOutput
                0x000134cc       0x34 ./framework/GPIO/GPIO_Adapter.o
                0x000134cc                GpioClearPinOutput
 .text.GpioTogglePinOutput
                0x00013500       0x34 ./framework/GPIO/GPIO_Adapter.o
                0x00013500                GpioTogglePinOutput
 .text.GpioOutputPinInit
                0x00013534      0x10c ./framework/GPIO/GPIO_Adapter.o
                0x00013534                GpioOutputPinInit
 .text.FLib_MemCpy
                0x00013640       0x38 ./framework/FunctionLib/FunctionLib.o
                0x00013640                FLib_MemCpy
 .text.FLib_MemCmp
                0x00013678       0x54 ./framework/FunctionLib/FunctionLib.o
                0x00013678                FLib_MemCmp
 .text.FLib_MemSet
                0x000136cc       0x38 ./framework/FunctionLib/FunctionLib.o
                0x000136cc                FLib_MemSet
 .text.NV_VerifyCrcOverHWParameters
                0x00013704       0x50 ./framework/Flash/Internal/Flash_Adapter.o
 .text.NV_ComputeCrcOverHWParameters
                0x00013754       0xe0 ./framework/Flash/Internal/Flash_Adapter.o
 .text.NV_ReadHWParameters
                0x00013834       0x68 ./framework/Flash/Internal/Flash_Adapter.o
                0x00013834                NV_ReadHWParameters
 .text.CLOCK_EnableClock
                0x0001389c       0x38 ./framework/DCDC/Source/DCDC.o
 .text.ADC16_EnableHardwareTrigger
                0x000138d4       0x3c ./framework/DCDC/Source/DCDC.o
 .text.ADC16_GetChannelConversionValue
                0x00013910       0x30 ./framework/DCDC/Source/DCDC.o
 .text.DCDC_MakeADCConversion
                0x00013940       0x44 ./framework/DCDC/Source/DCDC.o
 .text.DCDC_AdjustVbatDiv
                0x00013984       0x68 ./framework/DCDC/Source/DCDC.o
 .text.DCDC_Get1P8VOutputTargetAndVBatInmV
                0x000139ec       0xf0 ./framework/DCDC/Source/DCDC.o
 .text.DCDC_mVTo1P8OutputTargetBoost
                0x00013adc      0x168 ./framework/DCDC/Source/DCDC.o
 .text.DCDC_mVTo1P8OutputTargetBuck
                0x00013c44       0xe4 ./framework/DCDC/Source/DCDC.o
 .text.DCDC_mVToMcuVOutputTargetBoost
                0x00013d28       0x8c ./framework/DCDC/Source/DCDC.o
                0x00013d28                DCDC_mVToMcuVOutputTargetBoost
 .text.DCDC_GetOutputTargetsBoost
                0x00013db4       0xd4 ./framework/DCDC/Source/DCDC.o
 .text.DCDC_GetOutputTargetsBuck
                0x00013e88       0x90 ./framework/DCDC/Source/DCDC.o
 .text.DCDC_VBatMonitorBoost
                0x00013f18      0x1c0 ./framework/DCDC/Source/DCDC.o
 .text.DCDC_VBatMonitorBuck
                0x000140d8      0x1c4 ./framework/DCDC/Source/DCDC.o
 .text.DCDC_Init
                0x0001429c      0x220 ./framework/DCDC/Source/DCDC.o
                0x0001429c                DCDC_Init
 .text.CLOCK_EnableClock
                0x000144bc       0x38 ./drivers/fsl_adc16.o
 .text.ADC16_GetInstance
                0x000144f4       0x48 ./drivers/fsl_adc16.o
 .text.ADC16_Init
                0x0001453c      0x114 ./drivers/fsl_adc16.o
                0x0001453c                ADC16_Init
 .text.ADC16_DoAutoCalibration
                0x00014650      0x11c ./drivers/fsl_adc16.o
                0x00014650                ADC16_DoAutoCalibration
 .text.ADC16_SetChannelMuxMode
                0x0001476c       0x3c ./drivers/fsl_adc16.o
                0x0001476c                ADC16_SetChannelMuxMode
 .text.ADC16_SetHardwareCompareConfig
                0x000147a8       0x8c ./drivers/fsl_adc16.o
                0x000147a8                ADC16_SetHardwareCompareConfig
 .text.ADC16_SetHardwareAverage
                0x00014834       0x40 ./drivers/fsl_adc16.o
                0x00014834                ADC16_SetHardwareAverage
 .text.ADC16_GetStatusFlags
                0x00014874       0x3c ./drivers/fsl_adc16.o
                0x00014874                ADC16_GetStatusFlags
 .text.ADC16_SetChannelConfig
                0x000148b0       0x6c ./drivers/fsl_adc16.o
                0x000148b0                ADC16_SetChannelConfig
 .text.ADC16_GetChannelStatusFlags
                0x0001491c       0x40 ./drivers/fsl_adc16.o
                0x0001491c                ADC16_GetChannelStatusFlags
 .text.CLOCK_SetEr32kClock
                0x0001495c       0x30 ./drivers/fsl_clock.o
 .text.CLOCK_GetMcgExtClkFreq
                0x0001498c       0x70 ./drivers/fsl_clock.o
 .text.CLOCK_GetFllExtRefClkFreq
                0x000149fc       0xb8 ./drivers/fsl_clock.o
 .text.CLOCK_GetInternalRefClkSelectFreq
                0x00014ab4       0x40 ./drivers/fsl_clock.o
 .text.CLOCK_GetFllRefClkFreq
                0x00014af4       0x30 ./drivers/fsl_clock.o
 .text.CLOCK_GetOscRangeFromFreq
                0x00014b24       0x4c ./drivers/fsl_clock.o
 .text.CLOCK_GetOsc0ErClkFreq
                0x00014b70       0x28 ./drivers/fsl_clock.o
                0x00014b70                CLOCK_GetOsc0ErClkFreq
 .text.CLOCK_SetSimConfig
                0x00014b98       0x2c ./drivers/fsl_clock.o
                0x00014b98                CLOCK_SetSimConfig
 .text.CLOCK_GetFllFreq
                0x00014bc4       0x78 ./drivers/fsl_clock.o
                0x00014bc4                CLOCK_GetFllFreq
 .text.CLOCK_GetInternalRefClkFreq
                0x00014c3c       0x28 ./drivers/fsl_clock.o
                0x00014c3c                CLOCK_GetInternalRefClkFreq
 .text.CLOCK_SetExternalRefClkConfig
                0x00014c64       0x80 ./drivers/fsl_clock.o
                0x00014c64                CLOCK_SetExternalRefClkConfig
 .text.CLOCK_SetInternalRefClkConfig
                0x00014ce4      0x12c ./drivers/fsl_clock.o
                0x00014ce4                CLOCK_SetInternalRefClkConfig
 .text.CLOCK_InitOsc0
                0x00014e10       0x6c ./drivers/fsl_clock.o
                0x00014e10                CLOCK_InitOsc0
 .text.CLOCK_SetFeeMode
                0x00014e7c      0x144 ./drivers/fsl_clock.o
                0x00014e7c                CLOCK_SetFeeMode
 .text.CLOCK_BootToFeeMode
                0x00014fc0       0x50 ./drivers/fsl_clock.o
                0x00014fc0                CLOCK_BootToFeeMode
 .text.DisableGlobalIRQ
                0x00015010       0x1c ./drivers/fsl_common.o
 .text.EnableGlobalIRQ
                0x0001502c       0x1c ./drivers/fsl_common.o
 .text.__assertion_failed
                0x00015048       0x1c ./drivers/fsl_common.o
                0x00015048                __assertion_failed
 .text.InstallIRQHandler
                0x00015064       0x98 ./drivers/fsl_common.o
                0x00015064                InstallIRQHandler
 .text.DSPI_IsMaster
                0x000150fc       0x18 ./drivers/fsl_dspi.o
 .text.DSPI_CommonIRQHandler
                0x00015114       0x40 ./drivers/fsl_dspi.o
 .text.SPI0_DriverIRQHandler
                0x00015154       0x34 ./drivers/fsl_dspi.o
                0x00015154                SPI0_DriverIRQHandler
 .text.SPI1_DriverIRQHandler
                0x00015188       0x34 ./drivers/fsl_dspi.o
                0x00015188                SPI1_DriverIRQHandler
 .text.GPIO_WritePinOutput
                0x000151bc       0x34 ./drivers/fsl_gpio.o
 .text.GPIO_PinInit
                0x000151f0       0x64 ./drivers/fsl_gpio.o
                0x000151f0                GPIO_PinInit
 .text.I2C_TransferCommonIRQHandler
                0x00015254       0x54 ./drivers/fsl_i2c.o
 .text.I2C0_DriverIRQHandler
                0x000152a8       0x20 ./drivers/fsl_i2c.o
                0x000152a8                I2C0_DriverIRQHandler
 .text.I2C1_DriverIRQHandler
                0x000152c8       0x20 ./drivers/fsl_i2c.o
                0x000152c8                I2C1_DriverIRQHandler
 .text.CLOCK_EnableClock
                0x000152e8       0x38 ./drivers/fsl_lpuart.o
 .text.LPUART_GetInstance
                0x00015320       0x48 ./drivers/fsl_lpuart.o
                0x00015320                LPUART_GetInstance
 .text.LPUART_Init
                0x00015368      0x28c ./drivers/fsl_lpuart.o
                0x00015368                LPUART_Init
 .text.LPUART_GetDefaultConfig
                0x000155f4       0x50 ./drivers/fsl_lpuart.o
                0x000155f4                LPUART_GetDefaultConfig
 .text.LPUART_SetBaudRate
                0x00015644      0x194 ./drivers/fsl_lpuart.o
                0x00015644                LPUART_SetBaudRate
 .text.LPUART_EnableInterrupts
                0x000157d8       0x3c ./drivers/fsl_lpuart.o
                0x000157d8                LPUART_EnableInterrupts
 .text.LPUART_DisableInterrupts
                0x00015814       0x40 ./drivers/fsl_lpuart.o
                0x00015814                LPUART_DisableInterrupts
 .text.LPUART_GetEnabledInterrupts
                0x00015854       0x34 ./drivers/fsl_lpuart.o
                0x00015854                LPUART_GetEnabledInterrupts
 .text.LPUART_GetStatusFlags
                0x00015888       0x18 ./drivers/fsl_lpuart.o
                0x00015888                LPUART_GetStatusFlags
 .text.LPUART_ClearStatusFlags
                0x000158a0       0x88 ./drivers/fsl_lpuart.o
                0x000158a0                LPUART_ClearStatusFlags
 .text.LPUART0_DriverIRQHandler
                0x00015928       0x24 ./drivers/fsl_lpuart.o
                0x00015928                LPUART0_DriverIRQHandler
 .text.CLOCK_EnableClock
                0x0001594c       0x38 ./drivers/fsl_ltc.o
 .text.LTC_Init
                0x00015984       0x1c ./drivers/fsl_ltc.o
                0x00015984                LTC_Init
 .text.CLOCK_EnableClock
                0x000159a0       0x38 ./drivers/fsl_tpm.o
 .text.TPM_GetInstance
                0x000159d8       0x54 ./drivers/fsl_tpm.o
 .text.TPM_Init
                0x00015a2c       0xec ./drivers/fsl_tpm.o
                0x00015a2c                TPM_Init
 .text.TPM_SetupOutputCompare
                0x00015b18      0x13c ./drivers/fsl_tpm.o
                0x00015b18                TPM_SetupOutputCompare
 .text.TPM_EnableInterrupts
                0x00015c54       0x84 ./drivers/fsl_tpm.o
                0x00015c54                TPM_EnableInterrupts
 .text.CLOCK_EnableClock
                0x00015cd8       0x38 ./drivers/fsl_trng.o
 .text.trng_GetInstance
                0x00015d10       0x48 ./drivers/fsl_trng.o
 .text.TRNG_GetDefaultConfig
                0x00015d58       0xe0 ./drivers/fsl_trng.o
                0x00015d58                TRNG_GetDefaultConfig
 .text.trng_SetRetryCount
                0x00015e38       0x50 ./drivers/fsl_trng.o
 .text.trng_SetStatisticalCheckLimit
                0x00015e88      0x31c ./drivers/fsl_trng.o
 .text.trng_ApplyUserConfig
                0x000161a4      0x1c4 ./drivers/fsl_trng.o
 .text.trng_ReadEntropy
                0x00016368       0x34 ./drivers/fsl_trng.o
 .text.TRNG_Init
                0x0001639c       0xb8 ./drivers/fsl_trng.o
                0x0001639c                TRNG_Init
 .text.TRNG_GetRandomData
                0x00016454       0xec ./drivers/fsl_trng.o
                0x00016454                TRNG_GetRandomData
 .text.CLOCK_EnableClock
                0x00016540       0x38 ./board/board.o
 .text.hardware_init
                0x00016578      0x220 ./board/board.o
                0x00016578                hardware_init
 .text.NMI_Handler
                0x00016798       0x20 ./board/board.o
                0x00016798                NMI_Handler
 .text.BOARD_DCDCInit
                0x000167b8       0x18 ./board/board.o
                0x000167b8                BOARD_DCDCInit
 .text.BOARD_GetLpuartClock
                0x000167d0       0x5c ./board/board.o
                0x000167d0                BOARD_GetLpuartClock
 .text.BOARD_GetTpmClock
                0x0001682c       0x5c ./board/board.o
                0x0001682c                BOARD_GetTpmClock
 .text.CLOCK_EnableClock
                0x00016888       0x38 ./board/clock_config.o
 .text.CLOCK_DisableClock
                0x000168c0       0x38 ./board/clock_config.o
 .text.CLOCK_SetLpuartClock
                0x000168f8       0x38 ./board/clock_config.o
 .text.CLOCK_SetTpmClock
                0x00016930       0x38 ./board/clock_config.o
 .text.CLOCK_SetSimSafeDivs
                0x00016968       0x1c ./board/clock_config.o
 .text.CLOCK_SetXtal0Freq
                0x00016984       0x1c ./board/clock_config.o
 .text.CLOCK_SetXtal32Freq
                0x000169a0       0x1c ./board/clock_config.o
 .text.RTC_SetOscCapLoad
                0x000169bc       0x34 ./board/clock_config.o
 .text.CLOCK_CONFIG_FllStableDelay
                0x000169f0       0x24 ./board/clock_config.o
 .text.CLOCK_CONFIG_SetRtcClock
                0x00016a14       0x4c ./board/clock_config.o
 .text.CLOCK_CONFIG_EnableRtcOsc
                0x00016a60       0x50 ./board/clock_config.o
 .text.BOARD_RfOscInit
                0x00016ab0       0xc8 ./board/clock_config.o
                0x00016ab0                BOARD_RfOscInit
 .text.BOARD_InitOsc0
                0x00016b78       0x30 ./board/clock_config.o
                0x00016b78                BOARD_InitOsc0
 .text.BOARD_BootClockRUN
                0x00016ba8       0x6c ./board/clock_config.o
                0x00016ba8                BOARD_BootClockRUN
 .text.CLOCK_EnableClock
                0x00016c14       0x38 ./board/pin_mux.o
 .text.PORT_SetPinMux
                0x00016c4c       0x40 ./board/pin_mux.o
 .text.BOARD_InitLEDs
                0x00016c8c       0x78 ./board/pin_mux.o
                0x00016c8c                BOARD_InitLEDs
 .text.BOARD_InitLPUART
                0x00016d04       0x4c ./board/pin_mux.o
                0x00016d04                BOARD_InitLPUART
 .text.SystemInit
                0x00016d50       0x18 ./CMSIS/system_MKW41Z4.o
                0x00016d50                SystemInit
 .text.roundf   0x00016d68       0x4c c:/nxp/mcuxpressoide_10.0.2_411/ide/tools/bin/../lib/gcc/arm-none-eabi/5.4.1/../../../../arm-none-eabi/lib/armv6-m\libm.a(lib_a-sf_round.o)
                0x00016d68                roundf
 .text.exit     0x00016db4       0x20 c:/nxp/mcuxpressoide_10.0.2_411/ide/tools/bin/../lib/gcc/arm-none-eabi/5.4.1/../../../../arm-none-eabi/lib/armv6-m\libc.a(lib_a-exit.o)
                0x00016db4                exit
 .text.__libc_init_array
                0x00016dd4       0x48 c:/nxp/mcuxpressoide_10.0.2_411/ide/tools/bin/../lib/gcc/arm-none-eabi/5.4.1/../../../../arm-none-eabi/lib/armv6-m\libc.a(lib_a-init.o)
                0x00016dd4                __libc_init_array
 .text.memcpy   0x00016e1c       0x7c c:/nxp/mcuxpressoide_10.0.2_411/ide/tools/bin/../lib/gcc/arm-none-eabi/5.4.1/../../../../arm-none-eabi/lib/armv6-m\libc.a(lib_a-memcpy-stub.o)
                0x00016e1c                memcpy
 .text.memset   0x00016e98       0x8c c:/nxp/mcuxpressoide_10.0.2_411/ide/tools/bin/../lib/gcc/arm-none-eabi/5.4.1/../../../../arm-none-eabi/lib/armv6-m\libc.a(lib_a-memset.o)
                0x00016e98                memset
 .text.snprintf
                0x00016f24       0x84 c:/nxp/mcuxpressoide_10.0.2_411/ide/tools/bin/../lib/gcc/arm-none-eabi/5.4.1/../../../../arm-none-eabi/lib/armv6-m\libc.a(lib_a-snprintf.o)
                0x00016f24                snprintf
 .text.sprintf  0x00016fa8       0x44 c:/nxp/mcuxpressoide_10.0.2_411/ide/tools/bin/../lib/gcc/arm-none-eabi/5.4.1/../../../../arm-none-eabi/lib/armv6-m\libc.a(lib_a-sprintf.o)
                0x00016fa8                sprintf
 .text.strchr   0x00016fec       0xdc c:/nxp/mcuxpressoide_10.0.2_411/ide/tools/bin/../lib/gcc/arm-none-eabi/5.4.1/../../../../arm-none-eabi/lib/armv6-m\libc.a(lib_a-strchr.o)
                0x00016fec                strchr
 .text.strcpy   0x000170c8       0x10 c:/nxp/mcuxpressoide_10.0.2_411/ide/tools/bin/../lib/gcc/arm-none-eabi/5.4.1/../../../../arm-none-eabi/lib/armv6-m\libc.a(lib_a-strcpy.o)
                0x000170c8                strcpy
 .text.strlen   0x000170d8       0x68 c:/nxp/mcuxpressoide_10.0.2_411/ide/tools/bin/../lib/gcc/arm-none-eabi/5.4.1/../../../../arm-none-eabi/lib/armv6-m\libc.a(lib_a-strlen-stub.o)
                0x000170d8                strlen
 .text.strncmp  0x00017140       0x98 c:/nxp/mcuxpressoide_10.0.2_411/ide/tools/bin/../lib/gcc/arm-none-eabi/5.4.1/../../../../arm-none-eabi/lib/armv6-m\libc.a(lib_a-strncmp.o)
                0x00017140                strncmp
 .text.strncpy  0x000171d8       0x74 c:/nxp/mcuxpressoide_10.0.2_411/ide/tools/bin/../lib/gcc/arm-none-eabi/5.4.1/../../../../arm-none-eabi/lib/armv6-m\libc.a(lib_a-strncpy.o)
                0x000171d8                strncpy
 .text.critical_factorization
                0x0001724c       0xc4 c:/nxp/mcuxpressoide_10.0.2_411/ide/tools/bin/../lib/gcc/arm-none-eabi/5.4.1/../../../../arm-none-eabi/lib/armv6-m\libc.a(lib_a-strstr.o)
 .text.two_way_long_needle
                0x00017310      0x1ec c:/nxp/mcuxpressoide_10.0.2_411/ide/tools/bin/../lib/gcc/arm-none-eabi/5.4.1/../../../../arm-none-eabi/lib/armv6-m\libc.a(lib_a-strstr.o)
 .text.strstr   0x000174fc      0x1f4 c:/nxp/mcuxpressoide_10.0.2_411/ide/tools/bin/../lib/gcc/arm-none-eabi/5.4.1/../../../../arm-none-eabi/lib/armv6-m\libc.a(lib_a-strstr.o)
                0x000174fc                strstr
 .text._svfprintf_r
                0x000176f0     0x1820 c:/nxp/mcuxpressoide_10.0.2_411/ide/tools/bin/../lib/gcc/arm-none-eabi/5.4.1/../../../../arm-none-eabi/lib/armv6-m\libc.a(lib_a-svfprintf.o)
                0x000176f0                _svfprintf_r
 .text.startup.register_fini
                0x00018f10       0x18 c:/nxp/mcuxpressoide_10.0.2_411/ide/tools/bin/../lib/gcc/arm-none-eabi/5.4.1/../../../../arm-none-eabi/lib/armv6-m\libc.a(lib_a-__call_atexit.o)
 .text.__call_exitprocs
                0x00018f28       0xfc c:/nxp/mcuxpressoide_10.0.2_411/ide/tools/bin/../lib/gcc/arm-none-eabi/5.4.1/../../../../arm-none-eabi/lib/armv6-m\libc.a(lib_a-__call_atexit.o)
                0x00018f28                __call_exitprocs
 .text.atexit   0x00019024       0x10 c:/nxp/mcuxpressoide_10.0.2_411/ide/tools/bin/../lib/gcc/arm-none-eabi/5.4.1/../../../../arm-none-eabi/lib/armv6-m\libc.a(lib_a-atexit.o)
                0x00019024                atexit
 .text.quorem   0x00019034      0x150 c:/nxp/mcuxpressoide_10.0.2_411/ide/tools/bin/../lib/gcc/arm-none-eabi/5.4.1/../../../../arm-none-eabi/lib/armv6-m\libc.a(lib_a-dtoa.o)
 .text._dtoa_r  0x00019184      0xf54 c:/nxp/mcuxpressoide_10.0.2_411/ide/tools/bin/../lib/gcc/arm-none-eabi/5.4.1/../../../../arm-none-eabi/lib/armv6-m\libc.a(lib_a-dtoa.o)
                0x00019184                _dtoa_r
 .text.__libc_fini_array
                0x0001a0d8       0x34 c:/nxp/mcuxpressoide_10.0.2_411/ide/tools/bin/../lib/gcc/arm-none-eabi/5.4.1/../../../../arm-none-eabi/lib/armv6-m\libc.a(lib_a-fini.o)
                0x0001a0d8                __libc_fini_array
 .text._localeconv_r
                0x0001a10c       0x1c c:/nxp/mcuxpressoide_10.0.2_411/ide/tools/bin/../lib/gcc/arm-none-eabi/5.4.1/../../../../arm-none-eabi/lib/armv6-m\libc.a(lib_a-localeconv.o)
                0x0001a10c                _localeconv_r
 .text._malloc_r
                0x0001a128      0x554 c:/nxp/mcuxpressoide_10.0.2_411/ide/tools/bin/../lib/gcc/arm-none-eabi/5.4.1/../../../../arm-none-eabi/lib/armv6-m\libc.a(lib_a-mallocr.o)
                0x0001a128                _malloc_r
 .text.memchr   0x0001a67c       0x90 c:/nxp/mcuxpressoide_10.0.2_411/ide/tools/bin/../lib/gcc/arm-none-eabi/5.4.1/../../../../arm-none-eabi/lib/armv6-m\libc.a(lib_a-memchr-stub.o)
                0x0001a67c                memchr
 .text.memcmp   0x0001a70c       0x50 c:/nxp/mcuxpressoide_10.0.2_411/ide/tools/bin/../lib/gcc/arm-none-eabi/5.4.1/../../../../arm-none-eabi/lib/armv6-m\libc.a(lib_a-memcmp.o)
                0x0001a70c                memcmp
 .text.__malloc_lock
                0x0001a75c        0x4 c:/nxp/mcuxpressoide_10.0.2_411/ide/tools/bin/../lib/gcc/arm-none-eabi/5.4.1/../../../../arm-none-eabi/lib/armv6-m\libc.a(lib_a-mlock.o)
                0x0001a75c                __malloc_lock
 .text.__malloc_unlock
                0x0001a760        0x4 c:/nxp/mcuxpressoide_10.0.2_411/ide/tools/bin/../lib/gcc/arm-none-eabi/5.4.1/../../../../arm-none-eabi/lib/armv6-m\libc.a(lib_a-mlock.o)
                0x0001a760                __malloc_unlock
 .text._Balloc  0x0001a764       0x50 c:/nxp/mcuxpressoide_10.0.2_411/ide/tools/bin/../lib/gcc/arm-none-eabi/5.4.1/../../../../arm-none-eabi/lib/armv6-m\libc.a(lib_a-mprec.o)
                0x0001a764                _Balloc
 .text._Bfree   0x0001a7b4       0x14 c:/nxp/mcuxpressoide_10.0.2_411/ide/tools/bin/../lib/gcc/arm-none-eabi/5.4.1/../../../../arm-none-eabi/lib/armv6-m\libc.a(lib_a-mprec.o)
                0x0001a7b4                _Bfree
 .text.__multadd
                0x0001a7c8       0x8c c:/nxp/mcuxpressoide_10.0.2_411/ide/tools/bin/../lib/gcc/arm-none-eabi/5.4.1/../../../../arm-none-eabi/lib/armv6-m\libc.a(lib_a-mprec.o)
                0x0001a7c8                __multadd
 .text.__hi0bits
                0x0001a854       0x3c c:/nxp/mcuxpressoide_10.0.2_411/ide/tools/bin/../lib/gcc/arm-none-eabi/5.4.1/../../../../arm-none-eabi/lib/armv6-m\libc.a(lib_a-mprec.o)
                0x0001a854                __hi0bits
 .text.__lo0bits
                0x0001a890       0x5c c:/nxp/mcuxpressoide_10.0.2_411/ide/tools/bin/../lib/gcc/arm-none-eabi/5.4.1/../../../../arm-none-eabi/lib/armv6-m\libc.a(lib_a-mprec.o)
                0x0001a890                __lo0bits
 .text.__i2b    0x0001a8ec       0x14 c:/nxp/mcuxpressoide_10.0.2_411/ide/tools/bin/../lib/gcc/arm-none-eabi/5.4.1/../../../../arm-none-eabi/lib/armv6-m\libc.a(lib_a-mprec.o)
                0x0001a8ec                __i2b
 .text.__multiply
                0x0001a900      0x15c c:/nxp/mcuxpressoide_10.0.2_411/ide/tools/bin/../lib/gcc/arm-none-eabi/5.4.1/../../../../arm-none-eabi/lib/armv6-m\libc.a(lib_a-mprec.o)
                0x0001a900                __multiply
 .text.__pow5mult
                0x0001aa5c       0xbc c:/nxp/mcuxpressoide_10.0.2_411/ide/tools/bin/../lib/gcc/arm-none-eabi/5.4.1/../../../../arm-none-eabi/lib/armv6-m\libc.a(lib_a-mprec.o)
                0x0001aa5c                __pow5mult
 .text.__lshift
                0x0001ab18       0xc0 c:/nxp/mcuxpressoide_10.0.2_411/ide/tools/bin/../lib/gcc/arm-none-eabi/5.4.1/../../../../arm-none-eabi/lib/armv6-m\libc.a(lib_a-mprec.o)
                0x0001ab18                __lshift
 .text.__mcmp   0x0001abd8       0x3c c:/nxp/mcuxpressoide_10.0.2_411/ide/tools/bin/../lib/gcc/arm-none-eabi/5.4.1/../../../../arm-none-eabi/lib/armv6-m\libc.a(lib_a-mprec.o)
                0x0001abd8                __mcmp
 .text.__mdiff  0x0001ac14      0x11c c:/nxp/mcuxpressoide_10.0.2_411/ide/tools/bin/../lib/gcc/arm-none-eabi/5.4.1/../../../../arm-none-eabi/lib/armv6-m\libc.a(lib_a-mprec.o)
                0x0001ac14                __mdiff
 .text.__d2b    0x0001ad30       0xbc c:/nxp/mcuxpressoide_10.0.2_411/ide/tools/bin/../lib/gcc/arm-none-eabi/5.4.1/../../../../arm-none-eabi/lib/armv6-m\libc.a(lib_a-mprec.o)
                0x0001ad30                __d2b
 .text._sbrk_r  0x0001adec       0x24 c:/nxp/mcuxpressoide_10.0.2_411/ide/tools/bin/../lib/gcc/arm-none-eabi/5.4.1/../../../../arm-none-eabi/lib/armv6-m\libc.a(lib_a-sbrkr.o)
                0x0001adec                _sbrk_r
 .text.__ssprint_r
                0x0001ae10      0x130 c:/nxp/mcuxpressoide_10.0.2_411/ide/tools/bin/../lib/gcc/arm-none-eabi/5.4.1/../../../../arm-none-eabi/lib/armv6-m\libc.a(lib_a-svfiprintf.o)
                0x0001ae10                __ssprint_r
 .text.__register_exitproc
                0x0001af40       0xd4 c:/nxp/mcuxpressoide_10.0.2_411/ide/tools/bin/../lib/gcc/arm-none-eabi/5.4.1/../../../../arm-none-eabi/lib/armv6-m\libc.a(lib_a-__atexit.o)
                0x0001af40                __register_exitproc
 .text._calloc_r
                0x0001b014       0x60 c:/nxp/mcuxpressoide_10.0.2_411/ide/tools/bin/../lib/gcc/arm-none-eabi/5.4.1/../../../../arm-none-eabi/lib/armv6-m\libc.a(lib_a-callocr.o)
                0x0001b014                _calloc_r
 .text._malloc_trim_r
                0x0001b074       0xa0 c:/nxp/mcuxpressoide_10.0.2_411/ide/tools/bin/../lib/gcc/arm-none-eabi/5.4.1/../../../../arm-none-eabi/lib/armv6-m\libc.a(lib_a-freer.o)
                0x0001b074                _malloc_trim_r
 .text._free_r  0x0001b114      0x1c4 c:/nxp/mcuxpressoide_10.0.2_411/ide/tools/bin/../lib/gcc/arm-none-eabi/5.4.1/../../../../arm-none-eabi/lib/armv6-m\libc.a(lib_a-freer.o)
                0x0001b114                _free_r
 .text.__ascii_mbtowc
                0x0001b2d8       0x2c c:/nxp/mcuxpressoide_10.0.2_411/ide/tools/bin/../lib/gcc/arm-none-eabi/5.4.1/../../../../arm-none-eabi/lib/armv6-m\libc.a(lib_a-mbtowc_r.o)
                0x0001b2d8                __ascii_mbtowc
 .text.memmove  0x0001b304       0x98 c:/nxp/mcuxpressoide_10.0.2_411/ide/tools/bin/../lib/gcc/arm-none-eabi/5.4.1/../../../../arm-none-eabi/lib/armv6-m\libc.a(lib_a-memmove.o)
                0x0001b304                memmove
 .text._realloc_r
                0x0001b39c      0x3dc c:/nxp/mcuxpressoide_10.0.2_411/ide/tools/bin/../lib/gcc/arm-none-eabi/5.4.1/../../../../arm-none-eabi/lib/armv6-m\libc.a(lib_a-reallocr.o)
                0x0001b39c                _realloc_r
 .text.__ascii_wctomb
                0x0001b778       0x1c c:/nxp/mcuxpressoide_10.0.2_411/ide/tools/bin/../lib/gcc/arm-none-eabi/5.4.1/../../../../arm-none-eabi/lib/armv6-m\libc.a(lib_a-wctomb_r.o)
                0x0001b778                __ascii_wctomb
 .text._sbrk    0x0001b794       0x1c c:/nxp/mcuxpressoide_10.0.2_411/ide/tools/bin/../lib/gcc/arm-none-eabi/5.4.1/../../../../arm-none-eabi/lib/armv6-m\libnosys.a(sbrk.o)
                0x0001b794                _sbrk
 .text._exit    0x0001b7b0        0x4 c:/nxp/mcuxpressoide_10.0.2_411/ide/tools/bin/../lib/gcc/arm-none-eabi/5.4.1/../../../../arm-none-eabi/lib/armv6-m\libnosys.a(_exit.o)
                0x0001b7b0                _exit
 *(.rodata)
 .rodata        0x0001b7b4       0x24 ./source/gen_fsk_tests.o
 .rodata        0x0001b7d8     0x122b ./source/menus.o
 *fill*         0x0001ca03        0x1 
 .rodata        0x0001ca04      0x318 ./source/ppp-blinky.o
 .rodata        0x0001cd1c        0xc ./genfsk/genfsk_ll.o
 .rodata        0x0001cd28       0x15 ./genfsk/genfsk_utils.o
 *fill*         0x0001cd3d        0x3 
 .rodata        0x0001cd40       0x18 ./freertos/tasks.o
                0x0001cd48                FreeRTOSDebugConfig
 .rodata        0x0001cd58        0xd ./freertos/timers.o
 *fill*         0x0001cd65        0x3 
 .rodata        0x0001cd68       0x18 ./framework/XCVR/MKW41Z4/fsl_xcvr.o
 .rodata        0x0001cd80        0xe ./framework/TimersManager/Source/TimersManager.o
 *fill*         0x0001cd8e        0x2 
 .rodata        0x0001cd90       0x12 ./framework/SerialManager/Source/SerialManager.o
 *fill*         0x0001cda2        0x2 
 .rodata        0x0001cda4        0xd ./framework/OSAbstraction/Source/fsl_os_abstraction_free_rtos.o
 *fill*         0x0001cdb1        0x3 
 .rodata        0x0001cdb4       0x1e ./framework/ModuleInfo/ModuleInfo.o
 *fill*         0x0001cdd2        0x2 
 .rodata        0x0001cdd4       0x56 ./framework/GPIO/GPIO_Adapter.o
 *fill*         0x0001ce2a        0x2 
 .rodata        0x0001ce2c       0x6b ./framework/DCDC/Source/DCDC.o
 *fill*         0x0001ce97        0x1 
 .rodata        0x0001ce98      0x13a ./drivers/fsl_adc16.o
 *fill*         0x0001cfd2        0x2 
 .rodata        0x0001cfd4       0xd9 ./drivers/fsl_clock.o
 *fill*         0x0001d0ad        0x3 
 .rodata        0x0001d0b0        0x4 ./drivers/fsl_common.o
 .rodata        0x0001d0b4      0x46d ./drivers/fsl_dspi.o
 *fill*         0x0001d521        0x3 
 .rodata        0x0001d524       0xc7 ./drivers/fsl_gpio.o
 *fill*         0x0001d5eb        0x1 
 .rodata        0x0001d5ec      0x4da ./drivers/fsl_lpuart.o
 *fill*         0x0001dac6        0x2 
 .rodata        0x0001dac8      0x473 ./drivers/fsl_tpm.o
 *fill*         0x0001df3b        0x1 
 .rodata        0x0001df3c       0x40 ./drivers/fsl_trng.o
 .rodata        0x0001df7c       0x80 c:/nxp/mcuxpressoide_10.0.2_411/ide/tools/bin/../lib/gcc/arm-none-eabi/5.4.1/armv6-m\libgcc.a(divsf3.o)
 .rodata        0x0001dffc       0x40 c:/nxp/mcuxpressoide_10.0.2_411/ide/tools/bin/../lib/gcc/arm-none-eabi/5.4.1/armv6-m\libgcc.a(mulsf3.o)
 .rodata        0x0001e03c       0x40 c:/nxp/mcuxpressoide_10.0.2_411/ide/tools/bin/../lib/gcc/arm-none-eabi/5.4.1/armv6-m\libgcc.a(divdf3.o)
 .rodata        0x0001e07c       0x40 c:/nxp/mcuxpressoide_10.0.2_411/ide/tools/bin/../lib/gcc/arm-none-eabi/5.4.1/armv6-m\libgcc.a(muldf3.o)
 *(.rodata*)
 .rodata.cu8PerTxMessages
                0x0001e0bc       0x1c ./source/menus.o
                0x0001e0bc                cu8PerTxMessages
 .rodata.rootWebPage
                0x0001e0d8      0x285 ./source/ppp-blinky.o
 *fill*         0x0001e35d        0x3 
 .rodata.webSocketPage
                0x0001e360      0x258 ./source/ppp-blinky.o
 .rodata.lut    0x0001e5b8       0x42 ./source/ppp-blinky.o
 *fill*         0x0001e5fa        0x2 
 .rodata.tcpHandler
                0x0001e5fc       0x68 ./source/ppp-blinky.o
 .rodata.mDefaultRadioConfig
                0x0001e664        0x2 ./genfsk/genfsk_ll.o
 *fill*         0x0001e666        0x2 
 .rodata.mDefaultPacketConfig
                0x0001e668       0x10 ./genfsk/genfsk_ll.o
 .rodata.mDefaultCrcConfig
                0x0001e678       0x14 ./genfsk/genfsk_ll.o
 .rodata.mDefaultWhitenerConfig
                0x0001e68c       0x12 ./genfsk/genfsk_ll.o
 *fill*         0x0001e69e        0x2 
 .rodata.GENFSK_RadioConfig
                0x0001e6a0       0x20 ./genfsk/genfsk_ll.o
 .rodata.GENFSK_StartTx
                0x0001e6c0       0x18 ./genfsk/genfsk_ll.o
 .rodata.GENFSK_SwitchToInstance
                0x0001e6d8       0x1c ./genfsk/genfsk_utils.o
 .rodata.prvProcessReceivedCommands
                0x0001e6f4       0x28 ./freertos/timers.o
 .rodata.ant_mode_config
                0x0001e71c       0x48 ./framework/XCVR/MKW41Z4/cfgs_kw4x_3x_2x/fsl_xcvr_ant_config.o
                0x0001e71c                ant_mode_config
 .rodata.xcvr_ANT_1mbps_config
                0x0001e764       0x68 ./framework/XCVR/MKW41Z4/cfgs_kw4x_3x_2x/fsl_xcvr_ant_config.o
                0x0001e764                xcvr_ANT_1mbps_config
 .rodata.ble_mode_config
                0x0001e7cc       0x48 ./framework/XCVR/MKW41Z4/cfgs_kw4x_3x_2x/fsl_xcvr_ble_config.o
                0x0001e7cc                ble_mode_config
 .rodata.xcvr_BLE_1mbps_config
                0x0001e814       0x68 ./framework/XCVR/MKW41Z4/cfgs_kw4x_3x_2x/fsl_xcvr_ble_config.o
                0x0001e814                xcvr_BLE_1mbps_config
 .rodata.xcvr_common_config
                0x0001e87c      0x23c ./framework/XCVR/MKW41Z4/cfgs_kw4x_3x_2x/fsl_xcvr_common_config.o
                0x0001e87c                xcvr_common_config
 .rodata.gfsk_bt_0p3_h_0p5_mode_config
                0x0001eab8       0x48 ./framework/XCVR/MKW41Z4/cfgs_kw4x_3x_2x/fsl_xcvr_gfsk_bt_0p3_h_0p5_config.o
                0x0001eab8                gfsk_bt_0p3_h_0p5_mode_config
 .rodata.xcvr_GFSK_BT_0p3_h_0p5_1mbps_config
                0x0001eb00       0x68 ./framework/XCVR/MKW41Z4/cfgs_kw4x_3x_2x/fsl_xcvr_gfsk_bt_0p3_h_0p5_config.o
                0x0001eb00                xcvr_GFSK_BT_0p3_h_0p5_1mbps_config
 .rodata.xcvr_GFSK_BT_0p3_h_0p5_500kbps_config
                0x0001eb68       0x68 ./framework/XCVR/MKW41Z4/cfgs_kw4x_3x_2x/fsl_xcvr_gfsk_bt_0p3_h_0p5_config.o
                0x0001eb68                xcvr_GFSK_BT_0p3_h_0p5_500kbps_config
 .rodata.xcvr_GFSK_BT_0p3_h_0p5_250kbps_config
                0x0001ebd0       0x68 ./framework/XCVR/MKW41Z4/cfgs_kw4x_3x_2x/fsl_xcvr_gfsk_bt_0p3_h_0p5_config.o
                0x0001ebd0                xcvr_GFSK_BT_0p3_h_0p5_250kbps_config
 .rodata.gfsk_bt_0p5_h_0p32_mode_config
                0x0001ec38       0x48 ./framework/XCVR/MKW41Z4/cfgs_kw4x_3x_2x/fsl_xcvr_gfsk_bt_0p5_h_0p32_config.o
                0x0001ec38                gfsk_bt_0p5_h_0p32_mode_config
 .rodata.xcvr_GFSK_BT_0p5_h_0p32_1mbps_config
                0x0001ec80       0x68 ./framework/XCVR/MKW41Z4/cfgs_kw4x_3x_2x/fsl_xcvr_gfsk_bt_0p5_h_0p32_config.o
                0x0001ec80                xcvr_GFSK_BT_0p5_h_0p32_1mbps_config
 .rodata.xcvr_GFSK_BT_0p5_h_0p32_500kbps_config
                0x0001ece8       0x68 ./framework/XCVR/MKW41Z4/cfgs_kw4x_3x_2x/fsl_xcvr_gfsk_bt_0p5_h_0p32_config.o
                0x0001ece8                xcvr_GFSK_BT_0p5_h_0p32_500kbps_config
 .rodata.xcvr_GFSK_BT_0p5_h_0p32_250kbps_config
                0x0001ed50       0x68 ./framework/XCVR/MKW41Z4/cfgs_kw4x_3x_2x/fsl_xcvr_gfsk_bt_0p5_h_0p32_config.o
                0x0001ed50                xcvr_GFSK_BT_0p5_h_0p32_250kbps_config
 .rodata.gfsk_bt_0p5_h_0p5_mode_config
                0x0001edb8       0x48 ./framework/XCVR/MKW41Z4/cfgs_kw4x_3x_2x/fsl_xcvr_gfsk_bt_0p5_h_0p5_config.o
                0x0001edb8                gfsk_bt_0p5_h_0p5_mode_config
 .rodata.xcvr_GFSK_BT_0p5_h_0p5_1mbps_config
                0x0001ee00       0x68 ./framework/XCVR/MKW41Z4/cfgs_kw4x_3x_2x/fsl_xcvr_gfsk_bt_0p5_h_0p5_config.o
                0x0001ee00                xcvr_GFSK_BT_0p5_h_0p5_1mbps_config
 .rodata.xcvr_GFSK_BT_0p5_h_0p5_500kbps_config
                0x0001ee68       0x68 ./framework/XCVR/MKW41Z4/cfgs_kw4x_3x_2x/fsl_xcvr_gfsk_bt_0p5_h_0p5_config.o
                0x0001ee68                xcvr_GFSK_BT_0p5_h_0p5_500kbps_config
 .rodata.xcvr_GFSK_BT_0p5_h_0p5_250kbps_config
                0x0001eed0       0x68 ./framework/XCVR/MKW41Z4/cfgs_kw4x_3x_2x/fsl_xcvr_gfsk_bt_0p5_h_0p5_config.o
                0x0001eed0                xcvr_GFSK_BT_0p5_h_0p5_250kbps_config
 .rodata.gfsk_bt_0p5_h_0p7_mode_config
                0x0001ef38       0x48 ./framework/XCVR/MKW41Z4/cfgs_kw4x_3x_2x/fsl_xcvr_gfsk_bt_0p5_h_0p7_config.o
                0x0001ef38                gfsk_bt_0p5_h_0p7_mode_config
 .rodata.xcvr_GFSK_BT_0p5_h_0p7_1mbps_config
                0x0001ef80       0x68 ./framework/XCVR/MKW41Z4/cfgs_kw4x_3x_2x/fsl_xcvr_gfsk_bt_0p5_h_0p7_config.o