Archive member included to satisfy reference by file (symbol)

c:/nxp/mcuxpressoide_10.0.2_411/ide/tools/bin/../lib/gcc/arm-none-eabi/5.4.1/../../../../arm-none-eabi/lib/armv6-m\libm.a(lib_a-s_round.o)
                              ./framework/XCVR/MKW41Z4/fsl_xcvr.o (round)
c:/nxp/mcuxpressoide_10.0.2_411/ide/tools/bin/../lib/gcc/arm-none-eabi/5.4.1/../../../../arm-none-eabi/lib/armv6-m\libm.a(lib_a-s_trunc.o)
                              ./framework/XCVR/MKW41Z4/fsl_xcvr.o (trunc)
c:/nxp/mcuxpressoide_10.0.2_411/ide/tools/bin/../lib/gcc/arm-none-eabi/5.4.1/../../../../arm-none-eabi/lib/armv6-m\libm.a(lib_a-sf_round.o)
                              ./framework/XCVR/MKW41Z4/fsl_xcvr_trim.o (roundf)
c:/nxp/mcuxpressoide_10.0.2_411/ide/tools/bin/../lib/gcc/arm-none-eabi/5.4.1/../../../../arm-none-eabi/lib/armv6-m\libc.a(lib_a-exit.o)
                              c:/nxp/mcuxpressoide_10.0.2_411/ide/tools/bin/../lib/gcc/arm-none-eabi/5.4.1/../../../../arm-none-eabi/lib/armv6-m/crt0.o (exit)
c:/nxp/mcuxpressoide_10.0.2_411/ide/tools/bin/../lib/gcc/arm-none-eabi/5.4.1/../../../../arm-none-eabi/lib/armv6-m\libc.a(lib_a-impure.o)
                              c:/nxp/mcuxpressoide_10.0.2_411/ide/tools/bin/../lib/gcc/arm-none-eabi/5.4.1/../../../../arm-none-eabi/lib/armv6-m\libc.a(lib_a-exit.o) (_global_impure_ptr)
c:/nxp/mcuxpressoide_10.0.2_411/ide/tools/bin/../lib/gcc/arm-none-eabi/5.4.1/../../../../arm-none-eabi/lib/armv6-m\libc.a(lib_a-init.o)
                              c:/nxp/mcuxpressoide_10.0.2_411/ide/tools/bin/../lib/gcc/arm-none-eabi/5.4.1/../../../../arm-none-eabi/lib/armv6-m/crt0.o (__libc_init_array)
c:/nxp/mcuxpressoide_10.0.2_411/ide/tools/bin/../lib/gcc/arm-none-eabi/5.4.1/../../../../arm-none-eabi/lib/armv6-m\libc.a(lib_a-memcpy-stub.o)
                              ./source/ppp-webserver.o (memcpy)
c:/nxp/mcuxpressoide_10.0.2_411/ide/tools/bin/../lib/gcc/arm-none-eabi/5.4.1/../../../../arm-none-eabi/lib/armv6-m\libc.a(lib_a-memset.o)
                              c:/nxp/mcuxpressoide_10.0.2_411/ide/tools/bin/../lib/gcc/arm-none-eabi/5.4.1/../../../../arm-none-eabi/lib/armv6-m/crt0.o (memset)
c:/nxp/mcuxpressoide_10.0.2_411/ide/tools/bin/../lib/gcc/arm-none-eabi/5.4.1/../../../../arm-none-eabi/lib/armv6-m\libc.a(lib_a-snprintf.o)
                              ./source/ppp-webserver.o (snprintf)
c:/nxp/mcuxpressoide_10.0.2_411/ide/tools/bin/../lib/gcc/arm-none-eabi/5.4.1/../../../../arm-none-eabi/lib/armv6-m\libc.a(lib_a-sprintf.o)
                              ./source/ppp-webserver.o (sprintf)
c:/nxp/mcuxpressoide_10.0.2_411/ide/tools/bin/../lib/gcc/arm-none-eabi/5.4.1/../../../../arm-none-eabi/lib/armv6-m\libc.a(lib_a-strlen-stub.o)
                              ./utilities/fsl_debug_console.o (strlen)
c:/nxp/mcuxpressoide_10.0.2_411/ide/tools/bin/../lib/gcc/arm-none-eabi/5.4.1/../../../../arm-none-eabi/lib/armv6-m\libc.a(lib_a-strncmp.o)
                              ./source/ppp-webserver.o (strncmp)
c:/nxp/mcuxpressoide_10.0.2_411/ide/tools/bin/../lib/gcc/arm-none-eabi/5.4.1/../../../../arm-none-eabi/lib/armv6-m\libc.a(lib_a-strstr.o)
                              ./source/ppp-webserver.o (strstr)
c:/nxp/mcuxpressoide_10.0.2_411/ide/tools/bin/../lib/gcc/arm-none-eabi/5.4.1/../../../../arm-none-eabi/lib/armv6-m\libc.a(lib_a-svfprintf.o)
                              c:/nxp/mcuxpressoide_10.0.2_411/ide/tools/bin/../lib/gcc/arm-none-eabi/5.4.1/../../../../arm-none-eabi/lib/armv6-m\libc.a(lib_a-snprintf.o) (_svfprintf_r)
c:/nxp/mcuxpressoide_10.0.2_411/ide/tools/bin/../lib/gcc/arm-none-eabi/5.4.1/../../../../arm-none-eabi/lib/armv6-m\libc.a(lib_a-__call_atexit.o)
                              c:/nxp/mcuxpressoide_10.0.2_411/ide/tools/bin/../lib/gcc/arm-none-eabi/5.4.1/../../../../arm-none-eabi/lib/armv6-m\libc.a(lib_a-exit.o) (__call_exitprocs)
c:/nxp/mcuxpressoide_10.0.2_411/ide/tools/bin/../lib/gcc/arm-none-eabi/5.4.1/../../../../arm-none-eabi/lib/armv6-m\libc.a(lib_a-atexit.o)
                              c:/nxp/mcuxpressoide_10.0.2_411/ide/tools/bin/../lib/gcc/arm-none-eabi/5.4.1/../../../../arm-none-eabi/lib/armv6-m\libc.a(lib_a-__call_atexit.o) (atexit)
c:/nxp/mcuxpressoide_10.0.2_411/ide/tools/bin/../lib/gcc/arm-none-eabi/5.4.1/../../../../arm-none-eabi/lib/armv6-m\libc.a(lib_a-dtoa.o)
                              c:/nxp/mcuxpressoide_10.0.2_411/ide/tools/bin/../lib/gcc/arm-none-eabi/5.4.1/../../../../arm-none-eabi/lib/armv6-m\libc.a(lib_a-svfprintf.o) (_dtoa_r)
c:/nxp/mcuxpressoide_10.0.2_411/ide/tools/bin/../lib/gcc/arm-none-eabi/5.4.1/../../../../arm-none-eabi/lib/armv6-m\libc.a(lib_a-fini.o)
                              c:/nxp/mcuxpressoide_10.0.2_411/ide/tools/bin/../lib/gcc/arm-none-eabi/5.4.1/../../../../arm-none-eabi/lib/armv6-m\libc.a(lib_a-__call_atexit.o) (__libc_fini_array)
c:/nxp/mcuxpressoide_10.0.2_411/ide/tools/bin/../lib/gcc/arm-none-eabi/5.4.1/../../../../arm-none-eabi/lib/armv6-m\libc.a(lib_a-localeconv.o)
[...]
Memory Configuration

Name             Origin             Length             Attributes
TEXT_region1     0x00000000         0x00000400         xr
m_flash_config_region 0x00000400         0x00000010         xr
TEXT_region2     0x00000411         0x0007f3ee         xr
DATA_region      0x1fff8000         0x00020000         rw
PRODUCT_INFO_region 0x0007f800         0x000007ff         xr
*default*        0x00000000         0xffffffff

Linker script and memory map

LOAD c:/nxp/mcuxpressoide_10.0.2_411/ide/tools/bin/../lib/gcc/arm-none-eabi/5.4.1/armv6-m/crti.o
LOAD c:/nxp/mcuxpressoide_10.0.2_411/ide/tools/bin/../lib/gcc/arm-none-eabi/5.4.1/armv6-m/crtbegin.o
LOAD c:/nxp/mcuxpressoide_10.0.2_411/ide/tools/bin/../lib/gcc/arm-none-eabi/5.4.1/../../../../arm-none-eabi/lib/armv6-m/crt0.o
LOAD ./utilities/fsl_debug_console.o
LOAD ./startup/startup_MKW41Z4.o
LOAD ./source/genfsk.o
LOAD ./source/led_radio.o
LOAD ./source/ppp-webserver.o
LOAD ./source/sha1.o
LOAD ./genfsk/genfsk_isr.o
LOAD ./genfsk/genfsk_ll.o
LOAD ./genfsk/genfsk_time.o
LOAD ./genfsk/genfsk_utils.o
LOAD ./freertos/croutine.o
LOAD ./freertos/event_groups.o
LOAD ./freertos/fsl_tickless_lptmr.o
LOAD ./freertos/fsl_tickless_systick.o
LOAD ./freertos/heap_4.o
LOAD ./freertos/list.o
LOAD ./freertos/port.o
LOAD ./freertos/queue.o
LOAD ./freertos/tasks.o
LOAD ./freertos/timers.o
LOAD ./framework/XCVR/MKW41Z4/cfgs_kw4x_3x_2x/fsl_xcvr_ant_config.o
LOAD ./framework/XCVR/MKW41Z4/cfgs_kw4x_3x_2x/fsl_xcvr_ble_config.o
LOAD ./framework/XCVR/MKW41Z4/cfgs_kw4x_3x_2x/fsl_xcvr_common_config.o
LOAD ./framework/XCVR/MKW41Z4/cfgs_kw4x_3x_2x/fsl_xcvr_gfsk_bt_0p3_h_0p5_config.o
LOAD ./framework/XCVR/MKW41Z4/cfgs_kw4x_3x_2x/fsl_xcvr_gfsk_bt_0p5_h_0p32_config.o
LOAD ./framework/XCVR/MKW41Z4/cfgs_kw4x_3x_2x/fsl_xcvr_gfsk_bt_0p5_h_0p5_config.o
LOAD ./framework/XCVR/MKW41Z4/cfgs_kw4x_3x_2x/fsl_xcvr_gfsk_bt_0p5_h_0p7_config.o
LOAD ./framework/XCVR/MKW41Z4/cfgs_kw4x_3x_2x/fsl_xcvr_gfsk_bt_0p5_h_1p0_config.o
LOAD ./framework/XCVR/MKW41Z4/cfgs_kw4x_3x_2x/fsl_xcvr_gfsk_bt_0p7_h_0p5_config.o
LOAD ./framework/XCVR/MKW41Z4/cfgs_kw4x_3x_2x/fsl_xcvr_mode_datarate_config.o
LOAD ./framework/XCVR/MKW41Z4/cfgs_kw4x_3x_2x/fsl_xcvr_msk_config.o
LOAD ./framework/XCVR/MKW41Z4/cfgs_kw4x_3x_2x/fsl_xcvr_zgbe_config.o
LOAD ./framework/XCVR/MKW41Z4/XCVR_Test/xcvr_test_fsk.o
LOAD ./framework/XCVR/MKW41Z4/dbg_ram_capture.o
LOAD ./framework/XCVR/MKW41Z4/fsl_xcvr.o
LOAD ./framework/XCVR/MKW41Z4/fsl_xcvr_trim.o
LOAD ./framework/XCVR/MKW41Z4/ifr_radio.o
LOAD ./framework/TimersManager/Source/TMR_Adapter.o
LOAD ./framework/TimersManager/Source/TimersManager.o
LOAD ./framework/SerialManager/Source/UART_Adapter/UART_Adapter.o
LOAD ./framework/SerialManager/Source/SPI_Adapter/SPI_Adapter.o
LOAD ./framework/SerialManager/Source/I2C_Adapter/I2C_Adapter.o
LOAD ./framework/SerialManager/Source/SerialManager.o
LOAD ./framework/SecLib/SecLib.o
LOAD ./framework/Reset/Reset.o
LOAD ./framework/RNG/Source/RNG.o
LOAD ./framework/Panic/Source/Panic.o
LOAD ./framework/OSAbstraction/Source/fsl_os_abstraction_free_rtos.o
LOAD ./framework/ModuleInfo/ModuleInfo.o
LOAD ./framework/Messaging/Source/Messaging.o
LOAD ./framework/MemManager/Source/MemManager.o
LOAD ./framework/MWSCoexistence/Source/MWS.o
LOAD ./framework/LowPower/Source/MKW41Z/PWR.o
LOAD ./framework/LowPower/Source/MKW41Z/PWRLib.o
LOAD ./framework/Lists/GenericList.o
LOAD ./framework/LED/Source/LED.o
LOAD ./framework/Keyboard/Source/Keyboard.o
LOAD ./framework/GPIO/GPIO_Adapter.o
LOAD ./framework/FunctionLib/FunctionLib.o
LOAD ./framework/Flash/Internal/Flash_Adapter.o
LOAD ./framework/DCDC/Source/DCDC.o
LOAD ./drivers/fsl_adc16.o
LOAD ./drivers/fsl_clock.o
LOAD ./drivers/fsl_common.o
LOAD ./drivers/fsl_dspi.o
LOAD ./drivers/fsl_dspi_freertos.o
LOAD ./drivers/fsl_flash.o
LOAD ./drivers/fsl_gpio.o
LOAD ./drivers/fsl_i2c.o
LOAD ./drivers/fsl_i2c_freertos.o
LOAD ./drivers/fsl_llwu.o
LOAD ./drivers/fsl_lptmr.o
LOAD ./drivers/fsl_lpuart.o
LOAD ./drivers/fsl_lpuart_freertos.o
LOAD ./drivers/fsl_ltc.o
LOAD ./drivers/fsl_pmc.o
LOAD ./drivers/fsl_rtc.o
LOAD ./drivers/fsl_smc.o
LOAD ./drivers/fsl_tpm.o
LOAD ./drivers/fsl_trng.o
LOAD ./board/board.o
LOAD ./board/clock_config.o
LOAD ./board/gpio_pins.o
LOAD ./board/pin_mux.o
LOAD ./CMSIS/system_MKW41Z4.o
LOAD c:/nxp/mcuxpressoide_10.0.2_411/ide/tools/bin/../lib/gcc/arm-none-eabi/5.4.1/../../../../arm-none-eabi/lib/armv6-m\libm.a
LOAD c:/nxp/mcuxpressoide_10.0.2_411/ide/tools/bin/../lib/gcc/arm-none-eabi/5.4.1/../../../../arm-none-eabi/lib/armv6-m\libc.a
LOAD c:/nxp/mcuxpressoide_10.0.2_411/ide/tools/bin/../lib/gcc/arm-none-eabi/5.4.1/armv6-m\libgcc.a
LOAD c:/nxp/mcuxpressoide_10.0.2_411/ide/tools/bin/../lib/gcc/arm-none-eabi/5.4.1/../../../../arm-none-eabi/lib/armv6-m\libnosys.a
LOAD C:\Users\Samuel Mott\Documents\RTSLab2\genfsk Example\libs\lib_crypto_m0.a
START GROUP
LOAD c:/nxp/mcuxpressoide_10.0.2_411/ide/tools/bin/../lib/gcc/arm-none-eabi/5.4.1/armv6-m\libgcc.a
LOAD c:/nxp/mcuxpressoide_10.0.2_411/ide/tools/bin/../lib/gcc/arm-none-eabi/5.4.1/../../../../arm-none-eabi/lib/armv6-m\libc.a
END GROUP
LOAD c:/nxp/mcuxpressoide_10.0.2_411/ide/tools/bin/../lib/gcc/arm-none-eabi/5.4.1/armv6-m/crtend.o
LOAD c:/nxp/mcuxpressoide_10.0.2_411/ide/tools/bin/../lib/gcc/arm-none-eabi/5.4.1/armv6-m/crtn.o
                0x1fff8000                _RAM_START_ = 0x1fff8000
                0x20017fff                _RAM_END_ = 0x20017fff
                0x0007f800                FREESCALE_PROD_DATA_BASE_ADDR = 0x7f800
                0x000000c0                __RAM_VECTOR_TABLE_SIZE = 0xc0
                0x20017dea                __BOOT_STACK_ADDRESS = 0x20017dea
                0x1ffffffb                __dummy_start = 0x1ffffffb

.interrupts     0x00000000       0xc0
                0x00000000                __VECTOR_TABLE = .
                0x00000000                . = ALIGN (0x4)
 *(.isr_vector)
 .isr_vector    0x00000000       0xc0 ./startup/startup_MKW41Z4.o
                0x00000000                __isr_vector
                0x000000c0                . = ALIGN (0x4)

.freescale_prod_data
                0x0007f800        0x0
                0x0007f800                . = ALIGN (0x4)
 *(.FREESCALE_PROD_DATA)
                0x0007f800                . = ALIGN (0x4)

.flash_config   0x00000400       0x10
                0x00000400                . = ALIGN (0x4)
 *(.FlashConfig)
 .FlashConfig   0x00000400       0x10 ./startup/startup_MKW41Z4.o
                0x00000410                . = ALIGN (0x4)

.text           0x00000420    0x1bd7c
                0x00000420                . = ALIGN (0x4)
 *(.text)
 .text          0x00000420       0x60 c:/nxp/mcuxpressoide_10.0.2_411/ide/tools/bin/../lib/gcc/arm-none-eabi/5.4.1/armv6-m/crtbegin.o
 .text          0x00000480       0x78 c:/nxp/mcuxpressoide_10.0.2_411/ide/tools/bin/../lib/gcc/arm-none-eabi/5.4.1/../../../../arm-none-eabi/lib/armv6-m/crt0.o
                0x00000480                _start
                0x00000480                _mainCRTStartup
 .text          0x000004f8       0xc0 ./startup/startup_MKW41Z4.o
                0x000004f8                Reset_Handler
                0x00000540                Radio_0_IRQHandler
                0x00000540                DMA0_DriverIRQHandler
                0x00000540                CMP0_IRQHandler
                0x00000540                DMA2_DriverIRQHandler
                0x00000540                LPTMR0_IRQHandler
                0x00000540                TPM0_IRQHandler
                0x00000540                Radio_1_IRQHandler
                0x00000540                LLWU_IRQHandler
                0x00000540                TSI0_IRQHandler
                0x00000540                ADC0_IRQHandler
                0x00000540                CMT_IRQHandler
                0x00000540                FTFA_IRQHandler
                0x00000540                DefaultISR
                0x00000540                PORTB_PORTC_IRQHandler
                0x00000540                TPM2_IRQHandler
                0x00000540                RTC_IRQHandler
                0x00000540                LVD_LVW_DCDC_IRQHandler
                0x00000540                DMA3_DriverIRQHandler
                0x00000540                RTC_Seconds_IRQHandler
                0x00000540                MCG_IRQHandler
                0x00000540                TRNG0_IRQHandler
                0x00000540                Reserved20_IRQHandler
                0x00000540                LTC0_IRQHandler
                0x00000540                PIT_IRQHandler
                0x00000540                DMA1_DriverIRQHandler
                0x00000540                PORTA_IRQHandler
                0x00000540                TPM1_IRQHandler
                0x00000540                DAC0_IRQHandler
                0x00000548                HardFault_Handler
                0x00000558                DMA0_IRQHandler
                0x0000055c                DMA1_IRQHandler
                0x00000560                DMA2_IRQHandler
                0x00000564                DMA3_IRQHandler
                0x00000568                I2C0_IRQHandler
                0x0000056c                I2C1_IRQHandler
                0x00000570                SPI0_IRQHandler
                0x00000574                LPUART0_IRQHandler
                0x00000578                SPI1_IRQHandler
 .text          0x000005b8      0x114 c:/nxp/mcuxpressoide_10.0.2_411/ide/tools/bin/../lib/gcc/arm-none-eabi/5.4.1/armv6-m\libgcc.a(_udivsi3.o)
                0x000005b8                __aeabi_uidiv
                0x000005b8                __udivsi3
                0x000006c4                __aeabi_uidivmod
 .text          0x000006cc      0x1d4 c:/nxp/mcuxpressoide_10.0.2_411/ide/tools/bin/../lib/gcc/arm-none-eabi/5.4.1/armv6-m\libgcc.a(_divsi3.o)
                0x000006cc                __divsi3
                0x000006cc                __aeabi_idiv
                0x00000898                __aeabi_idivmod
 .text          0x000008a0        0x4 c:/nxp/mcuxpressoide_10.0.2_411/ide/tools/bin/../lib/gcc/arm-none-eabi/5.4.1/armv6-m\libgcc.a(_dvmd_tls.o)
                0x000008a0                __aeabi_idiv0
                0x000008a0                __aeabi_ldiv0
 .text          0x000008a4       0x7c c:/nxp/mcuxpressoide_10.0.2_411/ide/tools/bin/../lib/gcc/arm-none-eabi/5.4.1/armv6-m\libgcc.a(_arm_cmpdf2.o)
                0x000008a4                __aeabi_cdrcmple
                0x000008b4                __aeabi_cdcmple
                0x000008b4                __aeabi_cdcmpeq
                0x000008c4                __aeabi_dcmpeq
                0x000008d0                __aeabi_dcmplt
                0x000008e4                __aeabi_dcmple
                0x000008f8                __aeabi_dcmpgt
                0x0000090c                __aeabi_dcmpge
 .text          0x00000920       0x74 c:/nxp/mcuxpressoide_10.0.2_411/ide/tools/bin/../lib/gcc/arm-none-eabi/5.4.1/armv6-m\libgcc.a(_arm_cmpsf2.o)
                0x00000920                __aeabi_cfrcmple
                0x00000928                __aeabi_cfcmpeq
                0x00000928                __aeabi_cfcmple
                0x00000938                __aeabi_fcmpeq
                0x00000944                __aeabi_fcmplt
                0x00000958                __aeabi_fcmple
                0x0000096c                __aeabi_fcmpgt
                0x00000980                __aeabi_fcmpge
 .text          0x00000994       0x40 c:/nxp/mcuxpressoide_10.0.2_411/ide/tools/bin/../lib/gcc/arm-none-eabi/5.4.1/armv6-m\libgcc.a(_aeabi_uldivmod.o)
                0x00000994                __aeabi_uldivmod
 .text          0x000009d4       0x58 c:/nxp/mcuxpressoide_10.0.2_411/ide/tools/bin/../lib/gcc/arm-none-eabi/5.4.1/armv6-m\libgcc.a(_muldi3.o)
                0x000009d4                __muldi3
                0x000009d4                __aeabi_lmul
 .text          0x00000a2c       0x30 c:/nxp/mcuxpressoide_10.0.2_411/ide/tools/bin/../lib/gcc/arm-none-eabi/5.4.1/armv6-m\libgcc.a(_fixunssfsi.o)
                0x00000a2c                __fixunssfsi
                0x00000a2c                __aeabi_f2uiz
 .text          0x00000a5c      0x180 c:/nxp/mcuxpressoide_10.0.2_411/ide/tools/bin/../lib/gcc/arm-none-eabi/5.4.1/armv6-m\libgcc.a(_udivmoddi4.o)
                0x00000a5c                __udivmoddi4
 .text          0x00000bdc      0x2ec c:/nxp/mcuxpressoide_10.0.2_411/ide/tools/bin/../lib/gcc/arm-none-eabi/5.4.1/armv6-m\libgcc.a(addsf3.o)
                0x00000bdc                __aeabi_fadd
 .text          0x00000ec8      0x234 c:/nxp/mcuxpressoide_10.0.2_411/ide/tools/bin/../lib/gcc/arm-none-eabi/5.4.1/armv6-m\libgcc.a(divsf3.o)
                0x00000ec8                __aeabi_fdiv
 .text          0x000010fc       0x50 c:/nxp/mcuxpressoide_10.0.2_411/ide/tools/bin/../lib/gcc/arm-none-eabi/5.4.1/armv6-m\libgcc.a(eqsf2.o)
                0x000010fc                __eqsf2
                0x000010fc                __nesf2
 .text          0x0000114c       0x88 c:/nxp/mcuxpressoide_10.0.2_411/ide/tools/bin/../lib/gcc/arm-none-eabi/5.4.1/armv6-m\libgcc.a(gesf2.o)
                0x0000114c                __gesf2
                0x0000114c                __gtsf2
 .text          0x000011d4       0x88 c:/nxp/mcuxpressoide_10.0.2_411/ide/tools/bin/../lib/gcc/arm-none-eabi/5.4.1/armv6-m\libgcc.a(lesf2.o)
                0x000011d4                __ltsf2
                0x000011d4                __lesf2
 .text          0x0000125c      0x228 c:/nxp/mcuxpressoide_10.0.2_411/ide/tools/bin/../lib/gcc/arm-none-eabi/5.4.1/armv6-m\libgcc.a(mulsf3.o)
                0x0000125c                __aeabi_fmul
 .text          0x00001484      0x30c c:/nxp/mcuxpressoide_10.0.2_411/ide/tools/bin/../lib/gcc/arm-none-eabi/5.4.1/armv6-m\libgcc.a(subsf3.o)
                0x00001484                __aeabi_fsub
 .text          0x00001790       0x44 c:/nxp/mcuxpressoide_10.0.2_411/ide/tools/bin/../lib/gcc/arm-none-eabi/5.4.1/armv6-m\libgcc.a(fixsfsi.o)
                0x00001790                __aeabi_f2iz
 .text          0x000017d4       0x90 c:/nxp/mcuxpressoide_10.0.2_411/ide/tools/bin/../lib/gcc/arm-none-eabi/5.4.1/armv6-m\libgcc.a(floatsisf.o)
                0x000017d4                __aeabi_i2f
 .text          0x00001864       0x7c c:/nxp/mcuxpressoide_10.0.2_411/ide/tools/bin/../lib/gcc/arm-none-eabi/5.4.1/armv6-m\libgcc.a(floatunsisf.o)
                0x00001864                __aeabi_ui2f
 .text          0x000018e0      0x658 c:/nxp/mcuxpressoide_10.0.2_411/ide/tools/bin/../lib/gcc/arm-none-eabi/5.4.1/armv6-m\libgcc.a(adddf3.o)
                0x000018e0                __aeabi_dadd
 .text          0x00001f38      0x62c c:/nxp/mcuxpressoide_10.0.2_411/ide/tools/bin/../lib/gcc/arm-none-eabi/5.4.1/armv6-m\libgcc.a(divdf3.o)
                0x00001f38                __aeabi_ddiv
 .text          0x00002564       0x80 c:/nxp/mcuxpressoide_10.0.2_411/ide/tools/bin/../lib/gcc/arm-none-eabi/5.4.1/armv6-m\libgcc.a(eqdf2.o)
                0x00002564                __nedf2
                0x00002564                __eqdf2
 .text          0x000025e4       0xc8 c:/nxp/mcuxpressoide_10.0.2_411/ide/tools/bin/../lib/gcc/arm-none-eabi/5.4.1/armv6-m\libgcc.a(gedf2.o)
                0x000025e4                __gedf2
                0x000025e4                __gtdf2
 .text          0x000026ac       0xd4 c:/nxp/mcuxpressoide_10.0.2_411/ide/tools/bin/../lib/gcc/arm-none-eabi/5.4.1/armv6-m\libgcc.a(ledf2.o)
                0x000026ac                __ledf2
                0x000026ac                __ltdf2
 .text          0x00002780      0x4f4 c:/nxp/mcuxpressoide_10.0.2_411/ide/tools/bin/../lib/gcc/arm-none-eabi/5.4.1/armv6-m\libgcc.a(muldf3.o)
                0x00002780                __aeabi_dmul
 .text          0x00002c74      0x6a8 c:/nxp/mcuxpressoide_10.0.2_411/ide/tools/bin/../lib/gcc/arm-none-eabi/5.4.1/armv6-m\libgcc.a(subdf3.o)
                0x00002c74                __aeabi_dsub
 .text          0x0000331c       0x40 c:/nxp/mcuxpressoide_10.0.2_411/ide/tools/bin/../lib/gcc/arm-none-eabi/5.4.1/armv6-m\libgcc.a(unorddf2.o)
                0x0000331c                __aeabi_dcmpun
 .text          0x0000335c       0x6c c:/nxp/mcuxpressoide_10.0.2_411/ide/tools/bin/../lib/gcc/arm-none-eabi/5.4.1/armv6-m\libgcc.a(fixdfsi.o)
                0x0000335c                __aeabi_d2iz
 .text          0x000033c8       0x84 c:/nxp/mcuxpressoide_10.0.2_411/ide/tools/bin/../lib/gcc/arm-none-eabi/5.4.1/armv6-m\libgcc.a(floatsidf.o)
                0x000033c8                __aeabi_i2d
 .text          0x0000344c       0x70 c:/nxp/mcuxpressoide_10.0.2_411/ide/tools/bin/../lib/gcc/arm-none-eabi/5.4.1/armv6-m\libgcc.a(floatunsidf.o)
                0x0000344c                __aeabi_ui2d
 .text          0x000034bc       0x3c c:/nxp/mcuxpressoide_10.0.2_411/ide/tools/bin/../lib/gcc/arm-none-eabi/5.4.1/armv6-m\libgcc.a(_clzsi2.o)
                0x000034bc                __clzsi2
 .text          0x000034f8       0x18 c:/nxp/mcuxpressoide_10.0.2_411/ide/tools/bin/../lib/gcc/arm-none-eabi/5.4.1/armv6-m\libgcc.a(_clzdi2.o)
                0x000034f8                __clzdi2
 .text          0x00003510       0x38 C:\Users\Samuel Mott\Documents\RTSLab2\genfsk Example\libs\lib_crypto_m0.a(SW_RNG.o)
                0x00003510                SecLib_set_rng_seed
                0x00003520                SecLib_get_random
 *(.text*)
 .text.DbgConsole_Printf
                0x00003548       0x44 ./utilities/fsl_debug_console.o
                0x00003548                DbgConsole_Printf
 .text.DbgConsole_Putchar
                0x0000358c       0x34 ./utilities/fsl_debug_console.o
                0x0000358c                DbgConsole_Putchar
 .text.DbgConsole_PrintfPaddingCharacter
                0x000035c0       0x48 ./utilities/fsl_debug_console.o
 .text.DbgConsole_ConvertRadixNumToString
                0x00003608      0x114 ./utilities/fsl_debug_console.o
 .text.DbgConsole_PrintfFormattedData
                0x0000371c      0x334 ./utilities/fsl_debug_console.o
 .text.GenFskInit
                0x00003a50      0x1c0 ./source/genfsk.o
                0x00003a50                GenFskInit
 .text.Genfsk_Send
                0x00003c10      0x23c ./source/genfsk.o
                0x00003c10                Genfsk_Send
 .text.main_task
                0x00003e4c      0x130 ./source/led_radio.o
                0x00003e4c                main_task
 .text.App_GenFskReceiveCallback
                0x00003f7c       0x60 ./source/led_radio.o
 .text.App_GenFskEventNotificationCallback
                0x00003fdc       0x6c ./source/led_radio.o
 .text.App_SerialCallback
                0x00004048       0x24 ./source/led_radio.o
 .text.App_NotifyAppThread
                0x0000406c        0xc ./source/led_radio.o
 .text.App_TimerCallback
                0x00004078       0x20 ./source/led_radio.o
 .text.pppInitStruct
                0x00004098       0xa4 ./source/ppp-webserver.o
                0x00004098                pppInitStruct
 .text.fcsReset
                0x0000413c       0x18 ./source/ppp-webserver.o
                0x0000413c                fcsReset
 .text.fcsDo    0x00004154       0x54 ./source/ppp-webserver.o
                0x00004154                fcsDo
 .text.fcsBuf   0x000041a8       0x40 ./source/ppp-webserver.o
                0x000041a8                fcsBuf
 .text.pc_getBuf
                0x000041e8       0x50 ./source/ppp-webserver.o
                0x000041e8                pc_getBuf
 .text.processPPPFrame
                0x00004238      0x118 ./source/ppp-webserver.o
                0x00004238                processPPPFrame
 .text.pcPutcWhileCheckingInput
                0x00004350       0x28 ./source/ppp-webserver.o
                0x00004350                pcPutcWhileCheckingInput
 .text.hdlcPut  0x00004378       0x48 ./source/ppp-webserver.o
                0x00004378                hdlcPut
 .text.sendPppFrame
                0x000043c0       0xac ./source/ppp-webserver.o
                0x000043c0                sendPppFrame
 .text.bufferToIP
                0x0000446c       0x38 ./source/ppp-webserver.o
                0x0000446c                bufferToIP
 .text.ipcpConfigRequestHandler
                0x000044a4       0x68 ./source/ppp-webserver.o
                0x000044a4                ipcpConfigRequestHandler
 .text.ipcpNackHandler
                0x0000450c       0x24 ./source/ppp-webserver.o
                0x0000450c                ipcpNackHandler
 .text.IPCPframe
                0x00004530       0x34 ./source/ppp-webserver.o
                0x00004530                IPCPframe
 .text.dataCheckSum
                0x00004564       0xc4 ./source/ppp-webserver.o
                0x00004564                dataCheckSum
 .text.IpHeaderCheckSum
                0x00004628       0x50 ./source/ppp-webserver.o
                0x00004628                IpHeaderCheckSum
 .text.swapIpAddresses
                0x00004678       0x30 ./source/ppp-webserver.o
                0x00004678                swapIpAddresses
 .text.swapIpPorts
                0x000046a8       0x5c ./source/ppp-webserver.o
                0x000046a8                swapIpPorts
 .text.checkSumPseudoHeader
                0x00004704       0x64 ./source/ppp-webserver.o
                0x00004704                checkSumPseudoHeader
 .text.initIP   0x00004768       0xf4 ./source/ppp-webserver.o
                0x00004768                initIP
 .text.sendUdp  0x0000485c      0x110 ./source/ppp-webserver.o
                0x0000485c                sendUdp
 .text.UDPpacket
                0x0000496c      0x218 ./source/ppp-webserver.o
                0x0000496c                UDPpacket
 .text.ICMPpacket
                0x00004b84       0xd8 ./source/ppp-webserver.o
                0x00004b84                ICMPpacket
 .text.httpResponse
                0x00004c5c      0x17c ./source/ppp-webserver.o
                0x00004c5c                httpResponse
 .text.tcpHandler
                0x00004dd8      0x264 ./source/ppp-webserver.o
                0x00004dd8                tcpHandler
 .text.IPframe  0x0000503c       0x3c ./source/ppp-webserver.o
                0x0000503c                IPframe
 .text.LCPconfReq
                0x00005078       0x50 ./source/ppp-webserver.o
                0x00005078                LCPconfReq
 .text.LCPend   0x000050c8       0x24 ./source/ppp-webserver.o
                0x000050c8                LCPend
 .text.LCPframe
                0x000050ec       0x34 ./source/ppp-webserver.o
                0x000050ec                LCPframe
 .text.determinePacketType
                0x00005120       0x6c ./source/ppp-webserver.o
                0x00005120                determinePacketType
 .text.pppReceiveHandler
                0x0000518c      0x154 ./source/ppp-webserver.o
                0x0000518c                pppReceiveHandler
 .text.waitForPcConnectString
                0x000052e0       0x58 ./source/ppp-webserver.o
                0x000052e0                waitForPcConnectString
 .text.initializePpp
                0x00005338       0x38 ./source/ppp-webserver.o
                0x00005338                initializePpp
 .text.NVIC_EnableIRQ
                0x00005370       0x2c ./genfsk/genfsk_isr.o
 .text.NVIC_ClearPendingIRQ
                0x0000539c       0x30 ./genfsk/genfsk_isr.o
 .text.NVIC_SetPriority
                0x000053cc       0xdc ./genfsk/genfsk_isr.o
 .text.GENFSK_UnprotectFromXcvrInterrupt
                0x000054a8       0x58 ./genfsk/genfsk_isr.o
                0x000054a8                GENFSK_UnprotectFromXcvrInterrupt
 .text.GENFSK_DisableInterrupts
                0x00005500       0x68 ./genfsk/genfsk_isr.o
                0x00005500                GENFSK_DisableInterrupts
 .text.GENFSK_EnableInterrupts
                0x00005568       0x68 ./genfsk/genfsk_isr.o
                0x00005568                GENFSK_EnableInterrupts
 .text.PWRLib_ClearRSIMDsmInt
                0x000055d0        0xc ./genfsk/genfsk_isr.o
                0x000055d0                PWRLib_ClearRSIMDsmInt
 .text.GENFSK_InterruptHandler
                0x000055dc      0x2b0 ./genfsk/genfsk_isr.o
                0x000055dc                GENFSK_InterruptHandler
 .text.GENFSK_InstallInterrupt
                0x0000588c       0x54 ./genfsk/genfsk_isr.o
                0x0000588c                GENFSK_InstallInterrupt
 .text.GENFSK_Command
                0x000058e0       0x20 ./genfsk/genfsk_ll.o
 .text.GENFSK_Init
                0x00005900       0xd0 ./genfsk/genfsk_ll.o
                0x00005900                GENFSK_Init
 .text.GENFSK_AllocInstance
                0x000059d0      0x248 ./genfsk/genfsk_ll.o
                0x000059d0                GENFSK_AllocInstance
 .text.GENFSK_RadioConfig
                0x00005c18      0x2c0 ./genfsk/genfsk_ll.o
                0x00005c18                GENFSK_RadioConfig
 .text.GENFSK_SetPacketConfig
                0x00005ed8      0x4a0 ./genfsk/genfsk_ll.o
                0x00005ed8                GENFSK_SetPacketConfig
 .text.GENFSK_SetCrcConfig
                0x00006378      0x3ac ./genfsk/genfsk_ll.o
                0x00006378                GENFSK_SetCrcConfig
 .text.GENFSK_SetWhitenerConfig
                0x00006724      0x538 ./genfsk/genfsk_ll.o
                0x00006724                GENFSK_SetWhitenerConfig
 .text.GENFSK_SetNetworkAddress
                0x00006c5c      0x428 ./genfsk/genfsk_ll.o
                0x00006c5c                GENFSK_SetNetworkAddress
 .text.GENFSK_EnableNetworkAddress
                0x00007084      0x148 ./genfsk/genfsk_ll.o
                0x00007084                GENFSK_EnableNetworkAddress
 .text.GENFSK_SetChannelNumber
                0x000071cc      0x12c ./genfsk/genfsk_ll.o
                0x000071cc                GENFSK_SetChannelNumber
 .text.GENFSK_SetTxPowerLevel
                0x000072f8      0x158 ./genfsk/genfsk_ll.o
                0x000072f8                GENFSK_SetTxPowerLevel
 .text.GENFSK_StartTx
                0x00007450      0x3bc ./genfsk/genfsk_ll.o
                0x00007450                GENFSK_StartTx
 .text.GENFSK_AbortAll
                0x0000780c       0xa0 ./genfsk/genfsk_ll.o
                0x0000780c                GENFSK_AbortAll
 .text.GENFSK_GetTimestamp
                0x000078ac       0x34 ./genfsk/genfsk_ll.o
                0x000078ac                GENFSK_GetTimestamp
 .text.GENFSK_RegisterCallbacks
                0x000078e0       0x78 ./genfsk/genfsk_ll.o
                0x000078e0                GENFSK_RegisterCallbacks
 .text.GENFSK_PacketToByteArray
                0x00007958      0x4c8 ./genfsk/genfsk_ll.o
                0x00007958                GENFSK_PacketToByteArray
 .text.GENFSK_Task
                0x00007e20      0xc3c ./genfsk/genfsk_ll.o
 .text.GENFSK_TimeSetWaitTimeout
                0x00008a5c       0x54 ./genfsk/genfsk_time.o
 .text.GENFSK_TimeRunCallback
                0x00008ab0       0x3c ./genfsk/genfsk_time.o
 .text.GENFSK_TimeMaintenance
                0x00008aec       0x78 ./genfsk/genfsk_time.o
 .text.GENFSK_TimeOverflowCb
                0x00008b64       0x34 ./genfsk/genfsk_time.o
 .text.GENFSK_TimeGetNextEvent
                0x00008b98       0x84 ./genfsk/genfsk_time.o
 .text.GENFSK_TimeInit
                0x00008c1c       0x58 ./genfsk/genfsk_time.o
                0x00008c1c                GENFSK_TimeInit
 .text.GENFSK_TimeGetTimestamp
                0x00008c74       0x88 ./genfsk/genfsk_time.o
                0x00008c74                GENFSK_TimeGetTimestamp
 .text.GENFSK_TimeDisableWaitTimeout
                0x00008cfc       0x28 ./genfsk/genfsk_time.o
                0x00008cfc                GENFSK_TimeDisableWaitTimeout
 .text.GENFSK_TimeCancelEvent
                0x00008d24       0x70 ./genfsk/genfsk_time.o
                0x00008d24                GENFSK_TimeCancelEvent
 .text.GENFSK_TimeISR
                0x00008d94       0x40 ./genfsk/genfsk_time.o
                0x00008d94                GENFSK_TimeISR
 .text.GENFSK_WritePacketBuffer
                0x00008dd4       0x78 ./genfsk/genfsk_utils.o
                0x00008dd4                GENFSK_WritePacketBuffer
 .text.GENFSK_ReadPacketBuffer
                0x00008e4c       0x78 ./genfsk/genfsk_utils.o
                0x00008e4c                GENFSK_ReadPacketBuffer
 .text.GENFSK_Reverse9Bit
                0x00008ec4       0xf8 ./genfsk/genfsk_utils.o
                0x00008ec4                GENFSK_Reverse9Bit
 .text.GENFSK_SwitchToInstance
                0x00008fbc      0x320 ./genfsk/genfsk_utils.o
                0x00008fbc                GENFSK_SwitchToInstance
 .text.GENFSK_MskPreProcessing
                0x000092dc       0xcc ./genfsk/genfsk_utils.o
                0x000092dc                GENFSK_MskPreProcessing
 .text.GENFSK_MskPostProcessing
                0x000093a8      0x1ec ./genfsk/genfsk_utils.o
                0x000093a8                GENFSK_MskPostProcessing
 .text.xEventGroupCreate
                0x00009594       0x30 ./freertos/event_groups.o
                0x00009594                xEventGroupCreate
 .text.xEventGroupWaitBits
                0x000095c4      0x148 ./freertos/event_groups.o
                0x000095c4                xEventGroupWaitBits
 .text.xEventGroupSetBits
                0x0000970c       0xf4 ./freertos/event_groups.o
                0x0000970c                xEventGroupSetBits
 .text.vEventGroupSetBitsCallback
                0x00009800       0x20 ./freertos/event_groups.o
                0x00009800                vEventGroupSetBitsCallback
 .text.prvTestWaitCondition
                0x00009820       0x40 ./freertos/event_groups.o
 .text.xEventGroupSetBitsFromISR
                0x00009860       0x2c ./freertos/event_groups.o
                0x00009860                xEventGroupSetBitsFromISR
 .text.prvSetupTimerInterrupt
                0x0000988c       0x3c ./freertos/fsl_tickless_lptmr.o
                0x0000988c                prvSetupTimerInterrupt
 .text.pvPortMalloc
                0x000098c8      0x14c ./freertos/heap_4.o
                0x000098c8                pvPortMalloc
 .text.vPortFree
                0x00009a14       0x90 ./freertos/heap_4.o
                0x00009a14                vPortFree
 .text.prvHeapInit
                0x00009aa4       0xc0 ./freertos/heap_4.o
 .text.prvInsertBlockIntoFreeList
                0x00009b64       0xb0 ./freertos/heap_4.o
 .text.vListInitialise
                0x00009c14       0x3c ./freertos/list.o
                0x00009c14                vListInitialise
 .text.vListInitialiseItem
                0x00009c50       0x18 ./freertos/list.o
                0x00009c50                vListInitialiseItem
 .text.vListInsertEnd
                0x00009c68       0x44 ./freertos/list.o
                0x00009c68                vListInsertEnd
 .text.vListInsert
                0x00009cac       0x6c ./freertos/list.o
                0x00009cac                vListInsert
 .text.uxListRemove
                0x00009d18       0x50 ./freertos/list.o
                0x00009d18                uxListRemove
 .text.pxPortInitialiseStack
                0x00009d68       0x54 ./freertos/port.o
                0x00009d68                pxPortInitialiseStack
 .text.prvTaskExitError
                0x00009dbc       0x18 ./freertos/port.o
 .text.SVC_Handler
                0x00009dd4        0xc ./freertos/port.o
                0x00009dd4                SVC_Handler
 .text.vPortStartFirstTask
                0x00009de0       0x38 ./freertos/port.o
 .text.xPortStartScheduler
                0x00009e18       0x44 ./freertos/port.o
                0x00009e18                xPortStartScheduler
 .text.vPortYield
                0x00009e5c       0x20 ./freertos/port.o
                0x00009e5c                vPortYield
 .text.vPortEnterCritical
                0x00009e7c       0x24 ./freertos/port.o
                0x00009e7c                vPortEnterCritical
 .text.vPortExitCritical
                0x00009ea0       0x30 ./freertos/port.o
                0x00009ea0                vPortExitCritical
 .text.ulSetInterruptMaskFromISR
                0x00009ed0        0xc ./freertos/port.o
                0x00009ed0                ulSetInterruptMaskFromISR
 .text.vClearInterruptMaskFromISR
                0x00009edc        0x8 ./freertos/port.o
                0x00009edc                vClearInterruptMaskFromISR
 *fill*         0x00009ee4        0xc 
 .text.PendSV_Handler
                0x00009ef0       0x48 ./freertos/port.o
                0x00009ef0                PendSV_Handler
 .text.SysTick_Handler
                0x00009f38       0x34 ./freertos/port.o
                0x00009f38                SysTick_Handler
 .text.xQueueGenericReset
                0x00009f6c       0xa8 ./freertos/queue.o
                0x00009f6c                xQueueGenericReset
 .text.xQueueGenericCreate
                0x0000a014       0x64 ./freertos/queue.o
                0x0000a014                xQueueGenericCreate
 .text.prvInitialiseNewQueue
                0x0000a078       0x50 ./freertos/queue.o
 .text.prvInitialiseMutex
                0x0000a0c8       0x34 ./freertos/queue.o
 .text.xQueueCreateMutex
                0x0000a0fc       0x38 ./freertos/queue.o
                0x0000a0fc                xQueueCreateMutex
 .text.xQueueCreateCountingSemaphore
                0x0000a134       0x48 ./freertos/queue.o
                0x0000a134                xQueueCreateCountingSemaphore
 .text.xQueueGenericSend
                0x0000a17c      0x188 ./freertos/queue.o
                0x0000a17c                xQueueGenericSend
 .text.xQueueGenericSendFromISR
                0x0000a304       0xe4 ./freertos/queue.o
                0x0000a304                xQueueGenericSendFromISR
 .text.xQueueGiveFromISR
                0x0000a3e8       0xcc ./freertos/queue.o
                0x0000a3e8                xQueueGiveFromISR
 .text.xQueueGenericReceive
                0x0000a4b4      0x1c8 ./freertos/queue.o
                0x0000a4b4                xQueueGenericReceive
 .text.prvCopyDataToQueue
                0x0000a67c       0xd8 ./freertos/queue.o
 .text.prvCopyDataFromQueue
                0x0000a754       0x4c ./freertos/queue.o
 .text.prvUnlockQueue
                0x0000a7a0       0xc0 ./freertos/queue.o
 .text.prvIsQueueEmpty
                0x0000a860       0x2c ./freertos/queue.o
 .text.prvIsQueueFull
                0x0000a88c       0x30 ./freertos/queue.o
 .text.vQueueAddToRegistry
                0x0000a8bc       0x50 ./freertos/queue.o
                0x0000a8bc                vQueueAddToRegistry
 .text.vQueueWaitForMessageRestricted
                0x0000a90c       0x68 ./freertos/queue.o
                0x0000a90c                vQueueWaitForMessageRestricted
 .text.xTaskCreate
                0x0000a974       0x90 ./freertos/tasks.o
                0x0000a974                xTaskCreate
 .text.prvInitialiseNewTask
                0x0000aa04      0x12c ./freertos/tasks.o
 .text.prvAddNewTaskToReadyList
                0x0000ab30       0xd0 ./freertos/tasks.o
 .text.vTaskStartScheduler
                0x0000ac00       0x78 ./freertos/tasks.o
                0x0000ac00                vTaskStartScheduler
 .text.vTaskSuspendAll
                0x0000ac78       0x18 ./freertos/tasks.o
                0x0000ac78                vTaskSuspendAll
 .text.xTaskResumeAll
                0x0000ac90      0x118 ./freertos/tasks.o
                0x0000ac90                xTaskResumeAll
 .text.xTaskGetTickCount
                0x0000ada8       0x1c ./freertos/tasks.o
                0x0000ada8                xTaskGetTickCount
 .text.xTaskIncrementTick
                0x0000adc4      0x14c ./freertos/tasks.o
                0x0000adc4                xTaskIncrementTick
 .text.vTaskSwitchContext
                0x0000af10       0xa4 ./freertos/tasks.o
                0x0000af10                vTaskSwitchContext
 .text.vTaskPlaceOnEventList
                0x0000afb4       0x3c ./freertos/tasks.o
                0x0000afb4                vTaskPlaceOnEventList
 .text.vTaskPlaceOnUnorderedEventList
                0x0000aff0       0x5c ./freertos/tasks.o
                0x0000aff0                vTaskPlaceOnUnorderedEventList
 .text.vTaskPlaceOnEventListRestricted
                0x0000b04c       0x4c ./freertos/tasks.o
                0x0000b04c                vTaskPlaceOnEventListRestricted
 .text.xTaskRemoveFromEventList
                0x0000b098       0xb8 ./freertos/tasks.o
                0x0000b098                xTaskRemoveFromEventList
 .text.xTaskRemoveFromUnorderedEventList
                0x0000b150       0xb0 ./freertos/tasks.o
                0x0000b150                xTaskRemoveFromUnorderedEventList
 .text.vTaskSetTimeOutState
                0x0000b200       0x34 ./freertos/tasks.o
                0x0000b200                vTaskSetTimeOutState
 .text.xTaskCheckForTimeOut
                0x0000b234       0x9c ./freertos/tasks.o
                0x0000b234                xTaskCheckForTimeOut
 .text.vTaskMissedYield
                0x0000b2d0       0x14 ./freertos/tasks.o
                0x0000b2d0                vTaskMissedYield
 .text.prvIdleTask
                0x0000b2e4       0x20 ./freertos/tasks.o
 .text.prvInitialiseTaskLists
                0x0000b304       0x88 ./freertos/tasks.o
 .text.prvCheckTasksWaitingTermination
                0x0000b38c       0x74 ./freertos/tasks.o
 .text.prvDeleteTCB
                0x0000b400       0x24 ./freertos/tasks.o
 .text.prvResetNextTaskUnblockTime
                0x0000b424       0x48 ./freertos/tasks.o
 .text.xTaskGetCurrentTaskHandle
                0x0000b46c       0x1c ./freertos/tasks.o
                0x0000b46c                xTaskGetCurrentTaskHandle
 .text.xTaskGetSchedulerState
                0x0000b488       0x38 ./freertos/tasks.o
                0x0000b488                xTaskGetSchedulerState
 .text.vTaskPriorityInherit
                0x0000b4c0       0xbc ./freertos/tasks.o
                0x0000b4c0                vTaskPriorityInherit
 .text.xTaskPriorityDisinherit
                0x0000b57c       0xb8 ./freertos/tasks.o
                0x0000b57c                xTaskPriorityDisinherit
 .text.uxTaskResetEventItemValue
                0x0000b634       0x2c ./freertos/tasks.o
                0x0000b634                uxTaskResetEventItemValue
 .text.pvTaskIncrementMutexHeldCount
                0x0000b660       0x24 ./freertos/tasks.o
                0x0000b660                pvTaskIncrementMutexHeldCount
 .text.prvAddCurrentTaskToDelayedList
                0x0000b684       0xa8 ./freertos/tasks.o
 .text.xTimerCreateTimerTask
                0x0000b72c       0x54 ./freertos/timers.o
                0x0000b72c                xTimerCreateTimerTask
 .text.xTimerGenericCommand
                0x0000b780       0x9c ./freertos/timers.o
                0x0000b780                xTimerGenericCommand
 .text.prvProcessExpiredTimer
                0x0000b81c       0x70 ./freertos/timers.o
 .text.prvTimerTask
                0x0000b88c       0x28 ./freertos/timers.o
 .text.prvProcessTimerOrBlockTask
                0x0000b8b4       0x8c ./freertos/timers.o
 .text.prvGetNextExpireTime
                0x0000b940       0x40 ./freertos/timers.o
 .text.prvSampleTimeNow
                0x0000b980       0x40 ./freertos/timers.o
 .text.prvInsertTimerInActiveList
                0x0000b9c0       0x84 ./freertos/timers.o
 .text.prvProcessReceivedCommands
                0x0000ba44      0x12c ./freertos/timers.o
 .text.prvSwitchTimerLists
                0x0000bb70       0xb4 ./freertos/timers.o
 .text.prvCheckForValidListAndQueue
                0x0000bc24       0x74 ./freertos/timers.o
 .text.xTimerPendFunctionCallFromISR
                0x0000bc98       0x54 ./freertos/timers.o
                0x0000bc98                xTimerPendFunctionCallFromISR
 .text.XCVR_Init
                0x0000bcec      0x134 ./framework/XCVR/MKW41Z4/fsl_xcvr.o
                0x0000bcec                XCVR_Init
 .text.XCVR_GetDefaultConfig
                0x0000be20      0x170 ./framework/XCVR/MKW41Z4/fsl_xcvr.o
                0x0000be20                XCVR_GetDefaultConfig
 .text.XCVR_Configure
                0x0000bf90      0x98c ./framework/XCVR/MKW41Z4/fsl_xcvr.o
                0x0000bf90                XCVR_Configure
 .text.XCVR_ChangeMode
                0x0000c91c       0x88 ./framework/XCVR/MKW41Z4/fsl_xcvr.o
                0x0000c91c                XCVR_ChangeMode
 .text.XcvrPanic
                0x0000c9a4       0x40 ./framework/XCVR/MKW41Z4/fsl_xcvr.o
                0x0000c9a4                XcvrPanic
 .text.XCVR_SetXtalTrim
                0x0000c9e4       0x68 ./framework/XCVR/MKW41Z4/fsl_xcvr.o
                0x0000c9e4                XCVR_SetXtalTrim
 .text.XCVR_OverrideChannel
                0x0000ca4c      0x13c ./framework/XCVR/MKW41Z4/fsl_xcvr.o
                0x0000ca4c                XCVR_OverrideChannel
 .text.XCVR_ForceRxWu
                0x0000cb88       0x1c ./framework/XCVR/MKW41Z4/fsl_xcvr.o
                0x0000cb88                XCVR_ForceRxWu
 .text.XCVR_ForceRxWd
                0x0000cba4       0x1c ./framework/XCVR/MKW41Z4/fsl_xcvr.o
                0x0000cba4                XCVR_ForceRxWd
 .text.calc_dcoc_dac_step
                0x0000cbc0       0x88 ./framework/XCVR/MKW41Z4/fsl_xcvr_trim.o
                0x0000cbc0                calc_dcoc_dac_step
 .text.XcvrCalDelay
                0x0000cc48       0x20 ./framework/XCVR/MKW41Z4/fsl_xcvr_trim.o
                0x0000cc48                XcvrCalDelay
 .text.rx_dc_est_average
                0x0000cc68      0x1a4 ./framework/XCVR/MKW41Z4/fsl_xcvr_trim.o
                0x0000cc68                rx_dc_est_average
 .text.rx_bba_dcoc_dac_trim_DCest
                0x0000ce0c      0x7d8 ./framework/XCVR/MKW41Z4/fsl_xcvr_trim.o
                0x0000ce0c                rx_bba_dcoc_dac_trim_DCest
 .text.DCOC_DAC_INIT_Cal
                0x0000d5e4      0x680 ./framework/XCVR/MKW41Z4/fsl_xcvr_trim.o
                0x0000d5e4                DCOC_DAC_INIT_Cal
 .text.read_first_ifr_word
                0x0000dc64       0x20 ./framework/XCVR/MKW41Z4/ifr_radio.o
                0x0000dc64                read_first_ifr_word
 .text.read_another_ifr_word
                0x0000dc84       0x2c ./framework/XCVR/MKW41Z4/ifr_radio.o
                0x0000dc84                read_another_ifr_word
 .text.read_resource_ifr
                0x0000dcb0       0xd0 ./framework/XCVR/MKW41Z4/ifr_radio.o
                0x0000dcb0                read_resource_ifr
 .text.store_sw_trim
                0x0000dd80       0x9c ./framework/XCVR/MKW41Z4/ifr_radio.o
                0x0000dd80                store_sw_trim
 .text.handle_ifr
                0x0000de1c      0x184 ./framework/XCVR/MKW41Z4/ifr_radio.o
                0x0000de1c                handle_ifr
 .text.NVIC_EnableIRQ
                0x0000dfa0       0x2c ./framework/TimersManager/Source/TMR_Adapter.o
 .text.NVIC_ClearPendingIRQ
                0x0000dfcc       0x30 ./framework/TimersManager/Source/TMR_Adapter.o
 .text.NVIC_SetPriority
                0x0000dffc       0xdc ./framework/TimersManager/Source/TMR_Adapter.o
 .text.TPM_GetStatusFlags
                0x0000e0d8       0x14 ./framework/TimersManager/Source/TMR_Adapter.o
 .text.TPM_ClearStatusFlags
                0x0000e0ec       0x18 ./framework/TimersManager/Source/TMR_Adapter.o
 .text.TPM_StartTimer
                0x0000e104       0x3c ./framework/TimersManager/Source/TMR_Adapter.o
 .text.TPM_StopTimer
                0x0000e140       0x2c ./framework/TimersManager/Source/TMR_Adapter.o
 .text.StackTimer_Init
                0x0000e16c       0xa0 ./framework/TimersManager/Source/TMR_Adapter.o
                0x0000e16c                StackTimer_Init
 .text.StackTimer_Enable
                0x0000e20c       0x1c ./framework/TimersManager/Source/TMR_Adapter.o
                0x0000e20c                StackTimer_Enable
 .text.StackTimer_Disable
                0x0000e228       0x18 ./framework/TimersManager/Source/TMR_Adapter.o
                0x0000e228                StackTimer_Disable
 .text.StackTimer_GetInputFrequency
                0x0000e240       0x24 ./framework/TimersManager/Source/TMR_Adapter.o
                0x0000e240                StackTimer_GetInputFrequency
 .text.StackTimer_GetCounterValue
                0x0000e264       0x14 ./framework/TimersManager/Source/TMR_Adapter.o
                0x0000e264                StackTimer_GetCounterValue
 .text.StackTimer_SetOffsetTicks
                0x0000e278       0x24 ./framework/TimersManager/Source/TMR_Adapter.o
                0x0000e278                StackTimer_SetOffsetTicks
 .text.StackTimer_ClearIntFlag
                0x0000e29c       0x30 ./framework/TimersManager/Source/TMR_Adapter.o
                0x0000e29c                StackTimer_ClearIntFlag
 .text.TMR_GetTimerStatus
                0x0000e2cc       0x28 ./framework/TimersManager/Source/TimersManager.o
 .text.TMR_SetTimerStatus
                0x0000e2f4       0x44 ./framework/TimersManager/Source/TimersManager.o
 .text.TMR_GetTimerType
                0x0000e338       0x28 ./framework/TimersManager/Source/TimersManager.o
 .text.TMR_SetTimerType
                0x0000e360       0x44 ./framework/TimersManager/Source/TimersManager.o
 .text.TmrTicksFromMilliseconds
                0x0000e3a4       0x4c ./framework/TimersManager/Source/TimersManager.o
                0x0000e3a4                TmrTicksFromMilliseconds
 .text.TMR_Init
                0x0000e3f0       0x80 ./framework/TimersManager/Source/TimersManager.o
                0x0000e3f0                TMR_Init
 .text.TMR_NotifyClkChanged
                0x0000e470       0x44 ./framework/TimersManager/Source/TimersManager.o
                0x0000e470                TMR_NotifyClkChanged
 .text.TMR_AllocateTimer
                0x0000e4b4       0x50 ./framework/TimersManager/Source/TimersManager.o
                0x0000e4b4                TMR_AllocateTimer
 .text.StackTimer_ISR
                0x0000e504       0x24 ./framework/TimersManager/Source/TimersManager.o
 .text.TMR_StartTimer
                0x0000e528       0xf4 ./framework/TimersManager/Source/TimersManager.o
                0x0000e528                TMR_StartTimer
 .text.TMR_StartLowPowerTimer
                0x0000e61c       0x44 ./framework/TimersManager/Source/TimersManager.o
                0x0000e61c                TMR_StartLowPowerTimer
 .text.TMR_StopTimer
                0x0000e660       0xec ./framework/TimersManager/Source/TimersManager.o
                0x0000e660                TMR_StopTimer
 .text.TMR_Task
                0x0000e74c      0x574 ./framework/TimersManager/Source/TimersManager.o
                0x0000e74c                TMR_Task
 .text.TMR_EnableTimer
                0x0000ecc0       0x84 ./framework/TimersManager/Source/TimersManager.o
                0x0000ecc0                TMR_EnableTimer
 .text.NVIC_EnableIRQ
                0x0000ed44       0x2c ./framework/SerialManager/Source/UART_Adapter/UART_Adapter.o
 .text.NVIC_SetPriority
                0x0000ed70       0xdc ./framework/SerialManager/Source/UART_Adapter/UART_Adapter.o
 .text.LPUART_WriteByte
                0x0000ee4c       0x20 ./framework/SerialManager/Source/UART_Adapter/UART_Adapter.o
 .text.LPUART_ReadByte
                0x0000ee6c       0x18 ./framework/SerialManager/Source/UART_Adapter/UART_Adapter.o
 .text.LPUART_Initialize
                0x0000ee84       0xec ./framework/SerialManager/Source/UART_Adapter/UART_Adapter.o
                0x0000ee84                LPUART_Initialize
 .text.LPUART_SetBaudrate
                0x0000ef70       0x44 ./framework/SerialManager/Source/UART_Adapter/UART_Adapter.o
                0x0000ef70                LPUART_SetBaudrate
 .text.LPUART_SendData
                0x0000efb4       0xc0 ./framework/SerialManager/Source/UART_Adapter/UART_Adapter.o
                0x0000efb4                LPUART_SendData
 .text.LPUART_InstallRxCalback
                0x0000f074       0x44 ./framework/SerialManager/Source/UART_Adapter/UART_Adapter.o
                0x0000f074                LPUART_InstallRxCalback
 .text.LPUART_InstallTxCalback
                0x0000f0b8       0x44 ./framework/SerialManager/Source/UART_Adapter/UART_Adapter.o
                0x0000f0b8                LPUART_InstallTxCalback
 .text.LPUART_IsTxActive
                0x0000f0fc       0x58 ./framework/SerialManager/Source/UART_Adapter/UART_Adapter.o
                0x0000f0fc                LPUART_IsTxActive
 .text.LPUART_ISR
                0x0000f154      0x17c ./framework/SerialManager/Source/UART_Adapter/UART_Adapter.o
 .text.SerialManager_Init
                0x0000f2d0       0x80 ./framework/SerialManager/Source/SerialManager.o
                0x0000f2d0                SerialManager_Init
 .text.SerialManagerTask
                0x0000f350      0x188 ./framework/SerialManager/Source/SerialManager.o
                0x0000f350                SerialManagerTask
 .text.Serial_InitInterface
                0x0000f4d8      0x184 ./framework/SerialManager/Source/SerialManager.o
                0x0000f4d8                Serial_InitInterface
 .text.Serial_AsyncWrite
                0x0000f65c      0x198 ./framework/SerialManager/Source/SerialManager.o
                0x0000f65c                Serial_AsyncWrite
 .text.Serial_SyncWrite
                0x0000f7f4       0xd8 ./framework/SerialManager/Source/SerialManager.o
                0x0000f7f4                Serial_SyncWrite
 .text.Serial_Read
                0x0000f8cc      0x12c ./framework/SerialManager/Source/SerialManager.o
                0x0000f8cc                Serial_Read
 .text.Serial_RxBufferByteCount
                0x0000f9f8       0xf0 ./framework/SerialManager/Source/SerialManager.o
                0x0000f9f8                Serial_RxBufferByteCount
 .text.Serial_SetRxCallBack
                0x0000fae8       0x70 ./framework/SerialManager/Source/SerialManager.o
                0x0000fae8                Serial_SetRxCallBack
 .text.Serial_SetBaudRate
                0x0000fb58       0x88 ./framework/SerialManager/Source/SerialManager.o
                0x0000fb58                Serial_SetBaudRate
 .text.Serial_Print
                0x0000fbe0       0x7c ./framework/SerialManager/Source/SerialManager.o
                0x0000fbe0                Serial_Print
 .text.Serial_PrintDec
                0x0000fc5c       0xa8 ./framework/SerialManager/Source/SerialManager.o
                0x0000fc5c                Serial_PrintDec
 .text.Serial_WriteInternal
                0x0000fd04      0x108 ./framework/SerialManager/Source/SerialManager.o
 .text.SerialManager_RxNotify
                0x0000fe0c       0xb0 ./framework/SerialManager/Source/SerialManager.o
                0x0000fe0c                SerialManager_RxNotify
 .text.SerialManager_TxNotify
                0x0000febc       0xd0 ./framework/SerialManager/Source/SerialManager.o
                0x0000febc                SerialManager_TxNotify
 .text.Serial_TxQueueMaintenance
                0x0000ff8c      0x128 ./framework/SerialManager/Source/SerialManager.o
 .text.Serial_SyncTxCallback
                0x000100b4       0x1c ./framework/SerialManager/Source/SerialManager.o
 .text.Serial_UartRxCb
                0x000100d0       0x54 ./framework/SerialManager/Source/SerialManager.o
 .text.Serial_UartTxCb
                0x00010124       0x1c ./framework/SerialManager/Source/SerialManager.o
 .text.SecLib_Init
                0x00010140       0x3c ./framework/SecLib/SecLib.o
                0x00010140                SecLib_Init
 .text.NVIC_EnableIRQ
                0x0001017c       0x2c ./framework/RNG/Source/RNG.o
 .text.EnableIRQ
                0x000101a8       0x2c ./framework/RNG/Source/RNG.o
 .text.RNG_Init
                0x000101d4       0xe0 ./framework/RNG/Source/RNG.o
                0x000101d4                RNG_Init
 .text.RNG_GetRandomNo
                0x000102b4       0x2c ./framework/RNG/Source/RNG.o
                0x000102b4                RNG_GetRandomNo
 .text.RNG_SetPseudoRandomNoSeed
                0x000102e0       0x2c ./framework/RNG/Source/RNG.o
                0x000102e0                RNG_SetPseudoRandomNoSeed
 .text.TRNG_ISR
                0x0001030c       0x3c ./framework/RNG/Source/RNG.o
 .text.panic    0x00010348       0x18 ./framework/Panic/Source/Panic.o
                0x00010348                panic
 .text.startup_task
                0x00010360       0x14 ./framework/OSAbstraction/Source/fsl_os_abstraction_free_rtos.o
                0x00010360                startup_task
 .text.OSA_TaskGetId
                0x00010374       0x10 ./framework/OSAbstraction/Source/fsl_os_abstraction_free_rtos.o
                0x00010374                OSA_TaskGetId
 .text.OSA_TaskCreate
                0x00010384       0x4c ./framework/OSAbstraction/Source/fsl_os_abstraction_free_rtos.o
                0x00010384                OSA_TaskCreate
 .text.OSA_SemaphoreCreate
                0x000103d0       0x20 ./framework/OSAbstraction/Source/fsl_os_abstraction_free_rtos.o
                0x000103d0                OSA_SemaphoreCreate
 .text.OSA_SemaphoreWait
                0x000103f0       0x5c ./framework/OSAbstraction/Source/fsl_os_abstraction_free_rtos.o
                0x000103f0                OSA_SemaphoreWait
 .text.OSA_SemaphorePost
                0x0001044c       0x9c ./framework/OSAbstraction/Source/fsl_os_abstraction_free_rtos.o
                0x0001044c                OSA_SemaphorePost
 .text.OSA_MutexCreate
                0x000104e8       0x1c ./framework/OSAbstraction/Source/fsl_os_abstraction_free_rtos.o
                0x000104e8                OSA_MutexCreate
 .text.OSA_EventCreate
                0x00010504       0x70 ./framework/OSAbstraction/Source/fsl_os_abstraction_free_rtos.o
                0x00010504                OSA_EventCreate
 .text.OSA_EventSet
                0x00010574       0xa0 ./framework/OSAbstraction/Source/fsl_os_abstraction_free_rtos.o
                0x00010574                OSA_EventSet
 .text.OSA_EventWait
                0x00010614       0xa4 ./framework/OSAbstraction/Source/fsl_os_abstraction_free_rtos.o
                0x00010614                OSA_EventWait
 .text.OSA_InterruptEnable
                0x000106b8       0x4c ./framework/OSAbstraction/Source/fsl_os_abstraction_free_rtos.o
                0x000106b8                OSA_InterruptEnable
 .text.OSA_InterruptDisable
                0x00010704       0x4c ./framework/OSAbstraction/Source/fsl_os_abstraction_free_rtos.o
                0x00010704                OSA_InterruptDisable
 .text.OSA_InstallIntHandler
                0x00010750       0x20 ./framework/OSAbstraction/Source/fsl_os_abstraction_free_rtos.o
                0x00010750                OSA_InstallIntHandler
 .text.main     0x00010770       0x24 ./framework/OSAbstraction/Source/fsl_os_abstraction_free_rtos.o
                0x00010770                main
 .text.osObjectAlloc
                0x00010794       0x4c ./framework/OSAbstraction/Source/fsl_os_abstraction_free_rtos.o
 .text.osObjectIsAllocated
                0x000107e0       0x54 ./framework/OSAbstraction/Source/fsl_os_abstraction_free_rtos.o
 .text.osObjectFree
                0x00010834       0x48 ./framework/OSAbstraction/Source/fsl_os_abstraction_free_rtos.o
 .text.MEM_Init
                0x0001087c       0xc4 ./framework/MemManager/Source/MemManager.o
                0x0001087c                MEM_Init
 .text.MEM_BufferAllocWithId
                0x00010940       0xb8 ./framework/MemManager/Source/MemManager.o
                0x00010940                MEM_BufferAllocWithId
 .text.ListInit
                0x000109f8       0x2c ./framework/Lists/GenericList.o
                0x000109f8                ListInit
 .text.ListAddTail
                0x00010a24       0x78 ./framework/Lists/GenericList.o
                0x00010a24                ListAddTail
 .text.ListRemoveHead
                0x00010a9c       0x68 ./framework/Lists/GenericList.o
                0x00010a9c                ListRemoveHead
 .text.LED_Init
                0x00010b04       0x2c ./framework/LED/Source/LED.o
                0x00010b04                LED_Init
 .text.LED_Operate
                0x00010b30       0x8c ./framework/LED/Source/LED.o
                0x00010b30                LED_Operate
 .text.LED_GpioSet
                0x00010bbc       0x48 ./framework/LED/Source/LED.o
 .text.GPIO_SetPinsOutput
                0x00010c04       0x18 ./framework/GPIO/GPIO_Adapter.o
 .text.GPIO_ClearPinsOutput
                0x00010c1c       0x18 ./framework/GPIO/GPIO_Adapter.o
 .text.GPIO_TogglePinsOutput
                0x00010c34       0x18 ./framework/GPIO/GPIO_Adapter.o
 .text.PORT_SetPinConfig
                0x00010c4c       0x38 ./framework/GPIO/GPIO_Adapter.o
 .text.PORT_SetPinMux
                0x00010c84       0x40 ./framework/GPIO/GPIO_Adapter.o
 .text.GpioSetPinMux
                0x00010cc4       0x44 ./framework/GPIO/GPIO_Adapter.o
                0x00010cc4                GpioSetPinMux
 .text.GpioSetPinOutput
                0x00010d08       0x34 ./framework/GPIO/GPIO_Adapter.o
                0x00010d08                GpioSetPinOutput
 .text.GpioClearPinOutput
                0x00010d3c       0x34 ./framework/GPIO/GPIO_Adapter.o
                0x00010d3c                GpioClearPinOutput
 .text.GpioTogglePinOutput
                0x00010d70       0x34 ./framework/GPIO/GPIO_Adapter.o
                0x00010d70                GpioTogglePinOutput
 .text.GpioOutputPinInit
                0x00010da4      0x10c ./framework/GPIO/GPIO_Adapter.o
                0x00010da4                GpioOutputPinInit
 .text.FLib_MemCpy
                0x00010eb0       0x38 ./framework/FunctionLib/FunctionLib.o
                0x00010eb0                FLib_MemCpy
 .text.FLib_MemCmp
                0x00010ee8       0x54 ./framework/FunctionLib/FunctionLib.o
                0x00010ee8                FLib_MemCmp
 .text.FLib_MemSet
                0x00010f3c       0x38 ./framework/FunctionLib/FunctionLib.o
                0x00010f3c                FLib_MemSet
 .text.NV_VerifyCrcOverHWParameters
                0x00010f74       0x50 ./framework/Flash/Internal/Flash_Adapter.o
 .text.NV_ComputeCrcOverHWParameters
                0x00010fc4       0xe0 ./framework/Flash/Internal/Flash_Adapter.o
 .text.NV_ReadHWParameters
                0x000110a4       0x68 ./framework/Flash/Internal/Flash_Adapter.o
                0x000110a4                NV_ReadHWParameters
 .text.CLOCK_EnableClock
                0x0001110c       0x38 ./framework/DCDC/Source/DCDC.o
 .text.ADC16_EnableHardwareTrigger
                0x00011144       0x3c ./framework/DCDC/Source/DCDC.o
 .text.ADC16_GetChannelConversionValue
                0x00011180       0x30 ./framework/DCDC/Source/DCDC.o
 .text.DCDC_MakeADCConversion
                0x000111b0       0x44 ./framework/DCDC/Source/DCDC.o
 .text.DCDC_AdjustVbatDiv
                0x000111f4       0x68 ./framework/DCDC/Source/DCDC.o
 .text.DCDC_Get1P8VOutputTargetAndVBatInmV
                0x0001125c       0xf0 ./framework/DCDC/Source/DCDC.o
 .text.DCDC_mVTo1P8OutputTargetBoost
                0x0001134c      0x168 ./framework/DCDC/Source/DCDC.o
 .text.DCDC_mVTo1P8OutputTargetBuck
                0x000114b4       0xe4 ./framework/DCDC/Source/DCDC.o
 .text.DCDC_mVToMcuVOutputTargetBoost
                0x00011598       0x8c ./framework/DCDC/Source/DCDC.o
                0x00011598                DCDC_mVToMcuVOutputTargetBoost
 .text.DCDC_GetOutputTargetsBoost
                0x00011624       0xd4 ./framework/DCDC/Source/DCDC.o
 .text.DCDC_GetOutputTargetsBuck
                0x000116f8       0x90 ./framework/DCDC/Source/DCDC.o
 .text.DCDC_VBatMonitorBoost
                0x00011788      0x1c0 ./framework/DCDC/Source/DCDC.o
 .text.DCDC_VBatMonitorBuck
                0x00011948      0x1c4 ./framework/DCDC/Source/DCDC.o
 .text.DCDC_Init
                0x00011b0c      0x220 ./framework/DCDC/Source/DCDC.o
                0x00011b0c                DCDC_Init
 .text.CLOCK_EnableClock
                0x00011d2c       0x38 ./drivers/fsl_adc16.o
 .text.ADC16_GetInstance
                0x00011d64       0x48 ./drivers/fsl_adc16.o
 .text.ADC16_Init
                0x00011dac      0x114 ./drivers/fsl_adc16.o
                0x00011dac                ADC16_Init
 .text.ADC16_DoAutoCalibration
                0x00011ec0      0x11c ./drivers/fsl_adc16.o
                0x00011ec0                ADC16_DoAutoCalibration
 .text.ADC16_SetChannelMuxMode
                0x00011fdc       0x3c ./drivers/fsl_adc16.o
                0x00011fdc                ADC16_SetChannelMuxMode
 .text.ADC16_SetHardwareCompareConfig
                0x00012018       0x8c ./drivers/fsl_adc16.o
                0x00012018                ADC16_SetHardwareCompareConfig
 .text.ADC16_SetHardwareAverage
                0x000120a4       0x40 ./drivers/fsl_adc16.o
                0x000120a4                ADC16_SetHardwareAverage
 .text.ADC16_GetStatusFlags
                0x000120e4       0x3c ./drivers/fsl_adc16.o
                0x000120e4                ADC16_GetStatusFlags
 .text.ADC16_SetChannelConfig
                0x00012120       0x6c ./drivers/fsl_adc16.o
                0x00012120                ADC16_SetChannelConfig
 .text.ADC16_GetChannelStatusFlags
                0x0001218c       0x40 ./drivers/fsl_adc16.o
                0x0001218c                ADC16_GetChannelStatusFlags
 .text.CLOCK_SetEr32kClock
                0x000121cc       0x30 ./drivers/fsl_clock.o
 .text.CLOCK_GetMcgExtClkFreq
                0x000121fc       0x70 ./drivers/fsl_clock.o
 .text.CLOCK_GetFllExtRefClkFreq
                0x0001226c       0xb8 ./drivers/fsl_clock.o
 .text.CLOCK_GetInternalRefClkSelectFreq
                0x00012324       0x40 ./drivers/fsl_clock.o
 .text.CLOCK_GetFllRefClkFreq
                0x00012364       0x30 ./drivers/fsl_clock.o
 .text.CLOCK_GetOscRangeFromFreq
                0x00012394       0x4c ./drivers/fsl_clock.o
 .text.CLOCK_GetOsc0ErClkFreq
                0x000123e0       0x28 ./drivers/fsl_clock.o
                0x000123e0                CLOCK_GetOsc0ErClkFreq
 .text.CLOCK_SetSimConfig
                0x00012408       0x2c ./drivers/fsl_clock.o
                0x00012408                CLOCK_SetSimConfig
 .text.CLOCK_GetFllFreq
                0x00012434       0x78 ./drivers/fsl_clock.o
                0x00012434                CLOCK_GetFllFreq
 .text.CLOCK_GetInternalRefClkFreq
                0x000124ac       0x28 ./drivers/fsl_clock.o
                0x000124ac                CLOCK_GetInternalRefClkFreq
 .text.CLOCK_SetExternalRefClkConfig
                0x000124d4       0x80 ./drivers/fsl_clock.o
                0x000124d4                CLOCK_SetExternalRefClkConfig
 .text.CLOCK_SetInternalRefClkConfig
                0x00012554      0x12c ./drivers/fsl_clock.o
                0x00012554                CLOCK_SetInternalRefClkConfig
 .text.CLOCK_InitOsc0
                0x00012680       0x6c ./drivers/fsl_clock.o
                0x00012680                CLOCK_InitOsc0
 .text.CLOCK_SetFeeMode
                0x000126ec      0x144 ./drivers/fsl_clock.o
                0x000126ec                CLOCK_SetFeeMode
 .text.CLOCK_BootToFeeMode
                0x00012830       0x50 ./drivers/fsl_clock.o
                0x00012830                CLOCK_BootToFeeMode
 .text.DisableGlobalIRQ
                0x00012880       0x1c ./drivers/fsl_common.o
 .text.EnableGlobalIRQ
                0x0001289c       0x1c ./drivers/fsl_common.o
 .text.__assertion_failed
                0x000128b8       0x1c ./drivers/fsl_common.o
                0x000128b8                __assertion_failed
 .text.InstallIRQHandler
                0x000128d4       0x98 ./drivers/fsl_common.o
                0x000128d4                InstallIRQHandler
 .text.DSPI_IsMaster
                0x0001296c       0x18 ./drivers/fsl_dspi.o
 .text.DSPI_CommonIRQHandler
                0x00012984       0x40 ./drivers/fsl_dspi.o
 .text.SPI0_DriverIRQHandler
                0x000129c4       0x34 ./drivers/fsl_dspi.o
                0x000129c4                SPI0_DriverIRQHandler
 .text.SPI1_DriverIRQHandler
                0x000129f8       0x34 ./drivers/fsl_dspi.o
                0x000129f8                SPI1_DriverIRQHandler
 .text.GPIO_WritePinOutput
                0x00012a2c       0x34 ./drivers/fsl_gpio.o
 .text.GPIO_PinInit
                0x00012a60       0x64 ./drivers/fsl_gpio.o
                0x00012a60                GPIO_PinInit
 .text.I2C_TransferCommonIRQHandler
                0x00012ac4       0x54 ./drivers/fsl_i2c.o
 .text.I2C0_DriverIRQHandler
                0x00012b18       0x20 ./drivers/fsl_i2c.o
                0x00012b18                I2C0_DriverIRQHandler
 .text.I2C1_DriverIRQHandler
                0x00012b38       0x20 ./drivers/fsl_i2c.o
                0x00012b38                I2C1_DriverIRQHandler
 .text.CLOCK_EnableClock
                0x00012b58       0x38 ./drivers/fsl_lpuart.o
 .text.LPUART_GetInstance
                0x00012b90       0x48 ./drivers/fsl_lpuart.o
                0x00012b90                LPUART_GetInstance
 .text.LPUART_Init
                0x00012bd8      0x28c ./drivers/fsl_lpuart.o
                0x00012bd8                LPUART_Init
 .text.LPUART_GetDefaultConfig
                0x00012e64       0x50 ./drivers/fsl_lpuart.o
                0x00012e64                LPUART_GetDefaultConfig
 .text.LPUART_SetBaudRate
                0x00012eb4      0x194 ./drivers/fsl_lpuart.o
                0x00012eb4                LPUART_SetBaudRate
 .text.LPUART_EnableInterrupts
                0x00013048       0x3c ./drivers/fsl_lpuart.o
                0x00013048                LPUART_EnableInterrupts
 .text.LPUART_DisableInterrupts
                0x00013084       0x40 ./drivers/fsl_lpuart.o
                0x00013084                LPUART_DisableInterrupts
 .text.LPUART_GetEnabledInterrupts
                0x000130c4       0x34 ./drivers/fsl_lpuart.o
                0x000130c4                LPUART_GetEnabledInterrupts
 .text.LPUART_GetStatusFlags
                0x000130f8       0x18 ./drivers/fsl_lpuart.o
                0x000130f8                LPUART_GetStatusFlags
 .text.LPUART_ClearStatusFlags
                0x00013110       0x88 ./drivers/fsl_lpuart.o
                0x00013110                LPUART_ClearStatusFlags
 .text.LPUART0_DriverIRQHandler
                0x00013198       0x24 ./drivers/fsl_lpuart.o
                0x00013198                LPUART0_DriverIRQHandler
 .text.CLOCK_EnableClock
                0x000131bc       0x38 ./drivers/fsl_ltc.o
 .text.LTC_Init
                0x000131f4       0x1c ./drivers/fsl_ltc.o
                0x000131f4                LTC_Init
 .text.CLOCK_EnableClock
                0x00013210       0x38 ./drivers/fsl_tpm.o
 .text.TPM_GetInstance
                0x00013248       0x54 ./drivers/fsl_tpm.o
 .text.TPM_Init
                0x0001329c       0xec ./drivers/fsl_tpm.o
                0x0001329c                TPM_Init
 .text.TPM_SetupOutputCompare
                0x00013388      0x13c ./drivers/fsl_tpm.o
                0x00013388                TPM_SetupOutputCompare
 .text.TPM_EnableInterrupts
                0x000134c4       0x84 ./drivers/fsl_tpm.o
                0x000134c4                TPM_EnableInterrupts
 .text.CLOCK_EnableClock
                0x00013548       0x38 ./drivers/fsl_trng.o
 .text.trng_GetInstance
                0x00013580       0x48 ./drivers/fsl_trng.o
 .text.TRNG_GetDefaultConfig
                0x000135c8       0xe0 ./drivers/fsl_trng.o
                0x000135c8                TRNG_GetDefaultConfig
 .text.trng_SetRetryCount
                0x000136a8       0x50 ./drivers/fsl_trng.o
 .text.trng_SetStatisticalCheckLimit
                0x000136f8      0x31c ./drivers/fsl_trng.o
 .text.trng_ApplyUserConfig
                0x00013a14      0x1c4 ./drivers/fsl_trng.o
 .text.trng_ReadEntropy
                0x00013bd8       0x34 ./drivers/fsl_trng.o
 .text.TRNG_Init
                0x00013c0c       0xb8 ./drivers/fsl_trng.o
                0x00013c0c                TRNG_Init
 .text.TRNG_GetRandomData
                0x00013cc4       0xec ./drivers/fsl_trng.o
                0x00013cc4                TRNG_GetRandomData
 .text.CLOCK_EnableClock
                0x00013db0       0x38 ./board/board.o
 .text.hardware_init
                0x00013de8      0x220 ./board/board.o
                0x00013de8                hardware_init
 .text.NMI_Handler
                0x00014008       0x20 ./board/board.o
                0x00014008                NMI_Handler
 .text.BOARD_DCDCInit
                0x00014028       0x18 ./board/board.o
                0x00014028                BOARD_DCDCInit
 .text.BOARD_GetLpuartClock
                0x00014040       0x5c ./board/board.o
                0x00014040                BOARD_GetLpuartClock
 .text.BOARD_GetTpmClock
                0x0001409c       0x5c ./board/board.o
                0x0001409c                BOARD_GetTpmClock
 .text.CLOCK_EnableClock
                0x000140f8       0x38 ./board/clock_config.o
 .text.CLOCK_DisableClock
                0x00014130       0x38 ./board/clock_config.o
 .text.CLOCK_SetLpuartClock
                0x00014168       0x38 ./board/clock_config.o
 .text.CLOCK_SetTpmClock
                0x000141a0       0x38 ./board/clock_config.o
 .text.CLOCK_SetSimSafeDivs
                0x000141d8       0x1c ./board/clock_config.o
 .text.CLOCK_SetXtal0Freq
                0x000141f4       0x1c ./board/clock_config.o
 .text.CLOCK_SetXtal32Freq
                0x00014210       0x1c ./board/clock_config.o
 .text.RTC_SetOscCapLoad
                0x0001422c       0x34 ./board/clock_config.o
 .text.CLOCK_CONFIG_FllStableDelay
                0x00014260       0x24 ./board/clock_config.o
 .text.CLOCK_CONFIG_SetRtcClock
                0x00014284       0x4c ./board/clock_config.o
 .text.CLOCK_CONFIG_EnableRtcOsc
                0x000142d0       0x50 ./board/clock_config.o
 .text.BOARD_RfOscInit
                0x00014320       0xc8 ./board/clock_config.o
                0x00014320                BOARD_RfOscInit
 .text.BOARD_InitOsc0
                0x000143e8       0x30 ./board/clock_config.o
                0x000143e8                BOARD_InitOsc0
 .text.BOARD_BootClockRUN
                0x00014418       0x6c ./board/clock_config.o
                0x00014418                BOARD_BootClockRUN
 .text.CLOCK_EnableClock
                0x00014484       0x38 ./board/pin_mux.o
 .text.PORT_SetPinMux
                0x000144bc       0x40 ./board/pin_mux.o
 .text.BOARD_InitLEDs
                0x000144fc       0x78 ./board/pin_mux.o
                0x000144fc                BOARD_InitLEDs
 .text.BOARD_InitLPUART
                0x00014574       0x4c ./board/pin_mux.o
                0x00014574                BOARD_InitLPUART
 .text.SystemInit
                0x000145c0       0x18 ./CMSIS/system_MKW41Z4.o
                0x000145c0                SystemInit
 .text.roundf   0x000145d8       0x4c c:/nxp/mcuxpressoide_10.0.2_411/ide/tools/bin/../lib/gcc/arm-none-eabi/5.4.1/../../../../arm-none-eabi/lib/armv6-m\libm.a(lib_a-sf_round.o)
                0x000145d8                roundf
 .text.exit     0x00014624       0x20 c:/nxp/mcuxpressoide_10.0.2_411/ide/tools/bin/../lib/gcc/arm-none-eabi/5.4.1/../../../../arm-none-eabi/lib/armv6-m\libc.a(lib_a-exit.o)
                0x00014624                exit
 .text.__libc_init_array
                0x00014644       0x48 c:/nxp/mcuxpressoide_10.0.2_411/ide/tools/bin/../lib/gcc/arm-none-eabi/5.4.1/../../../../arm-none-eabi/lib/armv6-m\libc.a(lib_a-init.o)
                0x00014644                __libc_init_array
 .text.memcpy   0x0001468c       0x7c c:/nxp/mcuxpressoide_10.0.2_411/ide/tools/bin/../lib/gcc/arm-none-eabi/5.4.1/../../../../arm-none-eabi/lib/armv6-m\libc.a(lib_a-memcpy-stub.o)
                0x0001468c                memcpy
 .text.memset   0x00014708       0x8c c:/nxp/mcuxpressoide_10.0.2_411/ide/tools/bin/../lib/gcc/arm-none-eabi/5.4.1/../../../../arm-none-eabi/lib/armv6-m\libc.a(lib_a-memset.o)
                0x00014708                memset
 .text.snprintf
                0x00014794       0x84 c:/nxp/mcuxpressoide_10.0.2_411/ide/tools/bin/../lib/gcc/arm-none-eabi/5.4.1/../../../../arm-none-eabi/lib/armv6-m\libc.a(lib_a-snprintf.o)
                0x00014794                snprintf
 .text.sprintf  0x00014818       0x44 c:/nxp/mcuxpressoide_10.0.2_411/ide/tools/bin/../lib/gcc/arm-none-eabi/5.4.1/../../../../arm-none-eabi/lib/armv6-m\libc.a(lib_a-sprintf.o)
                0x00014818                sprintf
 .text.strlen   0x0001485c       0x68 c:/nxp/mcuxpressoide_10.0.2_411/ide/tools/bin/../lib/gcc/arm-none-eabi/5.4.1/../../../../arm-none-eabi/lib/armv6-m\libc.a(lib_a-strlen-stub.o)
                0x0001485c                strlen
 .text.strncmp  0x000148c4       0x98 c:/nxp/mcuxpressoide_10.0.2_411/ide/tools/bin/../lib/gcc/arm-none-eabi/5.4.1/../../../../arm-none-eabi/lib/armv6-m\libc.a(lib_a-strncmp.o)
                0x000148c4                strncmp
 .text.critical_factorization
                0x0001495c       0xc4 c:/nxp/mcuxpressoide_10.0.2_411/ide/tools/bin/../lib/gcc/arm-none-eabi/5.4.1/../../../../arm-none-eabi/lib/armv6-m\libc.a(lib_a-strstr.o)
 .text.two_way_long_needle
                0x00014a20      0x1ec c:/nxp/mcuxpressoide_10.0.2_411/ide/tools/bin/../lib/gcc/arm-none-eabi/5.4.1/../../../../arm-none-eabi/lib/armv6-m\libc.a(lib_a-strstr.o)
 .text.strstr   0x00014c0c      0x1f4 c:/nxp/mcuxpressoide_10.0.2_411/ide/tools/bin/../lib/gcc/arm-none-eabi/5.4.1/../../../../arm-none-eabi/lib/armv6-m\libc.a(lib_a-strstr.o)
                0x00014c0c                strstr
 .text._svfprintf_r
                0x00014e00     0x1820 c:/nxp/mcuxpressoide_10.0.2_411/ide/tools/bin/../lib/gcc/arm-none-eabi/5.4.1/../../../../arm-none-eabi/lib/armv6-m\libc.a(lib_a-svfprintf.o)
                0x00014e00                _svfprintf_r
 .text.startup.register_fini
                0x00016620       0x18 c:/nxp/mcuxpressoide_10.0.2_411/ide/tools/bin/../lib/gcc/arm-none-eabi/5.4.1/../../../../arm-none-eabi/lib/armv6-m\libc.a(lib_a-__call_atexit.o)
 .text.__call_exitprocs
                0x00016638       0xfc c:/nxp/mcuxpressoide_10.0.2_411/ide/tools/bin/../lib/gcc/arm-none-eabi/5.4.1/../../../../arm-none-eabi/lib/armv6-m\libc.a(lib_a-__call_atexit.o)
                0x00016638                __call_exitprocs
 .text.atexit   0x00016734       0x10 c:/nxp/mcuxpressoide_10.0.2_411/ide/tools/bin/../lib/gcc/arm-none-eabi/5.4.1/../../../../arm-none-eabi/lib/armv6-m\libc.a(lib_a-atexit.o)
                0x00016734                atexit
 .text.quorem   0x00016744      0x150 c:/nxp/mcuxpressoide_10.0.2_411/ide/tools/bin/../lib/gcc/arm-none-eabi/5.4.1/../../../../arm-none-eabi/lib/armv6-m\libc.a(lib_a-dtoa.o)
 .text._dtoa_r  0x00016894      0xf54 c:/nxp/mcuxpressoide_10.0.2_411/ide/tools/bin/../lib/gcc/arm-none-eabi/5.4.1/../../../../arm-none-eabi/lib/armv6-m\libc.a(lib_a-dtoa.o)
                0x00016894                _dtoa_r
 .text.__libc_fini_array
                0x000177e8       0x34 c:/nxp/mcuxpressoide_10.0.2_411/ide/tools/bin/../lib/gcc/arm-none-eabi/5.4.1/../../../../arm-none-eabi/lib/armv6-m\libc.a(lib_a-fini.o)
                0x000177e8                __libc_fini_array
 .text._localeconv_r
                0x0001781c       0x1c c:/nxp/mcuxpressoide_10.0.2_411/ide/tools/bin/../lib/gcc/arm-none-eabi/5.4.1/../../../../arm-none-eabi/lib/armv6-m\libc.a(lib_a-localeconv.o)
                0x0001781c                _localeconv_r
 .text._malloc_r
                0x00017838      0x554 c:/nxp/mcuxpressoide_10.0.2_411/ide/tools/bin/../lib/gcc/arm-none-eabi/5.4.1/../../../../arm-none-eabi/lib/armv6-m\libc.a(lib_a-mallocr.o)
                0x00017838                _malloc_r
 .text.memchr   0x00017d8c       0x90 c:/nxp/mcuxpressoide_10.0.2_411/ide/tools/bin/../lib/gcc/arm-none-eabi/5.4.1/../../../../arm-none-eabi/lib/armv6-m\libc.a(lib_a-memchr-stub.o)
                0x00017d8c                memchr
 .text.memcmp   0x00017e1c       0x50 c:/nxp/mcuxpressoide_10.0.2_411/ide/tools/bin/../lib/gcc/arm-none-eabi/5.4.1/../../../../arm-none-eabi/lib/armv6-m\libc.a(lib_a-memcmp.o)
                0x00017e1c                memcmp
 .text.__malloc_lock
                0x00017e6c        0x4 c:/nxp/mcuxpressoide_10.0.2_411/ide/tools/bin/../lib/gcc/arm-none-eabi/5.4.1/../../../../arm-none-eabi/lib/armv6-m\libc.a(lib_a-mlock.o)
                0x00017e6c                __malloc_lock
 .text.__malloc_unlock
                0x00017e70        0x4 c:/nxp/mcuxpressoide_10.0.2_411/ide/tools/bin/../lib/gcc/arm-none-eabi/5.4.1/../../../../arm-none-eabi/lib/armv6-m\libc.a(lib_a-mlock.o)
                0x00017e70                __malloc_unlock
 .text._Balloc  0x00017e74       0x50 c:/nxp/mcuxpressoide_10.0.2_411/ide/tools/bin/../lib/gcc/arm-none-eabi/5.4.1/../../../../arm-none-eabi/lib/armv6-m\libc.a(lib_a-mprec.o)
                0x00017e74                _Balloc
 .text._Bfree   0x00017ec4       0x14 c:/nxp/mcuxpressoide_10.0.2_411/ide/tools/bin/../lib/gcc/arm-none-eabi/5.4.1/../../../../arm-none-eabi/lib/armv6-m\libc.a(lib_a-mprec.o)
                0x00017ec4                _Bfree
 .text.__multadd
                0x00017ed8       0x8c c:/nxp/mcuxpressoide_10.0.2_411/ide/tools/bin/../lib/gcc/arm-none-eabi/5.4.1/../../../../arm-none-eabi/lib/armv6-m\libc.a(lib_a-mprec.o)
                0x00017ed8                __multadd
 .text.__hi0bits
                0x00017f64       0x3c c:/nxp/mcuxpressoide_10.0.2_411/ide/tools/bin/../lib/gcc/arm-none-eabi/5.4.1/../../../../arm-none-eabi/lib/armv6-m\libc.a(lib_a-mprec.o)
                0x00017f64                __hi0bits
 .text.__lo0bits
                0x00017fa0       0x5c c:/nxp/mcuxpressoide_10.0.2_411/ide/tools/bin/../lib/gcc/arm-none-eabi/5.4.1/../../../../arm-none-eabi/lib/armv6-m\libc.a(lib_a-mprec.o)
                0x00017fa0                __lo0bits
 .text.__i2b    0x00017ffc       0x14 c:/nxp/mcuxpressoide_10.0.2_411/ide/tools/bin/../lib/gcc/arm-none-eabi/5.4.1/../../../../arm-none-eabi/lib/armv6-m\libc.a(lib_a-mprec.o)
                0x00017ffc                __i2b
 .text.__multiply
                0x00018010      0x15c c:/nxp/mcuxpressoide_10.0.2_411/ide/tools/bin/../lib/gcc/arm-none-eabi/5.4.1/../../../../arm-none-eabi/lib/armv6-m\libc.a(lib_a-mprec.o)
                0x00018010                __multiply
 .text.__pow5mult
                0x0001816c       0xbc c:/nxp/mcuxpressoide_10.0.2_411/ide/tools/bin/../lib/gcc/arm-none-eabi/5.4.1/../../../../arm-none-eabi/lib/armv6-m\libc.a(lib_a-mprec.o)
                0x0001816c                __pow5mult
 .text.__lshift
                0x00018228       0xc0 c:/nxp/mcuxpressoide_10.0.2_411/ide/tools/bin/../lib/gcc/arm-none-eabi/5.4.1/../../../../arm-none-eabi/lib/armv6-m\libc.a(lib_a-mprec.o)
                0x00018228                __lshift
 .text.__mcmp   0x000182e8       0x3c c:/nxp/mcuxpressoide_10.0.2_411/ide/tools/bin/../lib/gcc/arm-none-eabi/5.4.1/../../../../arm-none-eabi/lib/armv6-m\libc.a(lib_a-mprec.o)
                0x000182e8                __mcmp
 .text.__mdiff  0x00018324      0x11c c:/nxp/mcuxpressoide_10.0.2_411/ide/tools/bin/../lib/gcc/arm-none-eabi/5.4.1/../../../../arm-none-eabi/lib/armv6-m\libc.a(lib_a-mprec.o)
                0x00018324                __mdiff
 .text.__d2b    0x00018440       0xbc c:/nxp/mcuxpressoide_10.0.2_411/ide/tools/bin/../lib/gcc/arm-none-eabi/5.4.1/../../../../arm-none-eabi/lib/armv6-m\libc.a(lib_a-mprec.o)
                0x00018440                __d2b
 .text._sbrk_r  0x000184fc       0x24 c:/nxp/mcuxpressoide_10.0.2_411/ide/tools/bin/../lib/gcc/arm-none-eabi/5.4.1/../../../../arm-none-eabi/lib/armv6-m\libc.a(lib_a-sbrkr.o)
                0x000184fc                _sbrk_r
 .text.strchr   0x00018520       0xdc c:/nxp/mcuxpressoide_10.0.2_411/ide/tools/bin/../lib/gcc/arm-none-eabi/5.4.1/../../../../arm-none-eabi/lib/armv6-m\libc.a(lib_a-strchr.o)
                0x00018520                strchr
 .text.__ssprint_r
                0x000185fc      0x130 c:/nxp/mcuxpressoide_10.0.2_411/ide/tools/bin/../lib/gcc/arm-none-eabi/5.4.1/../../../../arm-none-eabi/lib/armv6-m\libc.a(lib_a-svfiprintf.o)
                0x000185fc                __ssprint_r
 .text.__register_exitproc
                0x0001872c       0xd4 c:/nxp/mcuxpressoide_10.0.2_411/ide/tools/bin/../lib/gcc/arm-none-eabi/5.4.1/../../../../arm-none-eabi/lib/armv6-m\libc.a(lib_a-__atexit.o)
                0x0001872c                __register_exitproc
 .text._calloc_r
                0x00018800       0x60 c:/nxp/mcuxpressoide_10.0.2_411/ide/tools/bin/../lib/gcc/arm-none-eabi/5.4.1/../../../../arm-none-eabi/lib/armv6-m\libc.a(lib_a-callocr.o)
                0x00018800                _calloc_r
 .text._malloc_trim_r
                0x00018860       0xa0 c:/nxp/mcuxpressoide_10.0.2_411/ide/tools/bin/../lib/gcc/arm-none-eabi/5.4.1/../../../../arm-none-eabi/lib/armv6-m\libc.a(lib_a-freer.o)
                0x00018860                _malloc_trim_r
 .text._free_r  0x00018900      0x1c4 c:/nxp/mcuxpressoide_10.0.2_411/ide/tools/bin/../lib/gcc/arm-none-eabi/5.4.1/../../../../arm-none-eabi/lib/armv6-m\libc.a(lib_a-freer.o)
                0x00018900                _free_r
 .text.__ascii_mbtowc
                0x00018ac4       0x2c c:/nxp/mcuxpressoide_10.0.2_411/ide/tools/bin/../lib/gcc/arm-none-eabi/5.4.1/../../../../arm-none-eabi/lib/armv6-m\libc.a(lib_a-mbtowc_r.o)
                0x00018ac4                __ascii_mbtowc
 .text.memmove  0x00018af0       0x98 c:/nxp/mcuxpressoide_10.0.2_411/ide/tools/bin/../lib/gcc/arm-none-eabi/5.4.1/../../../../arm-none-eabi/lib/armv6-m\libc.a(lib_a-memmove.o)
                0x00018af0                memmove
 .text._realloc_r
                0x00018b88      0x3dc c:/nxp/mcuxpressoide_10.0.2_411/ide/tools/bin/../lib/gcc/arm-none-eabi/5.4.1/../../../../arm-none-eabi/lib/armv6-m\libc.a(lib_a-reallocr.o)
                0x00018b88                _realloc_r
 .text.__ascii_wctomb
                0x00018f64       0x1c c:/nxp/mcuxpressoide_10.0.2_411/ide/tools/bin/../lib/gcc/arm-none-eabi/5.4.1/../../../../arm-none-eabi/lib/armv6-m\libc.a(lib_a-wctomb_r.o)
                0x00018f64                __ascii_wctomb
 .text._sbrk    0x00018f80       0x1c c:/nxp/mcuxpressoide_10.0.2_411/ide/tools/bin/../lib/gcc/arm-none-eabi/5.4.1/../../../../arm-none-eabi/lib/armv6-m\libnosys.a(sbrk.o)
                0x00018f80                _sbrk
 .text._exit    0x00018f9c        0x4 c:/nxp/mcuxpressoide_10.0.2_411/ide/tools/bin/../lib/gcc/arm-none-eabi/5.4.1/../../../../arm-none-eabi/lib/armv6-m\libnosys.a(_exit.o)
                0x00018f9c                _exit
 *(.rodata)
 .rodata        0x00018fa0       0xd6 ./source/genfsk.o
 *fill*         0x00019076        0x2 
 .rodata        0x00019078      0x134 ./source/ppp-webserver.o
 .rodata        0x000191ac        0xc ./genfsk/genfsk_ll.o
 .rodata        0x000191b8       0x15 ./genfsk/genfsk_utils.o
 *fill*         0x000191cd        0x3 
 .rodata        0x000191d0       0x18 ./freertos/tasks.o
                0x000191d8                FreeRTOSDebugConfig
 .rodata        0x000191e8        0xd ./freertos/timers.o
 *fill*         0x000191f5        0x3 
 .rodata        0x000191f8       0x18 ./framework/XCVR/MKW41Z4/fsl_xcvr.o
 .rodata        0x00019210        0xe ./framework/TimersManager/Source/TimersManager.o
 *fill*         0x0001921e        0x2 
 .rodata        0x00019220       0x12 ./framework/SerialManager/Source/SerialManager.o
 *fill*         0x00019232        0x2 
 .rodata        0x00019234        0xd ./framework/OSAbstraction/Source/fsl_os_abstraction_free_rtos.o
 *fill*         0x00019241        0x3 
 .rodata        0x00019244       0x1e ./framework/ModuleInfo/ModuleInfo.o
 *fill*         0x00019262        0x2 
 .rodata        0x00019264       0x56 ./framework/GPIO/GPIO_Adapter.o
 *fill*         0x000192ba        0x2 
 .rodata        0x000192bc       0x6b ./framework/DCDC/Source/DCDC.o
 *fill*         0x00019327        0x1 
 .rodata        0x00019328      0x13a ./drivers/fsl_adc16.o
 *fill*         0x00019462        0x2 
 .rodata        0x00019464       0xd9 ./drivers/fsl_clock.o
 *fill*         0x0001953d        0x3 
 .rodata        0x00019540        0x4 ./drivers/fsl_common.o
 .rodata        0x00019544      0x46d ./drivers/fsl_dspi.o
 *fill*         0x000199b1        0x3 
 .rodata        0x000199b4       0xc7 ./drivers/fsl_gpio.o
 *fill*         0x00019a7b        0x1 
 .rodata        0x00019a7c      0x4da ./drivers/fsl_lpuart.o
 *fill*         0x00019f56        0x2 
 .rodata        0x00019f58      0x473 ./drivers/fsl_tpm.o
 *fill*         0x0001a3cb        0x1 
 .rodata        0x0001a3cc       0x40 ./drivers/fsl_trng.o
 .rodata        0x0001a40c       0x80 c:/nxp/mcuxpressoide_10.0.2_411/ide/tools/bin/../lib/gcc/arm-none-eabi/5.4.1/armv6-m\libgcc.a(divsf3.o)
 .rodata        0x0001a48c       0x40 c:/nxp/mcuxpressoide_10.0.2_411/ide/tools/bin/../lib/gcc/arm-none-eabi/5.4.1/armv6-m\libgcc.a(mulsf3.o)
 .rodata        0x0001a4cc       0x40 c:/nxp/mcuxpressoide_10.0.2_411/ide/tools/bin/../lib/gcc/arm-none-eabi/5.4.1/armv6-m\libgcc.a(divdf3.o)
 .rodata        0x0001a50c       0x40 c:/nxp/mcuxpressoide_10.0.2_411/ide/tools/bin/../lib/gcc/arm-none-eabi/5.4.1/armv6-m\libgcc.a(muldf3.o)
 *(.rodata*)
 .rodata.rootWebPage
                0x0001a54c      0x203 ./source/ppp-webserver.o
 *fill*         0x0001a74f        0x1 
 .rodata.tcpHandler
                0x0001a750       0x68 ./source/ppp-webserver.o
 .rodata.mDefaultRadioConfig
                0x0001a7b8        0x2 ./genfsk/genfsk_ll.o
 *fill*         0x0001a7ba        0x2 
 .rodata.mDefaultPacketConfig
                0x0001a7bc       0x10 ./genfsk/genfsk_ll.o
 .rodata.mDefaultCrcConfig
                0x0001a7cc       0x14 ./genfsk/genfsk_ll.o
 .rodata.mDefaultWhitenerConfig
                0x0001a7e0       0x12 ./genfsk/genfsk_ll.o
 *fill*         0x0001a7f2        0x2 
 .rodata.GENFSK_RadioConfig
                0x0001a7f4       0x20 ./genfsk/genfsk_ll.o
 .rodata.GENFSK_StartTx
                0x0001a814       0x18 ./genfsk/genfsk_ll.o
 .rodata.GENFSK_SwitchToInstance
                0x0001a82c       0x1c ./genfsk/genfsk_utils.o
 .rodata.prvProcessReceivedCommands
                0x0001a848       0x28 ./freertos/timers.o
 .rodata.ant_mode_config
                0x0001a870       0x48 ./framework/XCVR/MKW41Z4/cfgs_kw4x_3x_2x/fsl_xcvr_ant_config.o
                0x0001a870                ant_mode_config
 .rodata.xcvr_ANT_1mbps_config
                0x0001a8b8       0x68 ./framework/XCVR/MKW41Z4/cfgs_kw4x_3x_2x/fsl_xcvr_ant_config.o
                0x0001a8b8                xcvr_ANT_1mbps_config
 .rodata.ble_mode_config
                0x0001a920       0x48 ./framework/XCVR/MKW41Z4/cfgs_kw4x_3x_2x/fsl_xcvr_ble_config.o
                0x0001a920                ble_mode_config
 .rodata.xcvr_BLE_1mbps_config
                0x0001a968       0x68 ./framework/XCVR/MKW41Z4/cfgs_kw4x_3x_2x/fsl_xcvr_ble_config.o
                0x0001a968                xcvr_BLE_1mbps_config
 .rodata.xcvr_common_config
                0x0001a9d0      0x23c ./framework/XCVR/MKW41Z4/cfgs_kw4x_3x_2x/fsl_xcvr_common_config.o
                0x0001a9d0                xcvr_common_config
 .rodata.gfsk_bt_0p3_h_0p5_mode_config
                0x0001ac0c       0x48 ./framework/XCVR/MKW41Z4/cfgs_kw4x_3x_2x/fsl_xcvr_gfsk_bt_0p3_h_0p5_config.o
                0x0001ac0c                gfsk_bt_0p3_h_0p5_mode_config
 .rodata.xcvr_GFSK_BT_0p3_h_0p5_1mbps_config
                0x0001ac54       0x68 ./framework/XCVR/MKW41Z4/cfgs_kw4x_3x_2x/fsl_xcvr_gfsk_bt_0p3_h_0p5_config.o
                0x0001ac54                xcvr_GFSK_BT_0p3_h_0p5_1mbps_config
 .rodata.xcvr_GFSK_BT_0p3_h_0p5_500kbps_config
                0x0001acbc       0x68 ./framework/XCVR/MKW41Z4/cfgs_kw4x_3x_2x/fsl_xcvr_gfsk_bt_0p3_h_0p5_config.o
                0x0001acbc                xcvr_GFSK_BT_0p3_h_0p5_500kbps_config
 .rodata.xcvr_GFSK_BT_0p3_h_0p5_250kbps_config
                0x0001ad24       0x68 ./framework/XCVR/MKW41Z4/cfgs_kw4x_3x_2x/fsl_xcvr_gfsk_bt_0p3_h_0p5_config.o
                0x0001ad24                xcvr_GFSK_BT_0p3_h_0p5_250kbps_config
 .rodata.gfsk_bt_0p5_h_0p32_mode_config
                0x0001ad8c       0x48 ./framework/XCVR/MKW41Z4/cfgs_kw4x_3x_2x/fsl_xcvr_gfsk_bt_0p5_h_0p32_config.o
                0x0001ad8c                gfsk_bt_0p5_h_0p32_mode_config
 .rodata.xcvr_GFSK_BT_0p5_h_0p32_1mbps_config
                0x0001add4       0x68 ./framework/XCVR/MKW41Z4/cfgs_kw4x_3x_2x/fsl_xcvr_gfsk_bt_0p5_h_0p32_config.o
                0x0001add4                xcvr_GFSK_BT_0p5_h_0p32_1mbps_config
 .rodata.xcvr_GFSK_BT_0p5_h_0p32_500kbps_config
                0x0001ae3c       0x68 ./framework/XCVR/MKW41Z4/cfgs_kw4x_3x_2x/fsl_xcvr_gfsk_bt_0p5_h_0p32_config.o
                0x0001ae3c                xcvr_GFSK_BT_0p5_h_0p32_500kbps_config
 .rodata.xcvr_GFSK_BT_0p5_h_0p32_250kbps_config
                0x0001aea4       0x68 ./framework/XCVR/MKW41Z4/cfgs_kw4x_3x_2x/fsl_xcvr_gfsk_bt_0p5_h_0p32_config.o
                0x0001aea4                xcvr_GFSK_BT_0p5_h_0p32_250kbps_config
 .rodata.gfsk_bt_0p5_h_0p5_mode_config
                0x0001af0c       0x48 ./framework/XCVR/MKW41Z4/cfgs_kw4x_3x_2x/fsl_xcvr_gfsk_bt_0p5_h_0p5_config.o
                0x0001af0c                gfsk_bt_0p5_h_0p5_mode_config
 .rodata.xcvr_GFSK_BT_0p5_h_0p5_1mbps_config
                0x0001af54       0x68 ./framework/XCVR/MKW41Z4/cfgs_kw4x_3x_2x/fsl_xcvr_gfsk_bt_0p5_h_0p5_config.o
                0x0001af54                xcvr_GFSK_BT_0p5_h_0p5_1mbps_config
 .rodata.xcvr_GFSK_BT_0p5_h_0p5_500kbps_config
                0x0001afbc       0x68 ./framework/XCVR/MKW41Z4/cfgs_kw4x_3x_2x/fsl_xcvr_gfsk_bt_0p5_h_0p5_config.o
                0x0001afbc                xcvr_GFSK_BT_0p5_h_0p5_500kbps_config
 .rodata.xcvr_GFSK_BT_0p5_h_0p5_250kbps_config
                0x0001b024       0x68 ./framework/XCVR/MKW41Z4/cfgs_kw4x_3x_2x/fsl_xcvr_gfsk_bt_0p5_h_0p5_config.o
                0x0001b024                xcvr_GFSK_BT_0p5_h_0p5_250kbps_config
 .rodata.gfsk_bt_0p5_h_0p7_mode_config
                0x0001b08c       0x48 ./framework/XCVR/MKW41Z4/cfgs_kw4x_3x_2x/fsl_xcvr_gfsk_bt_0p5_h_0p7_config.o
                0x0001b08c                gfsk_bt_0p5_h_0p7_mode_config
 .rodata.xcvr_GFSK_BT_0p5_h_0p7_1mbps_config
                0x0001b0d4       0x68 ./framework/XCVR/MKW41Z4/cfgs_kw4x_3x_2x/fsl_xcvr_gfsk_bt_0p5_h_0p7_config.o
                0x0001b0d4                xcvr_GFSK_BT_0p5_h_0p7_1mbps_config
 .rodata.xcvr_GFSK_BT_0p5_h_0p7_500kbps_config
                0x0001b13c       0x68 ./framework/XCVR/MKW41Z4/cfgs_kw4x_3x_2x/fsl_xcvr_gfsk_bt_0p5_h_0p7_config.o
                0x0001b13c                xcvr_GFSK_BT_0p5_h_0p7_500kbps_config
 .rodata.xcvr_GFSK_BT_0p5_h_0p7_250kbps_config
                0x0001b1a4       0x68 ./framework/XCVR/MKW41Z4/cfgs_kw4x_3x_2x/fsl_xcvr_gfsk_bt_0p5_h_0p7_config.o
                0x0001b1a4                xcvr_GFSK_BT_0p5_h_0p7_250kbps_config
 .rodata.gfsk_bt_0p5_h_1p0_mode_config
                0x0001b20c       0x48 ./framework/XCVR/MKW41Z4/cfgs_kw4x_3x_2x/fsl_xcvr_gfsk_bt_0p5_h_1p0_config.o
                0x0001b20c                gfsk_bt_0p5_h_1p0_mode_config
 .rodata.xcvr_GFSK_BT_0p5_h_1p0_1mbps_config
                0x0001b254       0x68 ./framework/XCVR/MKW41Z4/cfgs_kw4x_3x_2x/fsl_xcvr_gfsk_bt_0p5_h_1p0_config.o
                0x0001b254                xcvr_GFSK_BT_0p5_h_1p0_1mbps_config
 .rodata.xcvr_GFSK_BT_0p5_h_1p0_500kbps_config
                0x0001b2bc       0x68 ./framework/XCVR/MKW41Z4/cfgs_kw4x_3x_2x/fsl_xcvr_gfsk_bt_0p5_h_1p0_config.o
                0x0001b2bc                xcvr_GFSK_BT_0p5_h_1p0_500kbps_config
 .rodata.xcvr_GFSK_BT_0p5_h_1p0_250kbps_config
                0x0001b324       0x68 ./framework/XCVR/MKW41Z4/cfgs_kw4x_3x_2x/fsl_xcvr_gfsk_bt_0p5_h_1p0_config.o
                0x0001b324                xcvr_GFSK_BT_0p5_h_1p0_250kbps_config
 .rodata.gfsk_bt_0p7_h_0p5_mode_config
                0x0001b38c       0x48 ./framework/XCVR/MKW41Z4/cfgs_kw4x_3x_2x/fsl_xcvr_gfsk_bt_0p7_h_0p5_config.o
                0x0001b38c                gfsk_bt_0p7_h_0p5_mode_config
 .rodata.xcvr_GFSK_BT_0p7_h_0p5_1mbps_config
                0x0001b3d4       0x68 ./framework/XCVR/MKW41Z4/cfgs_kw4x_3x_2x/fsl_xcvr_gfsk_bt_0p7_h_0p5_config.o
                0x0001b3d4                xcvr_GFSK_BT_0p7_h_0p5_1mbps_config
 .rodata.xcvr_GFSK_BT_0p7_h_0p5_500kbps_config
                0x0001b43c       0x68 ./framework/XCVR/MKW41Z4/cfgs_kw4x_3x_2x/fsl_xcvr_gfsk_bt_0p7_h_0p5_config.o
                0x0001b43c                xcvr_GFSK_BT_0p7_h_0p5_500kbps_config
 .rodata.xcvr_GFSK_BT_0p7_h_0p5_250kbps_config
                0x0001b4a4       0x68 ./framework/XCVR/MKW41Z4/cfgs_kw4x_3x_2x/fsl_xcvr_gfsk_bt_0p7_h_0p5_config.o
                0x0001b4a4                xcvr_GFSK_BT_0p7_h_0p5_250kbps_config
 .rodata.xcvr_1mbps_config
                0x0001b50c       0x40 ./framework/XCVR/MKW41Z4/cfgs_kw4x_3x_2x/fsl_xcvr_mode_datarate_config.o
                0x0001b50c                xcvr_1mbps_config
 .rodata.xcvr_500kbps_config
                0x0001b54c       0x40 ./framework/XCVR/MKW41Z4/cfgs_kw4x_3x_2x/fsl_xcvr_mode_datarate_config.o
                0x0001b54c                xcvr_500kbps_config
 .rodata.xcvr_250kbps_config
                0x0001b58c       0x40 ./framework/XCVR/MKW41Z4/cfgs_kw4x_3x_2x/fsl_xcvr_mode_datarate_config.o
                0x0001b58c                xcvr_250kbps_config
 .rodata.msk_mode_config
                0x0001b5cc       0x48 ./framework/XCVR/MKW41Z4/cfgs_kw4x_3x_2x/fsl_xcvr_msk_config.o
                0x0001b5cc                msk_mode_config
 .rodata.xcvr_MSK_1mbps_config
                0x0001b614       0x68 ./framework/XCVR/MKW41Z4/cfgs_kw4x_3x_2x/fsl_xcvr_msk_config.o
                0x0001b614                xcvr_MSK_1mbps_config
 .rodata.xcvr_MSK_500kbps_config
                0x0001b67c       0x68 ./framework/XCVR/MKW41Z4/cfgs_kw4x_3x_2x/fsl_xcvr_msk_config.o
                0x0001b67c                xcvr_MSK_500kbps_config
 .rodata.xcvr_MSK_250kbps_config
                0x0001b6e4       0x68 ./framework/XCVR/MKW41Z4/cfgs_kw4x_3x_2x/fsl_xcvr_msk_config.o
                0x0001b6e4                xcvr_MSK_250kbps_config
 .rodata.zgbe_mode_config
                0x0001b74c       0x48 ./framework/XCVR/MKW41Z4/cfgs_kw4x_3x_2x/fsl_xcvr_zgbe_config.o
                0x0001b74c                zgbe_mode_config
 .rodata.xcvr_ZIGBEE_500kbps_config