Archive member included to satisfy reference by file (symbol)

c:/nxp/mcuxpressoide_10.0.2_411/ide/tools/bin/../lib/gcc/arm-none-eabi/5.4.1/../../../../arm-none-eabi/lib/armv6-m\libm.a(lib_a-s_round.o)
                              ./framework/XCVR/MKW41Z4/fsl_xcvr.o (round)
c:/nxp/mcuxpressoide_10.0.2_411/ide/tools/bin/../lib/gcc/arm-none-eabi/5.4.1/../../../../arm-none-eabi/lib/armv6-m\libm.a(lib_a-s_trunc.o)
                              ./framework/XCVR/MKW41Z4/fsl_xcvr.o (trunc)
c:/nxp/mcuxpressoide_10.0.2_411/ide/tools/bin/../lib/gcc/arm-none-eabi/5.4.1/../../../../arm-none-eabi/lib/armv6-m\libm.a(lib_a-sf_round.o)
                              ./framework/XCVR/MKW41Z4/fsl_xcvr_trim.o (roundf)
c:/nxp/mcuxpressoide_10.0.2_411/ide/tools/bin/../lib/gcc/arm-none-eabi/5.4.1/../../../../arm-none-eabi/lib/armv6-m\libc.a(lib_a-exit.o)
                              c:/nxp/mcuxpressoide_10.0.2_411/ide/tools/bin/../lib/gcc/arm-none-eabi/5.4.1/../../../../arm-none-eabi/lib/armv6-m/crt0.o (exit)
c:/nxp/mcuxpressoide_10.0.2_411/ide/tools/bin/../lib/gcc/arm-none-eabi/5.4.1/../../../../arm-none-eabi/lib/armv6-m\libc.a(lib_a-impure.o)
                              c:/nxp/mcuxpressoide_10.0.2_411/ide/tools/bin/../lib/gcc/arm-none-eabi/5.4.1/../../../../arm-none-eabi/lib/armv6-m\libc.a(lib_a-exit.o) (_global_impure_ptr)
c:/nxp/mcuxpressoide_10.0.2_411/ide/tools/bin/../lib/gcc/arm-none-eabi/5.4.1/../../../../arm-none-eabi/lib/armv6-m\libc.a(lib_a-init.o)
                              c:/nxp/mcuxpressoide_10.0.2_411/ide/tools/bin/../lib/gcc/arm-none-eabi/5.4.1/../../../../arm-none-eabi/lib/armv6-m/crt0.o (__libc_init_array)
c:/nxp/mcuxpressoide_10.0.2_411/ide/tools/bin/../lib/gcc/arm-none-eabi/5.4.1/../../../../arm-none-eabi/lib/armv6-m\libc.a(lib_a-memcpy-stub.o)
                              ./freertos/queue.o (memcpy)
c:/nxp/mcuxpressoide_10.0.2_411/ide/tools/bin/../lib/gcc/arm-none-eabi/5.4.1/../../../../arm-none-eabi/lib/armv6-m\libc.a(lib_a-memset.o)
                              c:/nxp/mcuxpressoide_10.0.2_411/ide/tools/bin/../lib/gcc/arm-none-eabi/5.4.1/../../../../arm-none-eabi/lib/armv6-m/crt0.o (memset)
c:/nxp/mcuxpressoide_10.0.2_411/ide/tools/bin/../lib/gcc/arm-none-eabi/5.4.1/../../../../arm-none-eabi/lib/armv6-m\libc.a(lib_a-strlen-stub.o)
                              ./utilities/fsl_debug_console.o (strlen)
c:/nxp/mcuxpressoide_10.0.2_411/ide/tools/bin/../lib/gcc/arm-none-eabi/5.4.1/../../../../arm-none-eabi/lib/armv6-m\libc.a(lib_a-__call_atexit.o)
                              c:/nxp/mcuxpressoide_10.0.2_411/ide/tools/bin/../lib/gcc/arm-none-eabi/5.4.1/../../../../arm-none-eabi/lib/armv6-m\libc.a(lib_a-exit.o) (__call_exitprocs)
c:/nxp/mcuxpressoide_10.0.2_411/ide/tools/bin/../lib/gcc/arm-none-eabi/5.4.1/../../../../arm-none-eabi/lib/armv6-m\libc.a(lib_a-atexit.o)
                              c:/nxp/mcuxpressoide_10.0.2_411/ide/tools/bin/../lib/gcc/arm-none-eabi/5.4.1/../../../../arm-none-eabi/lib/armv6-m\libc.a(lib_a-__call_atexit.o) (atexit)
c:/nxp/mcuxpressoide_10.0.2_411/ide/tools/bin/../lib/gcc/arm-none-eabi/5.4.1/../../../../arm-none-eabi/lib/armv6-m\libc.a(lib_a-fini.o)
                              c:/nxp/mcuxpressoide_10.0.2_411/ide/tools/bin/../lib/gcc/arm-none-eabi/5.4.1/../../../../arm-none-eabi/lib/armv6-m\libc.a(lib_a-__call_atexit.o) (__libc_fini_array)
c:/nxp/mcuxpressoide_10.0.2_411/ide/tools/bin/../lib/gcc/arm-none-eabi/5.4.1/../../../../arm-none-eabi/lib/armv6-m\libc.a(lib_a-__atexit.o)
                              c:/nxp/mcuxpressoide_10.0.2_411/ide/tools/bin/../lib/gcc/arm-none-eabi/5.4.1/../../../../arm-none-eabi/lib/armv6-m\libc.a(lib_a-atexit.o) (__register_exitproc)
c:/nxp/mcuxpressoide_10.0.2_411/ide/tools/bin/../lib/gcc/arm-none-eabi/5.4.1/armv6-m\libgcc.a(_udivsi3.o)
                              ./utilities/fsl_debug_console.o (__aeabi_uidiv)
c:/nxp/mcuxpressoide_10.0.2_411/ide/tools/bin/../lib/gcc/arm-none-eabi/5.4.1/armv6-m\libgcc.a(_divsi3.o)
                              ./utilities/fsl_debug_console.o (__aeabi_idiv)
c:/nxp/mcuxpressoide_10.0.2_411/ide/tools/bin/../lib/gcc/arm-none-eabi/5.4.1/armv6-m\libgcc.a(_dvmd_tls.o)
                              c:/nxp/mcuxpressoide_10.0.2_411/ide/tools/bin/../lib/gcc/arm-none-eabi/5.4.1/armv6-m\libgcc.a(_udivsi3.o) (__aeabi_idiv0)
c:/nxp/mcuxpressoide_10.0.2_411/ide/tools/bin/../lib/gcc/arm-none-eabi/5.4.1/armv6-m\libgcc.a(_arm_cmpdf2.o)
                              ./framework/XCVR/MKW41Z4/fsl_xcvr.o (__aeabi_dcmpgt)
c:/nxp/mcuxpressoide_10.0.2_411/ide/tools/bin/../lib/gcc/arm-none-eabi/5.4.1/armv6-m\libgcc.a(_arm_cmpsf2.o)
                              ./framework/XCVR/MKW41Z4/fsl_xcvr_trim.o (__aeabi_fcmplt)
c:/nxp/mcuxpressoide_10.0.2_411/ide/tools/bin/../lib/gcc/arm-none-eabi/5.4.1/armv6-m\libgcc.a(_aeabi_uldivmod.o)
                              ./framework/TimersManager/Source/TimersManager.o (__aeabi_uldivmod)
c:/nxp/mcuxpressoide_10.0.2_411/ide/tools/bin/../lib/gcc/arm-none-eabi/5.4.1/armv6-m\libgcc.a(_muldi3.o)
[...]
Memory Configuration

Name             Origin             Length             Attributes
TEXT_region1     0x00000000         0x00000400         xr
m_flash_config_region 0x00000400         0x00000010         xr
TEXT_region2     0x00000411         0x0007f3ee         xr
DATA_region      0x1fff8000         0x00020000         rw
PRODUCT_INFO_region 0x0007f800         0x000007ff         xr
*default*        0x00000000         0xffffffff

Linker script and memory map

LOAD c:/nxp/mcuxpressoide_10.0.2_411/ide/tools/bin/../lib/gcc/arm-none-eabi/5.4.1/armv6-m/crti.o
LOAD c:/nxp/mcuxpressoide_10.0.2_411/ide/tools/bin/../lib/gcc/arm-none-eabi/5.4.1/armv6-m/crtbegin.o
LOAD c:/nxp/mcuxpressoide_10.0.2_411/ide/tools/bin/../lib/gcc/arm-none-eabi/5.4.1/../../../../arm-none-eabi/lib/armv6-m/crt0.o
LOAD ./utilities/fsl_debug_console.o
LOAD ./startup/startup_MKW41Z4.o
LOAD ./source/connectivity_test.o
LOAD ./source/gen_fsk_tests.o
LOAD ./source/menus.o
LOAD ./genfsk/genfsk_isr.o
LOAD ./genfsk/genfsk_ll.o
LOAD ./genfsk/genfsk_time.o
LOAD ./genfsk/genfsk_utils.o
LOAD ./freertos/croutine.o
LOAD ./freertos/event_groups.o
LOAD ./freertos/fsl_tickless_lptmr.o
LOAD ./freertos/fsl_tickless_systick.o
LOAD ./freertos/heap_4.o
LOAD ./freertos/list.o
LOAD ./freertos/port.o
LOAD ./freertos/queue.o
LOAD ./freertos/tasks.o
LOAD ./freertos/timers.o
LOAD ./framework/XCVR/MKW41Z4/cfgs_kw4x_3x_2x/fsl_xcvr_ant_config.o
LOAD ./framework/XCVR/MKW41Z4/cfgs_kw4x_3x_2x/fsl_xcvr_ble_config.o
LOAD ./framework/XCVR/MKW41Z4/cfgs_kw4x_3x_2x/fsl_xcvr_common_config.o
LOAD ./framework/XCVR/MKW41Z4/cfgs_kw4x_3x_2x/fsl_xcvr_gfsk_bt_0p3_h_0p5_config.o
LOAD ./framework/XCVR/MKW41Z4/cfgs_kw4x_3x_2x/fsl_xcvr_gfsk_bt_0p5_h_0p32_config.o
LOAD ./framework/XCVR/MKW41Z4/cfgs_kw4x_3x_2x/fsl_xcvr_gfsk_bt_0p5_h_0p5_config.o
LOAD ./framework/XCVR/MKW41Z4/cfgs_kw4x_3x_2x/fsl_xcvr_gfsk_bt_0p5_h_0p7_config.o
LOAD ./framework/XCVR/MKW41Z4/cfgs_kw4x_3x_2x/fsl_xcvr_gfsk_bt_0p5_h_1p0_config.o
LOAD ./framework/XCVR/MKW41Z4/cfgs_kw4x_3x_2x/fsl_xcvr_gfsk_bt_0p7_h_0p5_config.o
LOAD ./framework/XCVR/MKW41Z4/cfgs_kw4x_3x_2x/fsl_xcvr_mode_datarate_config.o
LOAD ./framework/XCVR/MKW41Z4/cfgs_kw4x_3x_2x/fsl_xcvr_msk_config.o
LOAD ./framework/XCVR/MKW41Z4/cfgs_kw4x_3x_2x/fsl_xcvr_zgbe_config.o
LOAD ./framework/XCVR/MKW41Z4/XCVR_Test/xcvr_test_fsk.o
LOAD ./framework/XCVR/MKW41Z4/dbg_ram_capture.o
LOAD ./framework/XCVR/MKW41Z4/fsl_xcvr.o
LOAD ./framework/XCVR/MKW41Z4/fsl_xcvr_trim.o
LOAD ./framework/XCVR/MKW41Z4/ifr_radio.o
LOAD ./framework/TimersManager/Source/TMR_Adapter.o
LOAD ./framework/TimersManager/Source/TimersManager.o
LOAD ./framework/SerialManager/Source/UART_Adapter/UART_Adapter.o
LOAD ./framework/SerialManager/Source/SPI_Adapter/SPI_Adapter.o
LOAD ./framework/SerialManager/Source/I2C_Adapter/I2C_Adapter.o
LOAD ./framework/SerialManager/Source/SerialManager.o
LOAD ./framework/SecLib/SecLib.o
LOAD ./framework/Reset/Reset.o
LOAD ./framework/RNG/Source/RNG.o
LOAD ./framework/Panic/Source/Panic.o
LOAD ./framework/OSAbstraction/Source/fsl_os_abstraction_free_rtos.o
LOAD ./framework/ModuleInfo/ModuleInfo.o
LOAD ./framework/Messaging/Source/Messaging.o
LOAD ./framework/MemManager/Source/MemManager.o
LOAD ./framework/MWSCoexistence/Source/MWS.o
LOAD ./framework/LowPower/Source/MKW41Z/PWR.o
LOAD ./framework/LowPower/Source/MKW41Z/PWRLib.o
LOAD ./framework/Lists/GenericList.o
LOAD ./framework/LED/Source/LED.o
LOAD ./framework/Keyboard/Source/Keyboard.o
LOAD ./framework/GPIO/GPIO_Adapter.o
LOAD ./framework/FunctionLib/FunctionLib.o
LOAD ./framework/Flash/Internal/Flash_Adapter.o
LOAD ./framework/DCDC/Source/DCDC.o
LOAD ./drivers/fsl_adc16.o
LOAD ./drivers/fsl_clock.o
LOAD ./drivers/fsl_common.o
LOAD ./drivers/fsl_dspi.o
LOAD ./drivers/fsl_dspi_freertos.o
LOAD ./drivers/fsl_flash.o
LOAD ./drivers/fsl_gpio.o
LOAD ./drivers/fsl_i2c.o
LOAD ./drivers/fsl_i2c_freertos.o
LOAD ./drivers/fsl_llwu.o
LOAD ./drivers/fsl_lptmr.o
LOAD ./drivers/fsl_lpuart.o
LOAD ./drivers/fsl_lpuart_freertos.o
LOAD ./drivers/fsl_ltc.o
LOAD ./drivers/fsl_pmc.o
LOAD ./drivers/fsl_rtc.o
LOAD ./drivers/fsl_smc.o
LOAD ./drivers/fsl_tpm.o
LOAD ./drivers/fsl_trng.o
LOAD ./board/board.o
LOAD ./board/clock_config.o
LOAD ./board/gpio_pins.o
LOAD ./board/pin_mux.o
LOAD ./CMSIS/system_MKW41Z4.o
LOAD c:/nxp/mcuxpressoide_10.0.2_411/ide/tools/bin/../lib/gcc/arm-none-eabi/5.4.1/../../../../arm-none-eabi/lib/armv6-m\libm.a
LOAD c:/nxp/mcuxpressoide_10.0.2_411/ide/tools/bin/../lib/gcc/arm-none-eabi/5.4.1/../../../../arm-none-eabi/lib/armv6-m\libc.a
LOAD c:/nxp/mcuxpressoide_10.0.2_411/ide/tools/bin/../lib/gcc/arm-none-eabi/5.4.1/armv6-m\libgcc.a
LOAD c:/nxp/mcuxpressoide_10.0.2_411/ide/tools/bin/../lib/gcc/arm-none-eabi/5.4.1/../../../../arm-none-eabi/lib/armv6-m\libnosys.a
LOAD C:\Users\Samuel Mott\Documents\MCUXpressoIDE_10.0.2_411\workspace\frdmkw41z_wireless_examples_genfsk_connectivity_test_freertos\libs\lib_crypto_m0.a
START GROUP
LOAD c:/nxp/mcuxpressoide_10.0.2_411/ide/tools/bin/../lib/gcc/arm-none-eabi/5.4.1/armv6-m\libgcc.a
LOAD c:/nxp/mcuxpressoide_10.0.2_411/ide/tools/bin/../lib/gcc/arm-none-eabi/5.4.1/../../../../arm-none-eabi/lib/armv6-m\libc.a
END GROUP
LOAD c:/nxp/mcuxpressoide_10.0.2_411/ide/tools/bin/../lib/gcc/arm-none-eabi/5.4.1/armv6-m/crtend.o
LOAD c:/nxp/mcuxpressoide_10.0.2_411/ide/tools/bin/../lib/gcc/arm-none-eabi/5.4.1/armv6-m/crtn.o
                0x1fff8000                _RAM_START_ = 0x1fff8000
                0x20017fff                _RAM_END_ = 0x20017fff
                0x0007f800                FREESCALE_PROD_DATA_BASE_ADDR = 0x7f800
                0x000000c0                __RAM_VECTOR_TABLE_SIZE = 0xc0
                0x20017dea                __BOOT_STACK_ADDRESS = 0x20017dea
                0x1ffffffb                __dummy_start = 0x1ffffffb

.interrupts     0x00000000       0xc0
                0x00000000                __VECTOR_TABLE = .
                0x00000000                . = ALIGN (0x4)
 *(.isr_vector)
 .isr_vector    0x00000000       0xc0 ./startup/startup_MKW41Z4.o
                0x00000000                __isr_vector
                0x000000c0                . = ALIGN (0x4)

.freescale_prod_data
                0x0007f800        0x0
                0x0007f800                . = ALIGN (0x4)
 *(.FREESCALE_PROD_DATA)
                0x0007f800                . = ALIGN (0x4)

.flash_config   0x00000400       0x10
                0x00000400                . = ALIGN (0x4)
 *(.FlashConfig)
 .FlashConfig   0x00000400       0x10 ./startup/startup_MKW41Z4.o
                0x00000410                . = ALIGN (0x4)

.text           0x00000420    0x152fc
                0x00000420                . = ALIGN (0x4)
 *(.text)
 .text          0x00000420       0x60 c:/nxp/mcuxpressoide_10.0.2_411/ide/tools/bin/../lib/gcc/arm-none-eabi/5.4.1/armv6-m/crtbegin.o
 .text          0x00000480       0x78 c:/nxp/mcuxpressoide_10.0.2_411/ide/tools/bin/../lib/gcc/arm-none-eabi/5.4.1/../../../../arm-none-eabi/lib/armv6-m/crt0.o
                0x00000480                _start
                0x00000480                _mainCRTStartup
 .text          0x000004f8       0xc0 ./startup/startup_MKW41Z4.o
                0x000004f8                Reset_Handler
                0x00000540                Radio_0_IRQHandler
                0x00000540                DMA0_DriverIRQHandler
                0x00000540                CMP0_IRQHandler
                0x00000540                DMA2_DriverIRQHandler
                0x00000540                LPTMR0_IRQHandler
                0x00000540                TPM0_IRQHandler
                0x00000540                Radio_1_IRQHandler
                0x00000540                LLWU_IRQHandler
                0x00000540                TSI0_IRQHandler
                0x00000540                ADC0_IRQHandler
                0x00000540                CMT_IRQHandler
                0x00000540                FTFA_IRQHandler
                0x00000540                DefaultISR
                0x00000540                PORTB_PORTC_IRQHandler
                0x00000540                TPM2_IRQHandler
                0x00000540                RTC_IRQHandler
                0x00000540                LVD_LVW_DCDC_IRQHandler
                0x00000540                DMA3_DriverIRQHandler
                0x00000540                RTC_Seconds_IRQHandler
                0x00000540                MCG_IRQHandler
                0x00000540                TRNG0_IRQHandler
                0x00000540                Reserved20_IRQHandler
                0x00000540                LTC0_IRQHandler
                0x00000540                PIT_IRQHandler
                0x00000540                DMA1_DriverIRQHandler
                0x00000540                PORTA_IRQHandler
                0x00000540                TPM1_IRQHandler
                0x00000540                DAC0_IRQHandler
                0x00000548                HardFault_Handler
                0x00000558                DMA0_IRQHandler
                0x0000055c                DMA1_IRQHandler
                0x00000560                DMA2_IRQHandler
                0x00000564                DMA3_IRQHandler
                0x00000568                I2C0_IRQHandler
                0x0000056c                I2C1_IRQHandler
                0x00000570                SPI0_IRQHandler
                0x00000574                LPUART0_IRQHandler
                0x00000578                SPI1_IRQHandler
 .text          0x000005b8      0x114 c:/nxp/mcuxpressoide_10.0.2_411/ide/tools/bin/../lib/gcc/arm-none-eabi/5.4.1/armv6-m\libgcc.a(_udivsi3.o)
                0x000005b8                __aeabi_uidiv
                0x000005b8                __udivsi3
                0x000006c4                __aeabi_uidivmod
 .text          0x000006cc      0x1d4 c:/nxp/mcuxpressoide_10.0.2_411/ide/tools/bin/../lib/gcc/arm-none-eabi/5.4.1/armv6-m\libgcc.a(_divsi3.o)
                0x000006cc                __divsi3
                0x000006cc                __aeabi_idiv
                0x00000898                __aeabi_idivmod
 .text          0x000008a0        0x4 c:/nxp/mcuxpressoide_10.0.2_411/ide/tools/bin/../lib/gcc/arm-none-eabi/5.4.1/armv6-m\libgcc.a(_dvmd_tls.o)
                0x000008a0                __aeabi_idiv0
                0x000008a0                __aeabi_ldiv0
 .text          0x000008a4       0x74 c:/nxp/mcuxpressoide_10.0.2_411/ide/tools/bin/../lib/gcc/arm-none-eabi/5.4.1/armv6-m\libgcc.a(_arm_cmpsf2.o)
                0x000008a4                __aeabi_cfrcmple
                0x000008ac                __aeabi_cfcmpeq
                0x000008ac                __aeabi_cfcmple
                0x000008bc                __aeabi_fcmpeq
                0x000008c8                __aeabi_fcmplt
                0x000008dc                __aeabi_fcmple
                0x000008f0                __aeabi_fcmpgt
                0x00000904                __aeabi_fcmpge
 .text          0x00000918       0x40 c:/nxp/mcuxpressoide_10.0.2_411/ide/tools/bin/../lib/gcc/arm-none-eabi/5.4.1/armv6-m\libgcc.a(_aeabi_uldivmod.o)
                0x00000918                __aeabi_uldivmod
 .text          0x00000958       0x58 c:/nxp/mcuxpressoide_10.0.2_411/ide/tools/bin/../lib/gcc/arm-none-eabi/5.4.1/armv6-m\libgcc.a(_muldi3.o)
                0x00000958                __muldi3
                0x00000958                __aeabi_lmul
 .text          0x000009b0       0x30 c:/nxp/mcuxpressoide_10.0.2_411/ide/tools/bin/../lib/gcc/arm-none-eabi/5.4.1/armv6-m\libgcc.a(_fixunssfsi.o)
                0x000009b0                __fixunssfsi
                0x000009b0                __aeabi_f2uiz
 .text          0x000009e0      0x180 c:/nxp/mcuxpressoide_10.0.2_411/ide/tools/bin/../lib/gcc/arm-none-eabi/5.4.1/armv6-m\libgcc.a(_udivmoddi4.o)
                0x000009e0                __udivmoddi4
 .text          0x00000b60      0x2ec c:/nxp/mcuxpressoide_10.0.2_411/ide/tools/bin/../lib/gcc/arm-none-eabi/5.4.1/armv6-m\libgcc.a(addsf3.o)
                0x00000b60                __aeabi_fadd
 .text          0x00000e4c      0x234 c:/nxp/mcuxpressoide_10.0.2_411/ide/tools/bin/../lib/gcc/arm-none-eabi/5.4.1/armv6-m\libgcc.a(divsf3.o)
                0x00000e4c                __aeabi_fdiv
 .text          0x00001080       0x50 c:/nxp/mcuxpressoide_10.0.2_411/ide/tools/bin/../lib/gcc/arm-none-eabi/5.4.1/armv6-m\libgcc.a(eqsf2.o)
                0x00001080                __eqsf2
                0x00001080                __nesf2
 .text          0x000010d0       0x88 c:/nxp/mcuxpressoide_10.0.2_411/ide/tools/bin/../lib/gcc/arm-none-eabi/5.4.1/armv6-m\libgcc.a(gesf2.o)
                0x000010d0                __gesf2
                0x000010d0                __gtsf2
 .text          0x00001158       0x88 c:/nxp/mcuxpressoide_10.0.2_411/ide/tools/bin/../lib/gcc/arm-none-eabi/5.4.1/armv6-m\libgcc.a(lesf2.o)
                0x00001158                __ltsf2
                0x00001158                __lesf2
 .text          0x000011e0      0x228 c:/nxp/mcuxpressoide_10.0.2_411/ide/tools/bin/../lib/gcc/arm-none-eabi/5.4.1/armv6-m\libgcc.a(mulsf3.o)
                0x000011e0                __aeabi_fmul
 .text          0x00001408      0x30c c:/nxp/mcuxpressoide_10.0.2_411/ide/tools/bin/../lib/gcc/arm-none-eabi/5.4.1/armv6-m\libgcc.a(subsf3.o)
                0x00001408                __aeabi_fsub
 .text          0x00001714       0x44 c:/nxp/mcuxpressoide_10.0.2_411/ide/tools/bin/../lib/gcc/arm-none-eabi/5.4.1/armv6-m\libgcc.a(fixsfsi.o)
                0x00001714                __aeabi_f2iz
 .text          0x00001758       0x90 c:/nxp/mcuxpressoide_10.0.2_411/ide/tools/bin/../lib/gcc/arm-none-eabi/5.4.1/armv6-m\libgcc.a(floatsisf.o)
                0x00001758                __aeabi_i2f
 .text          0x000017e8       0x7c c:/nxp/mcuxpressoide_10.0.2_411/ide/tools/bin/../lib/gcc/arm-none-eabi/5.4.1/armv6-m\libgcc.a(floatunsisf.o)
                0x000017e8                __aeabi_ui2f
 .text          0x00001864       0x3c c:/nxp/mcuxpressoide_10.0.2_411/ide/tools/bin/../lib/gcc/arm-none-eabi/5.4.1/armv6-m\libgcc.a(_clzsi2.o)
                0x00001864                __clzsi2
 .text          0x000018a0       0x18 c:/nxp/mcuxpressoide_10.0.2_411/ide/tools/bin/../lib/gcc/arm-none-eabi/5.4.1/armv6-m\libgcc.a(_clzdi2.o)
                0x000018a0                __clzdi2
 .text          0x000018b8       0x38 C:\Users\Samuel Mott\Documents\MCUXpressoIDE_10.0.2_411\workspace\frdmkw41z_wireless_examples_genfsk_connectivity_test_freertos\libs\lib_crypto_m0.a(SW_RNG.o)
                0x000018b8                SecLib_set_rng_seed
                0x000018c8                SecLib_get_random
 *(.text*)
 .text.DbgConsole_Printf
                0x000018f0       0x44 ./utilities/fsl_debug_console.o
                0x000018f0                DbgConsole_Printf
 .text.DbgConsole_Putchar
                0x00001934       0x34 ./utilities/fsl_debug_console.o
                0x00001934                DbgConsole_Putchar
 .text.DbgConsole_PrintfPaddingCharacter
                0x00001968       0x48 ./utilities/fsl_debug_console.o
 .text.DbgConsole_ConvertRadixNumToString
                0x000019b0      0x114 ./utilities/fsl_debug_console.o
 .text.DbgConsole_PrintfFormattedData
                0x00001ac4      0x334 ./utilities/fsl_debug_console.o
 .text.main_task
                0x00001df8      0x114 ./source/connectivity_test.o
                0x00001df8                main_task
 .text.App_Thread
                0x00001f0c       0x54 ./source/connectivity_test.o
 .text.App_HandleEvents
                0x00001f60      0x198 ./source/connectivity_test.o
 .text.App_InitApp
                0x000020f8       0x48 ./source/connectivity_test.o
 .text.App_GenFskReceiveCallback
                0x00002140       0x60 ./source/connectivity_test.o
 .text.App_GenFskEventNotificationCallback
                0x000021a0       0x6c ./source/connectivity_test.o
 .text.App_SerialCallback
                0x0000220c       0x20 ./source/connectivity_test.o
 .text.App_NotifyAppThread
                0x0000222c       0x1c ./source/connectivity_test.o
 .text.App_TimerCallback
                0x00002248       0x20 ./source/connectivity_test.o
 .text.CT_GenFskInit
                0x00002268      0x1c8 ./source/gen_fsk_tests.o
                0x00002268                CT_GenFskInit
 .text.CT_PacketErrorRate
                0x00002430       0x60 ./source/gen_fsk_tests.o
                0x00002430                CT_PacketErrorRate
 .text.CT_PacketErrorRateTx
                0x00002490      0x274 ./source/gen_fsk_tests.o
 .text.PrintMenu
                0x00002704       0x5c ./source/menus.o
                0x00002704                PrintMenu
 .text.PrintPerTxPackets
                0x00002760       0x74 ./source/menus.o
                0x00002760                PrintPerTxPackets
 .text.NVIC_EnableIRQ
                0x000027d4       0x2c ./genfsk/genfsk_isr.o
 .text.NVIC_ClearPendingIRQ
                0x00002800       0x30 ./genfsk/genfsk_isr.o
 .text.NVIC_SetPriority
                0x00002830       0xdc ./genfsk/genfsk_isr.o
 .text.GENFSK_UnprotectFromXcvrInterrupt
                0x0000290c       0x58 ./genfsk/genfsk_isr.o
                0x0000290c                GENFSK_UnprotectFromXcvrInterrupt
 .text.GENFSK_DisableInterrupts
                0x00002964       0x68 ./genfsk/genfsk_isr.o
                0x00002964                GENFSK_DisableInterrupts
 .text.GENFSK_EnableInterrupts
                0x000029cc       0x68 ./genfsk/genfsk_isr.o
                0x000029cc                GENFSK_EnableInterrupts
 .text.PWRLib_ClearRSIMDsmInt
                0x00002a34        0xc ./genfsk/genfsk_isr.o
                0x00002a34                PWRLib_ClearRSIMDsmInt
 .text.GENFSK_InterruptHandler
                0x00002a40      0x2b0 ./genfsk/genfsk_isr.o
                0x00002a40                GENFSK_InterruptHandler
 .text.GENFSK_InstallInterrupt
                0x00002cf0       0x54 ./genfsk/genfsk_isr.o
                0x00002cf0                GENFSK_InstallInterrupt
 .text.GENFSK_Command
                0x00002d44       0x20 ./genfsk/genfsk_ll.o
 .text.GENFSK_Init
                0x00002d64       0xd0 ./genfsk/genfsk_ll.o
                0x00002d64                GENFSK_Init
 .text.GENFSK_AllocInstance
                0x00002e34      0x248 ./genfsk/genfsk_ll.o
                0x00002e34                GENFSK_AllocInstance
 .text.GENFSK_RadioConfig
                0x0000307c      0x2c0 ./genfsk/genfsk_ll.o
                0x0000307c                GENFSK_RadioConfig
 .text.GENFSK_SetPacketConfig
                0x0000333c      0x4a0 ./genfsk/genfsk_ll.o
                0x0000333c                GENFSK_SetPacketConfig
 .text.GENFSK_SetCrcConfig
                0x000037dc      0x3ac ./genfsk/genfsk_ll.o
                0x000037dc                GENFSK_SetCrcConfig
 .text.GENFSK_SetWhitenerConfig
                0x00003b88      0x538 ./genfsk/genfsk_ll.o
                0x00003b88                GENFSK_SetWhitenerConfig
 .text.GENFSK_SetNetworkAddress
                0x000040c0      0x428 ./genfsk/genfsk_ll.o
                0x000040c0                GENFSK_SetNetworkAddress
 .text.GENFSK_EnableNetworkAddress
                0x000044e8      0x148 ./genfsk/genfsk_ll.o
                0x000044e8                GENFSK_EnableNetworkAddress
 .text.GENFSK_SetChannelNumber
                0x00004630      0x12c ./genfsk/genfsk_ll.o
                0x00004630                GENFSK_SetChannelNumber
 .text.GENFSK_SetTxPowerLevel
                0x0000475c      0x158 ./genfsk/genfsk_ll.o
                0x0000475c                GENFSK_SetTxPowerLevel
 .text.GENFSK_StartTx
                0x000048b4      0x3bc ./genfsk/genfsk_ll.o
                0x000048b4                GENFSK_StartTx
 .text.GENFSK_AbortAll
                0x00004c70       0xa0 ./genfsk/genfsk_ll.o
                0x00004c70                GENFSK_AbortAll
 .text.GENFSK_GetTimestamp
                0x00004d10       0x34 ./genfsk/genfsk_ll.o
                0x00004d10                GENFSK_GetTimestamp
 .text.GENFSK_RegisterCallbacks
                0x00004d44       0x78 ./genfsk/genfsk_ll.o
                0x00004d44                GENFSK_RegisterCallbacks
 .text.GENFSK_PacketToByteArray
                0x00004dbc      0x4c8 ./genfsk/genfsk_ll.o
                0x00004dbc                GENFSK_PacketToByteArray
 .text.GENFSK_Task
                0x00005284      0xc3c ./genfsk/genfsk_ll.o
 .text.GENFSK_TimeSetWaitTimeout
                0x00005ec0       0x54 ./genfsk/genfsk_time.o
 .text.GENFSK_TimeRunCallback
                0x00005f14       0x3c ./genfsk/genfsk_time.o
 .text.GENFSK_TimeMaintenance
                0x00005f50       0x78 ./genfsk/genfsk_time.o
 .text.GENFSK_TimeOverflowCb
                0x00005fc8       0x34 ./genfsk/genfsk_time.o
 .text.GENFSK_TimeGetNextEvent
                0x00005ffc       0x84 ./genfsk/genfsk_time.o
 .text.GENFSK_TimeInit
                0x00006080       0x58 ./genfsk/genfsk_time.o
                0x00006080                GENFSK_TimeInit
 .text.GENFSK_TimeGetTimestamp
                0x000060d8       0x88 ./genfsk/genfsk_time.o
                0x000060d8                GENFSK_TimeGetTimestamp
 .text.GENFSK_TimeDisableWaitTimeout
                0x00006160       0x28 ./genfsk/genfsk_time.o
                0x00006160                GENFSK_TimeDisableWaitTimeout
 .text.GENFSK_TimeCancelEvent
                0x00006188       0x70 ./genfsk/genfsk_time.o
                0x00006188                GENFSK_TimeCancelEvent
 .text.GENFSK_TimeISR
                0x000061f8       0x40 ./genfsk/genfsk_time.o
                0x000061f8                GENFSK_TimeISR
 .text.GENFSK_WritePacketBuffer
                0x00006238       0x78 ./genfsk/genfsk_utils.o
                0x00006238                GENFSK_WritePacketBuffer
 .text.GENFSK_ReadPacketBuffer
                0x000062b0       0x78 ./genfsk/genfsk_utils.o
                0x000062b0                GENFSK_ReadPacketBuffer
 .text.GENFSK_Reverse9Bit
                0x00006328       0xf8 ./genfsk/genfsk_utils.o
                0x00006328                GENFSK_Reverse9Bit
 .text.GENFSK_SwitchToInstance
                0x00006420      0x320 ./genfsk/genfsk_utils.o
                0x00006420                GENFSK_SwitchToInstance
 .text.GENFSK_MskPreProcessing
                0x00006740       0xcc ./genfsk/genfsk_utils.o
                0x00006740                GENFSK_MskPreProcessing
 .text.GENFSK_MskPostProcessing
                0x0000680c      0x1ec ./genfsk/genfsk_utils.o
                0x0000680c                GENFSK_MskPostProcessing
 .text.xEventGroupCreate
                0x000069f8       0x30 ./freertos/event_groups.o
                0x000069f8                xEventGroupCreate
 .text.xEventGroupWaitBits
                0x00006a28      0x148 ./freertos/event_groups.o
                0x00006a28                xEventGroupWaitBits
 .text.xEventGroupSetBits
                0x00006b70       0xf4 ./freertos/event_groups.o
                0x00006b70                xEventGroupSetBits
 .text.vEventGroupSetBitsCallback
                0x00006c64       0x20 ./freertos/event_groups.o
                0x00006c64                vEventGroupSetBitsCallback
 .text.prvTestWaitCondition
                0x00006c84       0x40 ./freertos/event_groups.o
 .text.xEventGroupSetBitsFromISR
                0x00006cc4       0x2c ./freertos/event_groups.o
                0x00006cc4                xEventGroupSetBitsFromISR
 .text.prvSetupTimerInterrupt
                0x00006cf0       0x3c ./freertos/fsl_tickless_lptmr.o
                0x00006cf0                prvSetupTimerInterrupt
 .text.pvPortMalloc
                0x00006d2c      0x14c ./freertos/heap_4.o
                0x00006d2c                pvPortMalloc
 .text.vPortFree
                0x00006e78       0x90 ./freertos/heap_4.o
                0x00006e78                vPortFree
 .text.prvHeapInit
                0x00006f08       0xc0 ./freertos/heap_4.o
 .text.prvInsertBlockIntoFreeList
                0x00006fc8       0xb0 ./freertos/heap_4.o
 .text.vListInitialise
                0x00007078       0x3c ./freertos/list.o
                0x00007078                vListInitialise
 .text.vListInitialiseItem
                0x000070b4       0x18 ./freertos/list.o
                0x000070b4                vListInitialiseItem
 .text.vListInsertEnd
                0x000070cc       0x44 ./freertos/list.o
                0x000070cc                vListInsertEnd
 .text.vListInsert
                0x00007110       0x6c ./freertos/list.o
                0x00007110                vListInsert
 .text.uxListRemove
                0x0000717c       0x50 ./freertos/list.o
                0x0000717c                uxListRemove
 .text.pxPortInitialiseStack
                0x000071cc       0x54 ./freertos/port.o
                0x000071cc                pxPortInitialiseStack
 .text.prvTaskExitError
                0x00007220       0x18 ./freertos/port.o
 .text.SVC_Handler
                0x00007238        0xc ./freertos/port.o
                0x00007238                SVC_Handler
 *fill*         0x00007244        0xc 
 .text.vPortStartFirstTask
                0x00007250       0x38 ./freertos/port.o
 .text.xPortStartScheduler
                0x00007288       0x44 ./freertos/port.o
                0x00007288                xPortStartScheduler
 .text.vPortYield
                0x000072cc       0x20 ./freertos/port.o
                0x000072cc                vPortYield
 .text.vPortEnterCritical
                0x000072ec       0x24 ./freertos/port.o
                0x000072ec                vPortEnterCritical
 .text.vPortExitCritical
                0x00007310       0x30 ./freertos/port.o
                0x00007310                vPortExitCritical
 .text.ulSetInterruptMaskFromISR
                0x00007340        0xc ./freertos/port.o
                0x00007340                ulSetInterruptMaskFromISR
 .text.vClearInterruptMaskFromISR
                0x0000734c        0x8 ./freertos/port.o
                0x0000734c                vClearInterruptMaskFromISR
 *fill*         0x00007354        0xc 
 .text.PendSV_Handler
                0x00007360       0x48 ./freertos/port.o
                0x00007360                PendSV_Handler
 .text.SysTick_Handler
                0x000073a8       0x34 ./freertos/port.o
                0x000073a8                SysTick_Handler
 .text.xQueueGenericReset
                0x000073dc       0xa8 ./freertos/queue.o
                0x000073dc                xQueueGenericReset
 .text.xQueueGenericCreate
                0x00007484       0x64 ./freertos/queue.o
                0x00007484                xQueueGenericCreate
 .text.prvInitialiseNewQueue
                0x000074e8       0x50 ./freertos/queue.o
 .text.prvInitialiseMutex
                0x00007538       0x34 ./freertos/queue.o
 .text.xQueueCreateMutex
                0x0000756c       0x38 ./freertos/queue.o
                0x0000756c                xQueueCreateMutex
 .text.xQueueCreateCountingSemaphore
                0x000075a4       0x48 ./freertos/queue.o
                0x000075a4                xQueueCreateCountingSemaphore
 .text.xQueueGenericSend
                0x000075ec      0x188 ./freertos/queue.o
                0x000075ec                xQueueGenericSend
 .text.xQueueGenericSendFromISR
                0x00007774       0xe4 ./freertos/queue.o
                0x00007774                xQueueGenericSendFromISR
 .text.xQueueGiveFromISR
                0x00007858       0xcc ./freertos/queue.o
                0x00007858                xQueueGiveFromISR
 .text.xQueueGenericReceive
                0x00007924      0x1c8 ./freertos/queue.o
                0x00007924                xQueueGenericReceive
 .text.prvCopyDataToQueue
                0x00007aec       0xd8 ./freertos/queue.o
 .text.prvCopyDataFromQueue
                0x00007bc4       0x4c ./freertos/queue.o
 .text.prvUnlockQueue
                0x00007c10       0xc0 ./freertos/queue.o
 .text.prvIsQueueEmpty
                0x00007cd0       0x2c ./freertos/queue.o
 .text.prvIsQueueFull
                0x00007cfc       0x30 ./freertos/queue.o
 .text.vQueueAddToRegistry
                0x00007d2c       0x50 ./freertos/queue.o
                0x00007d2c                vQueueAddToRegistry
 .text.vQueueWaitForMessageRestricted
                0x00007d7c       0x68 ./freertos/queue.o
                0x00007d7c                vQueueWaitForMessageRestricted
 .text.xTaskCreate
                0x00007de4       0x90 ./freertos/tasks.o
                0x00007de4                xTaskCreate
 .text.prvInitialiseNewTask
                0x00007e74      0x12c ./freertos/tasks.o
 .text.prvAddNewTaskToReadyList
                0x00007fa0       0xd0 ./freertos/tasks.o
 .text.vTaskStartScheduler
                0x00008070       0x78 ./freertos/tasks.o
                0x00008070                vTaskStartScheduler
 .text.vTaskSuspendAll
                0x000080e8       0x18 ./freertos/tasks.o
                0x000080e8                vTaskSuspendAll
 .text.xTaskResumeAll
                0x00008100      0x118 ./freertos/tasks.o
                0x00008100                xTaskResumeAll
 .text.xTaskGetTickCount
                0x00008218       0x1c ./freertos/tasks.o
                0x00008218                xTaskGetTickCount
 .text.xTaskIncrementTick
                0x00008234      0x14c ./freertos/tasks.o
                0x00008234                xTaskIncrementTick
 .text.vTaskSwitchContext
                0x00008380       0xa4 ./freertos/tasks.o
                0x00008380                vTaskSwitchContext
 .text.vTaskPlaceOnEventList
                0x00008424       0x3c ./freertos/tasks.o
                0x00008424                vTaskPlaceOnEventList
 .text.vTaskPlaceOnUnorderedEventList
                0x00008460       0x5c ./freertos/tasks.o
                0x00008460                vTaskPlaceOnUnorderedEventList
 .text.vTaskPlaceOnEventListRestricted
                0x000084bc       0x4c ./freertos/tasks.o
                0x000084bc                vTaskPlaceOnEventListRestricted
 .text.xTaskRemoveFromEventList
                0x00008508       0xb8 ./freertos/tasks.o
                0x00008508                xTaskRemoveFromEventList
 .text.xTaskRemoveFromUnorderedEventList
                0x000085c0       0xb0 ./freertos/tasks.o
                0x000085c0                xTaskRemoveFromUnorderedEventList
 .text.vTaskSetTimeOutState
                0x00008670       0x34 ./freertos/tasks.o
                0x00008670                vTaskSetTimeOutState
 .text.xTaskCheckForTimeOut
                0x000086a4       0x9c ./freertos/tasks.o
                0x000086a4                xTaskCheckForTimeOut
 .text.vTaskMissedYield
                0x00008740       0x14 ./freertos/tasks.o
                0x00008740                vTaskMissedYield
 .text.prvIdleTask
                0x00008754       0x20 ./freertos/tasks.o
 .text.prvInitialiseTaskLists
                0x00008774       0x88 ./freertos/tasks.o
 .text.prvCheckTasksWaitingTermination
                0x000087fc       0x74 ./freertos/tasks.o
 .text.prvDeleteTCB
                0x00008870       0x24 ./freertos/tasks.o
 .text.prvResetNextTaskUnblockTime
                0x00008894       0x48 ./freertos/tasks.o
 .text.xTaskGetCurrentTaskHandle
                0x000088dc       0x1c ./freertos/tasks.o
                0x000088dc                xTaskGetCurrentTaskHandle
 .text.xTaskGetSchedulerState
                0x000088f8       0x38 ./freertos/tasks.o
                0x000088f8                xTaskGetSchedulerState
 .text.vTaskPriorityInherit
                0x00008930       0xbc ./freertos/tasks.o
                0x00008930                vTaskPriorityInherit
 .text.xTaskPriorityDisinherit
                0x000089ec       0xb8 ./freertos/tasks.o
                0x000089ec                xTaskPriorityDisinherit
 .text.uxTaskResetEventItemValue
                0x00008aa4       0x2c ./freertos/tasks.o
                0x00008aa4                uxTaskResetEventItemValue
 .text.pvTaskIncrementMutexHeldCount
                0x00008ad0       0x24 ./freertos/tasks.o
                0x00008ad0                pvTaskIncrementMutexHeldCount
 .text.prvAddCurrentTaskToDelayedList
                0x00008af4       0xa8 ./freertos/tasks.o
 .text.xTimerCreateTimerTask
                0x00008b9c       0x54 ./freertos/timers.o
                0x00008b9c                xTimerCreateTimerTask
 .text.xTimerGenericCommand
                0x00008bf0       0x9c ./freertos/timers.o
                0x00008bf0                xTimerGenericCommand
 .text.prvProcessExpiredTimer
                0x00008c8c       0x70 ./freertos/timers.o
 .text.prvTimerTask
                0x00008cfc       0x28 ./freertos/timers.o
 .text.prvProcessTimerOrBlockTask
                0x00008d24       0x8c ./freertos/timers.o
 .text.prvGetNextExpireTime
                0x00008db0       0x40 ./freertos/timers.o
 .text.prvSampleTimeNow
                0x00008df0       0x40 ./freertos/timers.o
 .text.prvInsertTimerInActiveList
                0x00008e30       0x84 ./freertos/timers.o
 .text.prvProcessReceivedCommands
                0x00008eb4      0x12c ./freertos/timers.o
 .text.prvSwitchTimerLists
                0x00008fe0       0xb4 ./freertos/timers.o
 .text.prvCheckForValidListAndQueue
                0x00009094       0x74 ./freertos/timers.o
 .text.xTimerPendFunctionCallFromISR
                0x00009108       0x54 ./freertos/timers.o
                0x00009108                xTimerPendFunctionCallFromISR
 .text.XCVR_Init
                0x0000915c      0x134 ./framework/XCVR/MKW41Z4/fsl_xcvr.o
                0x0000915c                XCVR_Init
 .text.XCVR_GetDefaultConfig
                0x00009290      0x170 ./framework/XCVR/MKW41Z4/fsl_xcvr.o
                0x00009290                XCVR_GetDefaultConfig
 .text.XCVR_Configure
                0x00009400      0x98c ./framework/XCVR/MKW41Z4/fsl_xcvr.o
                0x00009400                XCVR_Configure
 .text.XCVR_ChangeMode
                0x00009d8c       0x88 ./framework/XCVR/MKW41Z4/fsl_xcvr.o
                0x00009d8c                XCVR_ChangeMode
 .text.XcvrPanic
                0x00009e14       0x40 ./framework/XCVR/MKW41Z4/fsl_xcvr.o
                0x00009e14                XcvrPanic
 .text.XCVR_SetXtalTrim
                0x00009e54       0x68 ./framework/XCVR/MKW41Z4/fsl_xcvr.o
                0x00009e54                XCVR_SetXtalTrim
 .text.XCVR_OverrideChannel
                0x00009ebc      0x13c ./framework/XCVR/MKW41Z4/fsl_xcvr.o
                0x00009ebc                XCVR_OverrideChannel
 .text.XCVR_ForceRxWu
                0x00009ff8       0x1c ./framework/XCVR/MKW41Z4/fsl_xcvr.o
                0x00009ff8                XCVR_ForceRxWu
 .text.XCVR_ForceRxWd
                0x0000a014       0x1c ./framework/XCVR/MKW41Z4/fsl_xcvr.o
                0x0000a014                XCVR_ForceRxWd
 .text.calc_dcoc_dac_step
                0x0000a030       0x88 ./framework/XCVR/MKW41Z4/fsl_xcvr_trim.o
                0x0000a030                calc_dcoc_dac_step
 .text.XcvrCalDelay
                0x0000a0b8       0x20 ./framework/XCVR/MKW41Z4/fsl_xcvr_trim.o
                0x0000a0b8                XcvrCalDelay
 .text.rx_dc_est_average
                0x0000a0d8      0x1a4 ./framework/XCVR/MKW41Z4/fsl_xcvr_trim.o
                0x0000a0d8                rx_dc_est_average
 .text.rx_bba_dcoc_dac_trim_DCest
                0x0000a27c      0x7d8 ./framework/XCVR/MKW41Z4/fsl_xcvr_trim.o
                0x0000a27c                rx_bba_dcoc_dac_trim_DCest
 .text.DCOC_DAC_INIT_Cal
                0x0000aa54      0x680 ./framework/XCVR/MKW41Z4/fsl_xcvr_trim.o
                0x0000aa54                DCOC_DAC_INIT_Cal
 .text.read_first_ifr_word
                0x0000b0d4       0x20 ./framework/XCVR/MKW41Z4/ifr_radio.o
                0x0000b0d4                read_first_ifr_word
 .text.read_another_ifr_word
                0x0000b0f4       0x2c ./framework/XCVR/MKW41Z4/ifr_radio.o
                0x0000b0f4                read_another_ifr_word
 .text.read_resource_ifr
                0x0000b120       0xd0 ./framework/XCVR/MKW41Z4/ifr_radio.o
                0x0000b120                read_resource_ifr
 .text.store_sw_trim
                0x0000b1f0       0x9c ./framework/XCVR/MKW41Z4/ifr_radio.o
                0x0000b1f0                store_sw_trim
 .text.handle_ifr
                0x0000b28c      0x184 ./framework/XCVR/MKW41Z4/ifr_radio.o
                0x0000b28c                handle_ifr
 .text.NVIC_EnableIRQ
                0x0000b410       0x2c ./framework/TimersManager/Source/TMR_Adapter.o
 .text.NVIC_ClearPendingIRQ
                0x0000b43c       0x30 ./framework/TimersManager/Source/TMR_Adapter.o
 .text.NVIC_SetPriority
                0x0000b46c       0xdc ./framework/TimersManager/Source/TMR_Adapter.o
 .text.TPM_GetStatusFlags
                0x0000b548       0x14 ./framework/TimersManager/Source/TMR_Adapter.o
 .text.TPM_ClearStatusFlags
                0x0000b55c       0x18 ./framework/TimersManager/Source/TMR_Adapter.o
 .text.TPM_StartTimer
                0x0000b574       0x3c ./framework/TimersManager/Source/TMR_Adapter.o
 .text.TPM_StopTimer
                0x0000b5b0       0x2c ./framework/TimersManager/Source/TMR_Adapter.o
 .text.StackTimer_Init
                0x0000b5dc       0xa0 ./framework/TimersManager/Source/TMR_Adapter.o
                0x0000b5dc                StackTimer_Init
 .text.StackTimer_Enable
                0x0000b67c       0x1c ./framework/TimersManager/Source/TMR_Adapter.o
                0x0000b67c                StackTimer_Enable
 .text.StackTimer_Disable
                0x0000b698       0x18 ./framework/TimersManager/Source/TMR_Adapter.o
                0x0000b698                StackTimer_Disable
 .text.StackTimer_GetInputFrequency
                0x0000b6b0       0x24 ./framework/TimersManager/Source/TMR_Adapter.o
                0x0000b6b0                StackTimer_GetInputFrequency
 .text.StackTimer_GetCounterValue
                0x0000b6d4       0x14 ./framework/TimersManager/Source/TMR_Adapter.o
                0x0000b6d4                StackTimer_GetCounterValue
 .text.StackTimer_SetOffsetTicks
                0x0000b6e8       0x24 ./framework/TimersManager/Source/TMR_Adapter.o
                0x0000b6e8                StackTimer_SetOffsetTicks
 .text.StackTimer_ClearIntFlag
                0x0000b70c       0x30 ./framework/TimersManager/Source/TMR_Adapter.o
                0x0000b70c                StackTimer_ClearIntFlag
 .text.TMR_GetTimerStatus
                0x0000b73c       0x28 ./framework/TimersManager/Source/TimersManager.o
 .text.TMR_SetTimerStatus
                0x0000b764       0x44 ./framework/TimersManager/Source/TimersManager.o
 .text.TMR_GetTimerType
                0x0000b7a8       0x28 ./framework/TimersManager/Source/TimersManager.o
 .text.TMR_SetTimerType
                0x0000b7d0       0x44 ./framework/TimersManager/Source/TimersManager.o
 .text.TmrTicksFromMilliseconds
                0x0000b814       0x4c ./framework/TimersManager/Source/TimersManager.o
                0x0000b814                TmrTicksFromMilliseconds
 .text.TMR_Init
                0x0000b860       0x80 ./framework/TimersManager/Source/TimersManager.o
                0x0000b860                TMR_Init
 .text.TMR_NotifyClkChanged
                0x0000b8e0       0x44 ./framework/TimersManager/Source/TimersManager.o
                0x0000b8e0                TMR_NotifyClkChanged
 .text.TMR_AllocateTimer
                0x0000b924       0x50 ./framework/TimersManager/Source/TimersManager.o
                0x0000b924                TMR_AllocateTimer
 .text.StackTimer_ISR
                0x0000b974       0x24 ./framework/TimersManager/Source/TimersManager.o
 .text.TMR_StartTimer
                0x0000b998       0xf4 ./framework/TimersManager/Source/TimersManager.o
                0x0000b998                TMR_StartTimer
 .text.TMR_StartLowPowerTimer
                0x0000ba8c       0x44 ./framework/TimersManager/Source/TimersManager.o
                0x0000ba8c                TMR_StartLowPowerTimer
 .text.TMR_StopTimer
                0x0000bad0       0xec ./framework/TimersManager/Source/TimersManager.o
                0x0000bad0                TMR_StopTimer
 .text.TMR_Task
                0x0000bbbc      0x574 ./framework/TimersManager/Source/TimersManager.o
                0x0000bbbc                TMR_Task
 .text.TMR_EnableTimer
                0x0000c130       0x84 ./framework/TimersManager/Source/TimersManager.o
                0x0000c130                TMR_EnableTimer
 .text.NVIC_EnableIRQ
                0x0000c1b4       0x2c ./framework/SerialManager/Source/UART_Adapter/UART_Adapter.o
 .text.NVIC_SetPriority
                0x0000c1e0       0xdc ./framework/SerialManager/Source/UART_Adapter/UART_Adapter.o
 .text.LPUART_WriteByte
                0x0000c2bc       0x20 ./framework/SerialManager/Source/UART_Adapter/UART_Adapter.o
 .text.LPUART_ReadByte
                0x0000c2dc       0x18 ./framework/SerialManager/Source/UART_Adapter/UART_Adapter.o
 .text.LPUART_Initialize
                0x0000c2f4       0xec ./framework/SerialManager/Source/UART_Adapter/UART_Adapter.o
                0x0000c2f4                LPUART_Initialize
 .text.LPUART_SetBaudrate
                0x0000c3e0       0x44 ./framework/SerialManager/Source/UART_Adapter/UART_Adapter.o
                0x0000c3e0                LPUART_SetBaudrate
 .text.LPUART_SendData
                0x0000c424       0xc0 ./framework/SerialManager/Source/UART_Adapter/UART_Adapter.o
                0x0000c424                LPUART_SendData
 .text.LPUART_InstallRxCalback
                0x0000c4e4       0x44 ./framework/SerialManager/Source/UART_Adapter/UART_Adapter.o
                0x0000c4e4                LPUART_InstallRxCalback
 .text.LPUART_InstallTxCalback
                0x0000c528       0x44 ./framework/SerialManager/Source/UART_Adapter/UART_Adapter.o
                0x0000c528                LPUART_InstallTxCalback
 .text.LPUART_IsTxActive
                0x0000c56c       0x58 ./framework/SerialManager/Source/UART_Adapter/UART_Adapter.o
                0x0000c56c                LPUART_IsTxActive
 .text.LPUART_ISR
                0x0000c5c4      0x17c ./framework/SerialManager/Source/UART_Adapter/UART_Adapter.o
 .text.SerialManager_Init
                0x0000c740       0x80 ./framework/SerialManager/Source/SerialManager.o
                0x0000c740                SerialManager_Init
 .text.SerialManagerTask
                0x0000c7c0      0x188 ./framework/SerialManager/Source/SerialManager.o
                0x0000c7c0                SerialManagerTask
 .text.Serial_InitInterface
                0x0000c948      0x184 ./framework/SerialManager/Source/SerialManager.o
                0x0000c948                Serial_InitInterface
 .text.Serial_AsyncWrite
                0x0000cacc      0x198 ./framework/SerialManager/Source/SerialManager.o
                0x0000cacc                Serial_AsyncWrite
 .text.Serial_SyncWrite
                0x0000cc64       0xd8 ./framework/SerialManager/Source/SerialManager.o
                0x0000cc64                Serial_SyncWrite
 .text.Serial_SetRxCallBack
                0x0000cd3c       0x70 ./framework/SerialManager/Source/SerialManager.o
                0x0000cd3c                Serial_SetRxCallBack
 .text.Serial_SetBaudRate
                0x0000cdac       0x88 ./framework/SerialManager/Source/SerialManager.o
                0x0000cdac                Serial_SetBaudRate
 .text.Serial_Print
                0x0000ce34       0x7c ./framework/SerialManager/Source/SerialManager.o
                0x0000ce34                Serial_Print
 .text.Serial_PrintDec
                0x0000ceb0       0xa8 ./framework/SerialManager/Source/SerialManager.o
                0x0000ceb0                Serial_PrintDec
 .text.Serial_WriteInternal
                0x0000cf58      0x108 ./framework/SerialManager/Source/SerialManager.o
 .text.SerialManager_RxNotify
                0x0000d060       0xb0 ./framework/SerialManager/Source/SerialManager.o
                0x0000d060                SerialManager_RxNotify
 .text.SerialManager_TxNotify
                0x0000d110       0xd0 ./framework/SerialManager/Source/SerialManager.o
                0x0000d110                SerialManager_TxNotify
 .text.Serial_TxQueueMaintenance
                0x0000d1e0      0x128 ./framework/SerialManager/Source/SerialManager.o
 .text.Serial_SyncTxCallback
                0x0000d308       0x1c ./framework/SerialManager/Source/SerialManager.o
 .text.Serial_UartRxCb
                0x0000d324       0x54 ./framework/SerialManager/Source/SerialManager.o
 .text.Serial_UartTxCb
                0x0000d378       0x1c ./framework/SerialManager/Source/SerialManager.o
 .text.SecLib_Init
                0x0000d394       0x3c ./framework/SecLib/SecLib.o
                0x0000d394                SecLib_Init
 .text.NVIC_EnableIRQ
                0x0000d3d0       0x2c ./framework/RNG/Source/RNG.o
 .text.EnableIRQ
                0x0000d3fc       0x2c ./framework/RNG/Source/RNG.o
 .text.RNG_Init
                0x0000d428       0xe0 ./framework/RNG/Source/RNG.o
                0x0000d428                RNG_Init
 .text.RNG_GetRandomNo
                0x0000d508       0x2c ./framework/RNG/Source/RNG.o
                0x0000d508                RNG_GetRandomNo
 .text.RNG_SetPseudoRandomNoSeed
                0x0000d534       0x2c ./framework/RNG/Source/RNG.o
                0x0000d534                RNG_SetPseudoRandomNoSeed
 .text.TRNG_ISR
                0x0000d560       0x3c ./framework/RNG/Source/RNG.o
 .text.panic    0x0000d59c       0x18 ./framework/Panic/Source/Panic.o
                0x0000d59c                panic
 .text.startup_task
                0x0000d5b4       0x14 ./framework/OSAbstraction/Source/fsl_os_abstraction_free_rtos.o
                0x0000d5b4                startup_task
 .text.OSA_TaskGetId
                0x0000d5c8       0x10 ./framework/OSAbstraction/Source/fsl_os_abstraction_free_rtos.o
                0x0000d5c8                OSA_TaskGetId
 .text.OSA_TaskCreate
                0x0000d5d8       0x4c ./framework/OSAbstraction/Source/fsl_os_abstraction_free_rtos.o
                0x0000d5d8                OSA_TaskCreate
 .text.OSA_SemaphoreCreate
                0x0000d624       0x20 ./framework/OSAbstraction/Source/fsl_os_abstraction_free_rtos.o
                0x0000d624                OSA_SemaphoreCreate
 .text.OSA_SemaphoreWait
                0x0000d644       0x5c ./framework/OSAbstraction/Source/fsl_os_abstraction_free_rtos.o
                0x0000d644                OSA_SemaphoreWait
 .text.OSA_SemaphorePost
                0x0000d6a0       0x9c ./framework/OSAbstraction/Source/fsl_os_abstraction_free_rtos.o
                0x0000d6a0                OSA_SemaphorePost
 .text.OSA_MutexCreate
                0x0000d73c       0x1c ./framework/OSAbstraction/Source/fsl_os_abstraction_free_rtos.o
                0x0000d73c                OSA_MutexCreate
 .text.OSA_EventCreate
                0x0000d758       0x70 ./framework/OSAbstraction/Source/fsl_os_abstraction_free_rtos.o
                0x0000d758                OSA_EventCreate
 .text.OSA_EventSet
                0x0000d7c8       0xa0 ./framework/OSAbstraction/Source/fsl_os_abstraction_free_rtos.o
                0x0000d7c8                OSA_EventSet
 .text.OSA_EventWait
                0x0000d868       0xa4 ./framework/OSAbstraction/Source/fsl_os_abstraction_free_rtos.o
                0x0000d868                OSA_EventWait
 .text.OSA_InterruptEnable
                0x0000d90c       0x4c ./framework/OSAbstraction/Source/fsl_os_abstraction_free_rtos.o
                0x0000d90c                OSA_InterruptEnable
 .text.OSA_InterruptDisable
                0x0000d958       0x4c ./framework/OSAbstraction/Source/fsl_os_abstraction_free_rtos.o
                0x0000d958                OSA_InterruptDisable
 .text.OSA_InstallIntHandler
                0x0000d9a4       0x20 ./framework/OSAbstraction/Source/fsl_os_abstraction_free_rtos.o
                0x0000d9a4                OSA_InstallIntHandler
 .text.main     0x0000d9c4       0x24 ./framework/OSAbstraction/Source/fsl_os_abstraction_free_rtos.o
                0x0000d9c4                main
 .text.osObjectAlloc
                0x0000d9e8       0x4c ./framework/OSAbstraction/Source/fsl_os_abstraction_free_rtos.o
 .text.osObjectIsAllocated
                0x0000da34       0x54 ./framework/OSAbstraction/Source/fsl_os_abstraction_free_rtos.o
 .text.osObjectFree
                0x0000da88       0x48 ./framework/OSAbstraction/Source/fsl_os_abstraction_free_rtos.o
 .text.MEM_Init
                0x0000dad0       0xc4 ./framework/MemManager/Source/MemManager.o
                0x0000dad0                MEM_Init
 .text.MEM_BufferAllocWithId
                0x0000db94       0xb8 ./framework/MemManager/Source/MemManager.o
                0x0000db94                MEM_BufferAllocWithId
 .text.ListInit
                0x0000dc4c       0x2c ./framework/Lists/GenericList.o
                0x0000dc4c                ListInit
 .text.ListAddTail
                0x0000dc78       0x78 ./framework/Lists/GenericList.o
                0x0000dc78                ListAddTail
 .text.ListRemoveHead
                0x0000dcf0       0x68 ./framework/Lists/GenericList.o
                0x0000dcf0                ListRemoveHead
 .text.LED_Init
                0x0000dd58       0x2c ./framework/LED/Source/LED.o
                0x0000dd58                LED_Init
 .text.PORT_SetPinConfig
                0x0000dd84       0x38 ./framework/GPIO/GPIO_Adapter.o
 .text.PORT_SetPinMux
                0x0000ddbc       0x40 ./framework/GPIO/GPIO_Adapter.o
 .text.GpioSetPinMux
                0x0000ddfc       0x44 ./framework/GPIO/GPIO_Adapter.o
                0x0000ddfc                GpioSetPinMux
 .text.GpioOutputPinInit
                0x0000de40      0x10c ./framework/GPIO/GPIO_Adapter.o
                0x0000de40                GpioOutputPinInit
 .text.FLib_MemCpy
                0x0000df4c       0x38 ./framework/FunctionLib/FunctionLib.o
                0x0000df4c                FLib_MemCpy
 .text.FLib_MemCmp
                0x0000df84       0x54 ./framework/FunctionLib/FunctionLib.o
                0x0000df84                FLib_MemCmp
 .text.FLib_MemSet
                0x0000dfd8       0x38 ./framework/FunctionLib/FunctionLib.o
                0x0000dfd8                FLib_MemSet
 .text.NV_VerifyCrcOverHWParameters
                0x0000e010       0x50 ./framework/Flash/Internal/Flash_Adapter.o
 .text.NV_ComputeCrcOverHWParameters
                0x0000e060       0xe0 ./framework/Flash/Internal/Flash_Adapter.o
 .text.NV_ReadHWParameters
                0x0000e140       0x68 ./framework/Flash/Internal/Flash_Adapter.o
                0x0000e140                NV_ReadHWParameters
 .text.CLOCK_EnableClock
                0x0000e1a8       0x38 ./framework/DCDC/Source/DCDC.o
 .text.ADC16_EnableHardwareTrigger
                0x0000e1e0       0x3c ./framework/DCDC/Source/DCDC.o
 .text.ADC16_GetChannelConversionValue
                0x0000e21c       0x30 ./framework/DCDC/Source/DCDC.o
 .text.DCDC_MakeADCConversion
                0x0000e24c       0x44 ./framework/DCDC/Source/DCDC.o
 .text.DCDC_AdjustVbatDiv
                0x0000e290       0x68 ./framework/DCDC/Source/DCDC.o
 .text.DCDC_Get1P8VOutputTargetAndVBatInmV
                0x0000e2f8       0xf0 ./framework/DCDC/Source/DCDC.o
 .text.DCDC_mVTo1P8OutputTargetBoost
                0x0000e3e8      0x168 ./framework/DCDC/Source/DCDC.o
 .text.DCDC_mVTo1P8OutputTargetBuck
                0x0000e550       0xe4 ./framework/DCDC/Source/DCDC.o
 .text.DCDC_mVToMcuVOutputTargetBoost
                0x0000e634       0x8c ./framework/DCDC/Source/DCDC.o
                0x0000e634                DCDC_mVToMcuVOutputTargetBoost
 .text.DCDC_GetOutputTargetsBoost
                0x0000e6c0       0xd4 ./framework/DCDC/Source/DCDC.o
 .text.DCDC_GetOutputTargetsBuck
                0x0000e794       0x90 ./framework/DCDC/Source/DCDC.o
 .text.DCDC_VBatMonitorBoost
                0x0000e824      0x1c0 ./framework/DCDC/Source/DCDC.o
 .text.DCDC_VBatMonitorBuck
                0x0000e9e4      0x1c4 ./framework/DCDC/Source/DCDC.o
 .text.DCDC_Init
                0x0000eba8      0x220 ./framework/DCDC/Source/DCDC.o
                0x0000eba8                DCDC_Init
 .text.CLOCK_EnableClock
                0x0000edc8       0x38 ./drivers/fsl_adc16.o
 .text.ADC16_GetInstance
                0x0000ee00       0x48 ./drivers/fsl_adc16.o
 .text.ADC16_Init
                0x0000ee48      0x114 ./drivers/fsl_adc16.o
                0x0000ee48                ADC16_Init
 .text.ADC16_DoAutoCalibration
                0x0000ef5c      0x11c ./drivers/fsl_adc16.o
                0x0000ef5c                ADC16_DoAutoCalibration
 .text.ADC16_SetChannelMuxMode
                0x0000f078       0x3c ./drivers/fsl_adc16.o
                0x0000f078                ADC16_SetChannelMuxMode
 .text.ADC16_SetHardwareCompareConfig
                0x0000f0b4       0x8c ./drivers/fsl_adc16.o
                0x0000f0b4                ADC16_SetHardwareCompareConfig
 .text.ADC16_SetHardwareAverage
                0x0000f140       0x40 ./drivers/fsl_adc16.o
                0x0000f140                ADC16_SetHardwareAverage
 .text.ADC16_GetStatusFlags
                0x0000f180       0x3c ./drivers/fsl_adc16.o
                0x0000f180                ADC16_GetStatusFlags
 .text.ADC16_SetChannelConfig
                0x0000f1bc       0x6c ./drivers/fsl_adc16.o
                0x0000f1bc                ADC16_SetChannelConfig
 .text.ADC16_GetChannelStatusFlags
                0x0000f228       0x40 ./drivers/fsl_adc16.o
                0x0000f228                ADC16_GetChannelStatusFlags
 .text.CLOCK_SetEr32kClock
                0x0000f268       0x30 ./drivers/fsl_clock.o
 .text.CLOCK_GetMcgExtClkFreq
                0x0000f298       0x70 ./drivers/fsl_clock.o
 .text.CLOCK_GetFllExtRefClkFreq
                0x0000f308       0xb8 ./drivers/fsl_clock.o
 .text.CLOCK_GetInternalRefClkSelectFreq
                0x0000f3c0       0x40 ./drivers/fsl_clock.o
 .text.CLOCK_GetFllRefClkFreq
                0x0000f400       0x30 ./drivers/fsl_clock.o
 .text.CLOCK_GetOscRangeFromFreq
                0x0000f430       0x4c ./drivers/fsl_clock.o
 .text.CLOCK_GetOsc0ErClkFreq
                0x0000f47c       0x28 ./drivers/fsl_clock.o
                0x0000f47c                CLOCK_GetOsc0ErClkFreq
 .text.CLOCK_SetSimConfig
                0x0000f4a4       0x2c ./drivers/fsl_clock.o
                0x0000f4a4                CLOCK_SetSimConfig
 .text.CLOCK_GetFllFreq
                0x0000f4d0       0x78 ./drivers/fsl_clock.o
                0x0000f4d0                CLOCK_GetFllFreq
 .text.CLOCK_GetInternalRefClkFreq
                0x0000f548       0x28 ./drivers/fsl_clock.o
                0x0000f548                CLOCK_GetInternalRefClkFreq
 .text.CLOCK_SetExternalRefClkConfig
                0x0000f570       0x80 ./drivers/fsl_clock.o
                0x0000f570                CLOCK_SetExternalRefClkConfig
 .text.CLOCK_SetInternalRefClkConfig
                0x0000f5f0      0x12c ./drivers/fsl_clock.o
                0x0000f5f0                CLOCK_SetInternalRefClkConfig
 .text.CLOCK_InitOsc0
                0x0000f71c       0x6c ./drivers/fsl_clock.o
                0x0000f71c                CLOCK_InitOsc0
 .text.CLOCK_SetFeeMode
                0x0000f788      0x144 ./drivers/fsl_clock.o
                0x0000f788                CLOCK_SetFeeMode
 .text.CLOCK_BootToFeeMode
                0x0000f8cc       0x50 ./drivers/fsl_clock.o
                0x0000f8cc                CLOCK_BootToFeeMode
 .text.DisableGlobalIRQ
                0x0000f91c       0x1c ./drivers/fsl_common.o
 .text.EnableGlobalIRQ
                0x0000f938       0x1c ./drivers/fsl_common.o
 .text.__assertion_failed
                0x0000f954       0x1c ./drivers/fsl_common.o
                0x0000f954                __assertion_failed
 .text.InstallIRQHandler
                0x0000f970       0x98 ./drivers/fsl_common.o
                0x0000f970                InstallIRQHandler
 .text.DSPI_IsMaster
                0x0000fa08       0x18 ./drivers/fsl_dspi.o
 .text.DSPI_CommonIRQHandler
                0x0000fa20       0x40 ./drivers/fsl_dspi.o
 .text.SPI0_DriverIRQHandler
                0x0000fa60       0x34 ./drivers/fsl_dspi.o
                0x0000fa60                SPI0_DriverIRQHandler
 .text.SPI1_DriverIRQHandler
                0x0000fa94       0x34 ./drivers/fsl_dspi.o
                0x0000fa94                SPI1_DriverIRQHandler
 .text.GPIO_WritePinOutput
                0x0000fac8       0x34 ./drivers/fsl_gpio.o
 .text.GPIO_PinInit
                0x0000fafc       0x64 ./drivers/fsl_gpio.o
                0x0000fafc                GPIO_PinInit
 .text.I2C_TransferCommonIRQHandler
                0x0000fb60       0x54 ./drivers/fsl_i2c.o
 .text.I2C0_DriverIRQHandler
                0x0000fbb4       0x20 ./drivers/fsl_i2c.o
                0x0000fbb4                I2C0_DriverIRQHandler
 .text.I2C1_DriverIRQHandler
                0x0000fbd4       0x20 ./drivers/fsl_i2c.o
                0x0000fbd4                I2C1_DriverIRQHandler
 .text.CLOCK_EnableClock
                0x0000fbf4       0x38 ./drivers/fsl_lpuart.o
 .text.LPUART_GetInstance
                0x0000fc2c       0x48 ./drivers/fsl_lpuart.o
                0x0000fc2c                LPUART_GetInstance
 .text.LPUART_Init
                0x0000fc74      0x28c ./drivers/fsl_lpuart.o
                0x0000fc74                LPUART_Init
 .text.LPUART_GetDefaultConfig
                0x0000ff00       0x50 ./drivers/fsl_lpuart.o
                0x0000ff00                LPUART_GetDefaultConfig
 .text.LPUART_SetBaudRate
                0x0000ff50      0x194 ./drivers/fsl_lpuart.o
                0x0000ff50                LPUART_SetBaudRate
 .text.LPUART_EnableInterrupts
                0x000100e4       0x3c ./drivers/fsl_lpuart.o
                0x000100e4                LPUART_EnableInterrupts
 .text.LPUART_DisableInterrupts
                0x00010120       0x40 ./drivers/fsl_lpuart.o
                0x00010120                LPUART_DisableInterrupts
 .text.LPUART_GetEnabledInterrupts
                0x00010160       0x34 ./drivers/fsl_lpuart.o
                0x00010160                LPUART_GetEnabledInterrupts
 .text.LPUART_GetStatusFlags
                0x00010194       0x18 ./drivers/fsl_lpuart.o
                0x00010194                LPUART_GetStatusFlags
 .text.LPUART_ClearStatusFlags
                0x000101ac       0x88 ./drivers/fsl_lpuart.o
                0x000101ac                LPUART_ClearStatusFlags
 .text.LPUART0_DriverIRQHandler
                0x00010234       0x24 ./drivers/fsl_lpuart.o
                0x00010234                LPUART0_DriverIRQHandler
 .text.CLOCK_EnableClock
                0x00010258       0x38 ./drivers/fsl_ltc.o
 .text.LTC_Init
                0x00010290       0x1c ./drivers/fsl_ltc.o
                0x00010290                LTC_Init
 .text.CLOCK_EnableClock
                0x000102ac       0x38 ./drivers/fsl_tpm.o
 .text.TPM_GetInstance
                0x000102e4       0x54 ./drivers/fsl_tpm.o
 .text.TPM_Init
                0x00010338       0xec ./drivers/fsl_tpm.o
                0x00010338                TPM_Init
 .text.TPM_SetupOutputCompare
                0x00010424      0x13c ./drivers/fsl_tpm.o
                0x00010424                TPM_SetupOutputCompare
 .text.TPM_EnableInterrupts
                0x00010560       0x84 ./drivers/fsl_tpm.o
                0x00010560                TPM_EnableInterrupts
 .text.CLOCK_EnableClock
                0x000105e4       0x38 ./drivers/fsl_trng.o
 .text.trng_GetInstance
                0x0001061c       0x48 ./drivers/fsl_trng.o
 .text.TRNG_GetDefaultConfig
                0x00010664       0xe0 ./drivers/fsl_trng.o
                0x00010664                TRNG_GetDefaultConfig
 .text.trng_SetRetryCount
                0x00010744       0x50 ./drivers/fsl_trng.o
 .text.trng_SetStatisticalCheckLimit
                0x00010794      0x31c ./drivers/fsl_trng.o
 .text.trng_ApplyUserConfig
                0x00010ab0      0x1c4 ./drivers/fsl_trng.o
 .text.trng_ReadEntropy
                0x00010c74       0x34 ./drivers/fsl_trng.o
 .text.TRNG_Init
                0x00010ca8       0xb8 ./drivers/fsl_trng.o
                0x00010ca8                TRNG_Init
 .text.TRNG_GetRandomData
                0x00010d60       0xec ./drivers/fsl_trng.o
                0x00010d60                TRNG_GetRandomData
 .text.CLOCK_EnableClock
                0x00010e4c       0x38 ./board/board.o
 .text.hardware_init
                0x00010e84      0x220 ./board/board.o
                0x00010e84                hardware_init
 .text.NMI_Handler
                0x000110a4       0x20 ./board/board.o
                0x000110a4                NMI_Handler
 .text.BOARD_DCDCInit
                0x000110c4       0x18 ./board/board.o
                0x000110c4                BOARD_DCDCInit
 .text.BOARD_GetLpuartClock
                0x000110dc       0x5c ./board/board.o
                0x000110dc                BOARD_GetLpuartClock
 .text.BOARD_GetTpmClock
                0x00011138       0x5c ./board/board.o
                0x00011138                BOARD_GetTpmClock
 .text.CLOCK_EnableClock
                0x00011194       0x38 ./board/clock_config.o
 .text.CLOCK_DisableClock
                0x000111cc       0x38 ./board/clock_config.o
 .text.CLOCK_SetLpuartClock
                0x00011204       0x38 ./board/clock_config.o
 .text.CLOCK_SetTpmClock
                0x0001123c       0x38 ./board/clock_config.o
 .text.CLOCK_SetSimSafeDivs
                0x00011274       0x1c ./board/clock_config.o
 .text.CLOCK_SetXtal0Freq
                0x00011290       0x1c ./board/clock_config.o
 .text.CLOCK_SetXtal32Freq
                0x000112ac       0x1c ./board/clock_config.o
 .text.RTC_SetOscCapLoad
                0x000112c8       0x34 ./board/clock_config.o
 .text.CLOCK_CONFIG_FllStableDelay
                0x000112fc       0x24 ./board/clock_config.o
 .text.CLOCK_CONFIG_SetRtcClock
                0x00011320       0x4c ./board/clock_config.o
 .text.CLOCK_CONFIG_EnableRtcOsc
                0x0001136c       0x50 ./board/clock_config.o
 .text.BOARD_RfOscInit
                0x000113bc       0xc8 ./board/clock_config.o
                0x000113bc                BOARD_RfOscInit
 .text.BOARD_InitOsc0
                0x00011484       0x30 ./board/clock_config.o
                0x00011484                BOARD_InitOsc0
 .text.BOARD_BootClockRUN
                0x000114b4       0x6c ./board/clock_config.o
                0x000114b4                BOARD_BootClockRUN
 .text.CLOCK_EnableClock
                0x00011520       0x38 ./board/pin_mux.o
 .text.PORT_SetPinMux
                0x00011558       0x40 ./board/pin_mux.o
 .text.BOARD_InitLEDs
                0x00011598       0x78 ./board/pin_mux.o
                0x00011598                BOARD_InitLEDs
 .text.BOARD_InitLPUART
                0x00011610       0x4c ./board/pin_mux.o
                0x00011610                BOARD_InitLPUART
 .text.SystemInit
                0x0001165c       0x18 ./CMSIS/system_MKW41Z4.o
                0x0001165c                SystemInit
 .text.roundf   0x00011674       0x4c c:/nxp/mcuxpressoide_10.0.2_411/ide/tools/bin/../lib/gcc/arm-none-eabi/5.4.1/../../../../arm-none-eabi/lib/armv6-m\libm.a(lib_a-sf_round.o)
                0x00011674                roundf
 .text.exit     0x000116c0       0x20 c:/nxp/mcuxpressoide_10.0.2_411/ide/tools/bin/../lib/gcc/arm-none-eabi/5.4.1/../../../../arm-none-eabi/lib/armv6-m\libc.a(lib_a-exit.o)
                0x000116c0                exit
 .text.__libc_init_array
                0x000116e0       0x48 c:/nxp/mcuxpressoide_10.0.2_411/ide/tools/bin/../lib/gcc/arm-none-eabi/5.4.1/../../../../arm-none-eabi/lib/armv6-m\libc.a(lib_a-init.o)
                0x000116e0                __libc_init_array
 .text.memcpy   0x00011728       0x7c c:/nxp/mcuxpressoide_10.0.2_411/ide/tools/bin/../lib/gcc/arm-none-eabi/5.4.1/../../../../arm-none-eabi/lib/armv6-m\libc.a(lib_a-memcpy-stub.o)
                0x00011728                memcpy
 .text.memset   0x000117a4       0x8c c:/nxp/mcuxpressoide_10.0.2_411/ide/tools/bin/../lib/gcc/arm-none-eabi/5.4.1/../../../../arm-none-eabi/lib/armv6-m\libc.a(lib_a-memset.o)
                0x000117a4                memset
 .text.strlen   0x00011830       0x68 c:/nxp/mcuxpressoide_10.0.2_411/ide/tools/bin/../lib/gcc/arm-none-eabi/5.4.1/../../../../arm-none-eabi/lib/armv6-m\libc.a(lib_a-strlen-stub.o)
                0x00011830                strlen
 .text.startup.register_fini
                0x00011898       0x18 c:/nxp/mcuxpressoide_10.0.2_411/ide/tools/bin/../lib/gcc/arm-none-eabi/5.4.1/../../../../arm-none-eabi/lib/armv6-m\libc.a(lib_a-__call_atexit.o)
 .text.__call_exitprocs
                0x000118b0       0xfc c:/nxp/mcuxpressoide_10.0.2_411/ide/tools/bin/../lib/gcc/arm-none-eabi/5.4.1/../../../../arm-none-eabi/lib/armv6-m\libc.a(lib_a-__call_atexit.o)
                0x000118b0                __call_exitprocs
 .text.atexit   0x000119ac       0x10 c:/nxp/mcuxpressoide_10.0.2_411/ide/tools/bin/../lib/gcc/arm-none-eabi/5.4.1/../../../../arm-none-eabi/lib/armv6-m\libc.a(lib_a-atexit.o)
                0x000119ac                atexit
 .text.__libc_fini_array
                0x000119bc       0x34 c:/nxp/mcuxpressoide_10.0.2_411/ide/tools/bin/../lib/gcc/arm-none-eabi/5.4.1/../../../../arm-none-eabi/lib/armv6-m\libc.a(lib_a-fini.o)
                0x000119bc                __libc_fini_array
 .text.__register_exitproc
                0x000119f0       0xd4 c:/nxp/mcuxpressoide_10.0.2_411/ide/tools/bin/../lib/gcc/arm-none-eabi/5.4.1/../../../../arm-none-eabi/lib/armv6-m\libc.a(lib_a-__atexit.o)
                0x000119f0                __register_exitproc
 .text._exit    0x00011ac4        0x4 c:/nxp/mcuxpressoide_10.0.2_411/ide/tools/bin/../lib/gcc/arm-none-eabi/5.4.1/../../../../arm-none-eabi/lib/armv6-m\libnosys.a(_exit.o)
                0x00011ac4                _exit
 *(.rodata)
 .rodata        0x00011ac8       0x24 ./source/gen_fsk_tests.o
 .rodata        0x00011aec     0x122b ./source/menus.o
 *fill*         0x00012d17        0x1 
 .rodata        0x00012d18        0xc ./genfsk/genfsk_ll.o
 .rodata        0x00012d24       0x15 ./genfsk/genfsk_utils.o
 *fill*         0x00012d39        0x3 
 .rodata        0x00012d3c       0x18 ./freertos/tasks.o
                0x00012d44                FreeRTOSDebugConfig
 .rodata        0x00012d54        0xd ./freertos/timers.o
 *fill*         0x00012d61        0x3 
 .rodata        0x00012d64       0x18 ./framework/XCVR/MKW41Z4/fsl_xcvr.o
 .rodata        0x00012d7c        0xe ./framework/TimersManager/Source/TimersManager.o
 *fill*         0x00012d8a        0x2 
 .rodata        0x00012d8c       0x12 ./framework/SerialManager/Source/SerialManager.o
 *fill*         0x00012d9e        0x2 
 .rodata        0x00012da0        0xd ./framework/OSAbstraction/Source/fsl_os_abstraction_free_rtos.o
 *fill*         0x00012dad        0x3 
 .rodata        0x00012db0       0x1e ./framework/ModuleInfo/ModuleInfo.o
 *fill*         0x00012dce        0x2 
 .rodata        0x00012dd0       0xa0 ./framework/GPIO/GPIO_Adapter.o
 .rodata        0x00012e70       0xb5 ./framework/DCDC/Source/DCDC.o
 *fill*         0x00012f25        0x3 
 .rodata        0x00012f28      0x13a ./drivers/fsl_adc16.o
 *fill*         0x00013062        0x2 
 .rodata        0x00013064       0xd9 ./drivers/fsl_clock.o
 *fill*         0x0001313d        0x3 
 .rodata        0x00013140        0x4 ./drivers/fsl_common.o
 .rodata        0x00013144      0x46d ./drivers/fsl_dspi.o
 *fill*         0x000135b1        0x3 
 .rodata        0x000135b4       0xc7 ./drivers/fsl_gpio.o
 *fill*         0x0001367b        0x1 
 .rodata        0x0001367c      0x4da ./drivers/fsl_lpuart.o
 *fill*         0x00013b56        0x2 
 .rodata        0x00013b58      0x473 ./drivers/fsl_tpm.o
 *fill*         0x00013fcb        0x1 
 .rodata        0x00013fcc       0x40 ./drivers/fsl_trng.o
 .rodata        0x0001400c       0x80 c:/nxp/mcuxpressoide_10.0.2_411/ide/tools/bin/../lib/gcc/arm-none-eabi/5.4.1/armv6-m\libgcc.a(divsf3.o)
 .rodata        0x0001408c       0x40 c:/nxp/mcuxpressoide_10.0.2_411/ide/tools/bin/../lib/gcc/arm-none-eabi/5.4.1/armv6-m\libgcc.a(mulsf3.o)
 *(.rodata*)
 .rodata.cu8Logo
                0x000140cc       0x3c ./source/menus.o
                0x000140cc                cu8Logo
 .rodata.cu8PerTxMessages
                0x00014108       0x1c ./source/menus.o
                0x00014108                cu8PerTxMessages
 .rodata.mDefaultRadioConfig
                0x00014124        0x2 ./genfsk/genfsk_ll.o
 *fill*         0x00014126        0x2 
 .rodata.mDefaultPacketConfig
                0x00014128       0x10 ./genfsk/genfsk_ll.o
 .rodata.mDefaultCrcConfig
                0x00014138       0x14 ./genfsk/genfsk_ll.o
 .rodata.mDefaultWhitenerConfig
                0x0001414c       0x12 ./genfsk/genfsk_ll.o
 *fill*         0x0001415e        0x2 
 .rodata.GENFSK_RadioConfig
                0x00014160       0x20 ./genfsk/genfsk_ll.o
 .rodata.GENFSK_StartTx
                0x00014180       0x18 ./genfsk/genfsk_ll.o
 .rodata.GENFSK_SwitchToInstance
                0x00014198       0x1c ./genfsk/genfsk_utils.o
 .rodata.prvProcessReceivedCommands
                0x000141b4       0x28 ./freertos/timers.o
 .rodata.ant_mode_config
                0x000141dc       0x48 ./framework/XCVR/MKW41Z4/cfgs_kw4x_3x_2x/fsl_xcvr_ant_config.o
                0x000141dc                ant_mode_config
 .rodata.xcvr_ANT_1mbps_config
                0x00014224       0x68 ./framework/XCVR/MKW41Z4/cfgs_kw4x_3x_2x/fsl_xcvr_ant_config.o
                0x00014224                xcvr_ANT_1mbps_config
 .rodata.ble_mode_config
                0x0001428c       0x48 ./framework/XCVR/MKW41Z4/cfgs_kw4x_3x_2x/fsl_xcvr_ble_config.o
                0x0001428c                ble_mode_config
 .rodata.xcvr_BLE_1mbps_config
                0x000142d4       0x68 ./framework/XCVR/MKW41Z4/cfgs_kw4x_3x_2x/fsl_xcvr_ble_config.o
                0x000142d4                xcvr_BLE_1mbps_config
 .rodata.xcvr_common_config
                0x0001433c      0x23c ./framework/XCVR/MKW41Z4/cfgs_kw4x_3x_2x/fsl_xcvr_common_config.o
                0x0001433c                xcvr_common_config
 .rodata.gfsk_bt_0p3_h_0p5_mode_config
                0x00014578       0x48 ./framework/XCVR/MKW41Z4/cfgs_kw4x_3x_2x/fsl_xcvr_gfsk_bt_0p3_h_0p5_config.o
                0x00014578                gfsk_bt_0p3_h_0p5_mode_config
 .rodata.xcvr_GFSK_BT_0p3_h_0p5_1mbps_config
                0x000145c0       0x68 ./framework/XCVR/MKW41Z4/cfgs_kw4x_3x_2x/fsl_xcvr_gfsk_bt_0p3_h_0p5_config.o
                0x000145c0                xcvr_GFSK_BT_0p3_h_0p5_1mbps_config
 .rodata.xcvr_GFSK_BT_0p3_h_0p5_500kbps_config
                0x00014628       0x68 ./framework/XCVR/MKW41Z4/cfgs_kw4x_3x_2x/fsl_xcvr_gfsk_bt_0p3_h_0p5_config.o
                0x00014628                xcvr_GFSK_BT_0p3_h_0p5_500kbps_config
 .rodata.xcvr_GFSK_BT_0p3_h_0p5_250kbps_config
                0x00014690       0x68 ./framework/XCVR/MKW41Z4/cfgs_kw4x_3x_2x/fsl_xcvr_gfsk_bt_0p3_h_0p5_config.o
                0x00014690                xcvr_GFSK_BT_0p3_h_0p5_250kbps_config
 .rodata.gfsk_bt_0p5_h_0p32_mode_config
                0x000146f8       0x48 ./framework/XCVR/MKW41Z4/cfgs_kw4x_3x_2x/fsl_xcvr_gfsk_bt_0p5_h_0p32_config.o
                0x000146f8                gfsk_bt_0p5_h_0p32_mode_config
 .rodata.xcvr_GFSK_BT_0p5_h_0p32_1mbps_config
                0x00014740       0x68 ./framework/XCVR/MKW41Z4/cfgs_kw4x_3x_2x/fsl_xcvr_gfsk_bt_0p5_h_0p32_config.o
                0x00014740                xcvr_GFSK_BT_0p5_h_0p32_1mbps_config
 .rodata.xcvr_GFSK_BT_0p5_h_0p32_500kbps_config
                0x000147a8       0x68 ./framework/XCVR/MKW41Z4/cfgs_kw4x_3x_2x/fsl_xcvr_gfsk_bt_0p5_h_0p32_config.o
                0x000147a8                xcvr_GFSK_BT_0p5_h_0p32_500kbps_config
 .rodata.xcvr_GFSK_BT_0p5_h_0p32_250kbps_config
                0x00014810       0x68 ./framework/XCVR/MKW41Z4/cfgs_kw4x_3x_2x/fsl_xcvr_gfsk_bt_0p5_h_0p32_config.o
                0x00014810                xcvr_GFSK_BT_0p5_h_0p32_250kbps_config
 .rodata.gfsk_bt_0p5_h_0p5_mode_config
                0x00014878       0x48 ./framework/XCVR/MKW41Z4/cfgs_kw4x_3x_2x/fsl_xcvr_gfsk_bt_0p5_h_0p5_config.o
                0x00014878                gfsk_bt_0p5_h_0p5_mode_config
 .rodata.xcvr_GFSK_BT_0p5_h_0p5_1mbps_config
                0x000148c0       0x68 ./framework/XCVR/MKW41Z4/cfgs_kw4x_3x_2x/fsl_xcvr_gfsk_bt_0p5_h_0p5_config.o
                0x000148c0                xcvr_GFSK_BT_0p5_h_0p5_1mbps_config
 .rodata.xcvr_GFSK_BT_0p5_h_0p5_500kbps_config
                0x00014928       0x68 ./framework/XCVR/MKW41Z4/cfgs_kw4x_3x_2x/fsl_xcvr_gfsk_bt_0p5_h_0p5_config.o
                0x00014928                xcvr_GFSK_BT_0p5_h_0p5_500kbps_config
 .rodata.xcvr_GFSK_BT_0p5_h_0p5_250kbps_config
                0x00014990       0x68 ./framework/XCVR/MKW41Z4/cfgs_kw4x_3x_2x/fsl_xcvr_gfsk_bt_0p5_h_0p5_config.o
                0x00014990                xcvr_GFSK_BT_0p5_h_0p5_250kbps_config
 .rodata.gfsk_bt_0p5_h_0p7_mode_config
                0x000149f8       0x48 ./framework/XCVR/MKW41Z4/cfgs_kw4x_3x_2x/fsl_xcvr_gfsk_bt_0p5_h_0p7_config.o
                0x000149f8                gfsk_bt_0p5_h_0p7_mode_config
 .rodata.xcvr_GFSK_BT_0p5_h_0p7_1mbps_config
                0x00014a40       0x68 ./framework/XCVR/MKW41Z4/cfgs_kw4x_3x_2x/fsl_xcvr_gfsk_bt_0p5_h_0p7_config.o
                0x00014a40                xcvr_GFSK_BT_0p5_h_0p7_1mbps_config
 .rodata.xcvr_GFSK_BT_0p5_h_0p7_500kbps_config
                0x00014aa8       0x68 ./framework/XCVR/MKW41Z4/cfgs_kw4x_3x_2x/fsl_xcvr_gfsk_bt_0p5_h_0p7_config.o
                0x00014aa8                xcvr_GFSK_BT_0p5_h_0p7_500kbps_config
 .rodata.xcvr_GFSK_BT_0p5_h_0p7_250kbps_config
                0x00014b10       0x68 ./framework/XCVR/MKW41Z4/cfgs_kw4x_3x_2x/fsl_xcvr_gfsk_bt_0p5_h_0p7_config.o
                0x00014b10                xcvr_GFSK_BT_0p5_h_0p7_250kbps_config
 .rodata.gfsk_bt_0p5_h_1p0_mode_config
                0x00014b78       0x48 ./framework/XCVR/MKW41Z4/cfgs_kw4x_3x_2x/fsl_xcvr_gfsk_bt_0p5_h_1p0_config.o
                0x00014b78                gfsk_bt_0p5_h_1p0_mode_config
 .rodata.xcvr_GFSK_BT_0p5_h_1p0_1mbps_config
                0x00014bc0       0x68 ./framework/XCVR/MKW41Z4/cfgs_kw4x_3x_2x/fsl_xcvr_gfsk_bt_0p5_h_1p0_config.o
                0x00014bc0                xcvr_GFSK_BT_0p5_h_1p0_1mbps_config
 .rodata.xcvr_GFSK_BT_0p5_h_1p0_500kbps_config
                0x00014c28       0x68 ./framework/XCVR/MKW41Z4/cfgs_kw4x_3x_2x/fsl_xcvr_gfsk_bt_0p5_h_1p0_config.o
                0x00014c28                xcvr_GFSK_BT_0p5_h_1p0_500kbps_config
 .rodata.xcvr_GFSK_BT_0p5_h_1p0_250kbps_config
                0x00014c90       0x68 ./framework/XCVR/MKW41Z4/cfgs_kw4x_3x_2x/fsl_xcvr_gfsk_bt_0p5_h_1p0_config.o
                0x00014c90                xcvr_GFSK_BT_0p5_h_1p0_250kbps_config
 .rodata.gfsk_bt_0p7_h_0p5_mode_config
                0x00014cf8       0x48 ./framework/XCVR/MKW41Z4/cfgs_kw4x_3x_2x/fsl_xcvr_gfsk_bt_0p7_h_0p5_config.o
                0x00014cf8                gfsk_bt_0p7_h_0p5_mode_config
 .rodata.xcvr_GFSK_BT_0p7_h_0p5_1mbps_config
                0x00014d40       0x68 ./framework/XCVR/MKW41Z4/cfgs_kw4x_3x_2x/fsl_xcvr_gfsk_bt_0p7_h_0p5_config.o
                0x00014d40                xcvr_GFSK_BT_0p7_h_0p5_1mbps_config
 .rodata.xcvr_GFSK_BT_0p7_h_0p5_500kbps_config
                0x00014da8       0x68 ./framework/XCVR/MKW41Z4/cfgs_kw4x_3x_2x/fsl_xcvr_gfsk_bt_0p7_h_0p5_config.o
                0x00014da8                xcvr_GFSK_BT_0p7_h_0p5_500kbps_config
 .rodata.xcvr_GFSK_BT_0p7_h_0p5_250kbps_config
                0x00014e10       0x68 ./framework/XCVR/MKW41Z4/cfgs_kw4x_3x_2x/fsl_xcvr_gfsk_bt_0p7_h_0p5_config.o
                0x00014e10                xcvr_GFSK_BT_0p7_h_0p5_250kbps_config
 .rodata.xcvr_1mbps_config
                0x00014e78       0x40 ./framework/XCVR/MKW41Z4/cfgs_kw4x_3x_2x/fsl_xcvr_mode_datarate_config.o
                0x00014e78                xcvr_1mbps_config
 .rodata.xcvr_500kbps_config
                0x00014eb8       0x40 ./framework/XCVR/MKW41Z4/cfgs_kw4x_3x_2x/fsl_xcvr_mode_datarate_config.o
                0x00014eb8                xcvr_500kbps_config
 .rodata.xcvr_250kbps_config
                0x00014ef8       0x40 ./framework/XCVR/MKW41Z4/cfgs_kw4x_3x_2x/fsl_xcvr_mode_datarate_config.o
                0x00014ef8                xcvr_250kbps_config
 .rodata.msk_mode_config
                0x00014f38       0x48 ./framework/XCVR/MKW41Z4/cfgs_kw4x_3x_2x/fsl_xcvr_msk_config.o
                0x00014f38                msk_mode_config
 .rodata.xcvr_MSK_1mbps_config
                0x00014f80       0x68 ./framework/XCVR/MKW41Z4/cfgs_kw4x_3x_2x/fsl_xcvr_msk_config.o
                0x00014f80                xcvr_MSK_1mbps_config
 .rodata.xcvr_MSK_500kbps_config
                0x00014fe8       0x68 ./framework/XCVR/MKW41Z4/cfgs_kw4x_3x_2x/fsl_xcvr_msk_config.o
                0x00014fe8                xcvr_MSK_500kbps_config
 .rodata.xcvr_MSK_250kbps_config
                0x00015050       0x68 ./framework/XCVR/MKW41Z4/cfgs_kw4x_3x_2x/fsl_xcvr_msk_config.o
                0x00015050                xcvr_MSK_250kbps_config
 .rodata.zgbe_mode_config
                0x000150b8       0x48 ./framework/XCVR/MKW41Z4/cfgs_kw4x_3x_2x/fsl_xcvr_zgbe_config.o
                0x000150b8                zgbe_mode_config
 .rodata.xcvr_ZIGBEE_500kbps_config
                0x00015100       0x68 ./framework/XCVR/MKW41Z4/cfgs_kw4x_3x_2x/fsl_xcvr_zgbe_config.o
                0x00015100                xcvr_ZIGBEE_500kbps_config
 .rodata.xcvr_802_15_4_500kbps_config
                0x00015168       0x40 ./framework/XCVR/MKW41Z4/cfgs_kw4x_3x_2x/fsl_xcvr_zgbe_config.o
                0x00015168                xcvr_802_15_4_500kbps_config
 .rodata.mapTable
                0x000151a8      0x400 ./framework/XCVR/MKW41Z4/fsl_xcvr.o
                0x000151a8                mapTable
 .rodata.XCVR_GetDefaultConfig
                0x000155a8       0x28 ./framework/XCVR/MKW41Z4/fsl_xcvr.o
 .rodata.rx_bba_dcoc_dac_trim_DCest
                0x000155d0       0x2c ./framework/XCVR/MKW41Z4/fsl_xcvr_trim.o
 .rodata.BLOCK_1_IFR
                0x000155fc       0x10 ./framework/XCVR/MKW41Z4/ifr_radio.o
                0x000155fc                BLOCK_1_IFR
 .rodata.mTpmConfig
                0x0001560c        0xa ./framework/TimersManager/Source/TMR_Adapter.o
 *fill*         0x00015616        0x2 
 .rodata.Serial_InitInterface
                0x00015618       0x2c ./framework/SerialManager/Source/SerialManager.o
 .rodata.gUseRtos_c
                0x00015644        0x1 ./framework/OSAbstraction/Source/fsl_os_abstraction_free_rtos.o
                0x00015644                gUseRtos_c
 *fill*         0x00015645        0x3 
 .rodata.osEventInfo
                0x00015648        0xc ./framework/OSAbstraction/Source/fsl_os_abstraction_free_rtos.o
                0x00015648                osEventInfo
 .rodata.maPortBases
                0x00015654        0xc ./framework/GPIO/GPIO_Adapter.o
 .rodata.maGpioBases
                0x00015660        0xc ./framework/GPIO/GPIO_Adapter.o
 .rodata.mProdDataIdentifier
                0x0001566c        0xa ./framework/Flash/Internal/Flash_Adapter.o
 *fill*         0x00015676        0x2 
 .rodata.adcConfig
                0x00015678        0x9 ./framework/DCDC/Source/DCDC.o
 *fill*         0x00015681        0x3 
 .rodata.vbatChanConfig
                0x00015684        0x8 ./framework/DCDC/Source/DCDC.o
                0x00015684                vbatChanConfig
 .rodata.bgapChanConfig
                0x0001568c        0x8 ./framework/DCDC/Source/DCDC.o
                0x0001568c                bgapChanConfig
 .rodata.fllFactorTable.5676
                0x00015694       0x10 ./drivers/fsl_clock.o
 .rodata.s_tpmBases
                0x000156a4        0xc ./drivers/fsl_tpm.o
 .rodata.s_tpmClocks
                0x000156b0        0xc ./drivers/fsl_tpm.o
 .rodata.trng_SetStatisticalCheckLimit
                0x000156bc       0x28 ./drivers/fsl_trng.o
 .rodata.mDcdcDefaultConfig
                0x000156e4       0x14 ./board/board.o
                0x000156e4                mDcdcDefaultConfig
 .rodata.simConfig_BOARD_BootClockRUN
                0x000156f8        0x8 ./board/clock_config.o
                0x000156f8                simConfig_BOARD_BootClockRUN
 .rodata._global_impure_ptr
                0x00015700        0x4 c:/nxp/mcuxpressoide_10.0.2_411/ide/tools/bin/../lib/gcc/arm-none-eabi/5.4.1/../../../../arm-none-eabi/lib/armv6-m\libc.a(lib_a-impure.o)
                0x00015700                _global_impure_ptr
 *(.glue_7)
 .glue_7        0x00015704        0x0 linker stubs
 *(.glue_7t)
 .glue_7t       0x00015704        0x0 linker stubs
 *(.eh_frame)
 .eh_frame      0x00015704        0x0 c:/nxp/mcuxpressoide_10.0.2_411/ide/tools/bin/../lib/gcc/arm-none-eabi/5.4.1/armv6-m/crtbegin.o
 *(.init)
 .init          0x00015704        0x4 c:/nxp/mcuxpressoide_10.0.2_411/ide/tools/bin/../lib/gcc/arm-none-eabi/5.4.1/armv6-m/crti.o
                0x00015704                _init
 .init          0x00015708        0x8 c:/nxp/mcuxpressoide_10.0.2_411/ide/tools/bin/../lib/gcc/arm-none-eabi/5.4.1/armv6-m/crtn.o
 *(.fini)
 .fini          0x00015710        0x4 c:/nxp/mcuxpressoide_10.0.2_411/ide/tools/bin/../lib/gcc/arm-none-eabi/5.4.1/armv6-m/crti.o
                0x00015710                _fini
 .fini          0x00015714        0x8 c:/nxp/mcuxpressoide_10.0.2_411/ide/tools/bin/../lib/gcc/arm-none-eabi/5.4.1/armv6-m/crtn.o
                0x0001571c                . = ALIGN (0x4)

.vfp11_veneer   0x0001571c        0x0
 .vfp11_veneer  0x0001571c        0x0 linker stubs

.v4_bx          0x0001571c        0x0
 .v4_bx         0x0001571c        0x0 linker stubs

.iplt           0x0001571c        0x0
 .iplt          0x0001571c        0x0 c:/nxp/mcuxpressoide_10.0.2_411/ide/tools/bin/../lib/gcc/arm-none-eabi/5.4.1/armv6-m/crtbegin.o

.NVM_TABLE      0x0001571c        0x0
                0x0001571c                . = ALIGN (0x4)
                [!provide]                PROVIDE (__start_NVM_TABLE, .)
 *(.NVM_TABLE)
                [!provide]                PROVIDE (__stop_NVM_TABLE, .)
                0x0001571c                . = ALIGN (0x4)

.VERSION_TAGS   0x0001571c       0x18
                0x0001571c                . = ALIGN (0x4)
                [!provide]                PROVIDE (__start_VERSION_TAGS, .)
 *(.VERSION_TAGS)
 .VERSION_TAGS  0x0001571c        0xc ./genfsk/genfsk_utils.o
                0x0001571c                GEN_FSK_VERSION
 .VERSION_TAGS  0x00015728        0xc ./framework/ModuleInfo/ModuleInfo.o
                0x00015728                FWK_VERSION
                [!provide]                PROVIDE (__stop_VERSION_TAGS, .)
                0x00015734                . = ALIGN (0x4)

.ARM.extab
 *(.ARM.extab* .gnu.linkonce.armextab.*)

.ARM            0x00015734        0x8
                0x00015734                __exidx_start = .
 *(.ARM.exidx*)
 .ARM.exidx     0x00015734        0x8 c:/nxp/mcuxpressoide_10.0.2_411/ide/tools/bin/../lib/gcc/arm-none-eabi/5.4.1/../../../../arm-none-eabi/lib/armv6-m/crt0.o
 .ARM.exidx     0x0001573c        0x0 c:/nxp/mcuxpressoide_10.0.2_411/ide/tools/bin/../lib/gcc/arm-none-eabi/5.4.1/armv6-m\libgcc.a(_udivmoddi4.o)
                                  0x8 (size before relaxing)
                0x0001573c                __exidx_end = .

.rel.dyn        0x0001573c        0x0
 .rel.iplt      0x0001573c        0x0 c:/nxp/mcuxpressoide_10.0.2_411/ide/tools/bin/../lib/gcc/arm-none-eabi/5.4.1/armv6-m/crtbegin.o

.ctors          0x0001573c        0x0
                0x0001573c                __CTOR_LIST__ = .
 *crtbegin.o(.ctors)
 *crtbegin?.o(.ctors)
 *(EXCLUDE_FILE(*crtend.o *crtend?.o) .ctors)
 *(SORT(.ctors.*))
 *(.ctors)
                0x0001573c                __CTOR_END__ = .

.dtors          0x0001573c        0x0
                0x0001573c                __DTOR_LIST__ = .
 *crtbegin.o(.dtors)
 *crtbegin?.o(.dtors)
 *(EXCLUDE_FILE(*crtend.o *crtend?.o) .dtors)
 *(SORT(.dtors.*))
 *(.dtors)
                0x0001573c                __DTOR_END__ = .

.preinit_array  0x0001573c        0x0
                0x0001573c                PROVIDE (__preinit_array_start, .)
 *(.preinit_array*)
                0x0001573c                PROVIDE (__preinit_array_end, .)

.init_array     0x0001573c        0x8
                0x0001573c                PROVIDE (__init_array_start, .)
 *(SORT(.init_array.*))
 .init_array.00000
                0x0001573c        0x4 c:/nxp/mcuxpressoide_10.0.2_411/ide/tools/bin/../lib/gcc/arm-none-eabi/5.4.1/../../../../arm-none-eabi/lib/armv6-m\libc.a(lib_a-__call_atexit.o)
 *(.init_array*)
 .init_array    0x00015740        0x4 c:/nxp/mcuxpressoide_10.0.2_411/ide/tools/bin/../lib/gcc/arm-none-eabi/5.4.1/armv6-m/crtbegin.o
                0x00015744                PROVIDE (__init_array_end, .)

.fini_array     0x00015744        0x4
                0x00015744                PROVIDE (__fini_array_start, .)
 *(SORT(.fini_array.*))
 *(.fini_array*)
 .fini_array    0x00015744        0x4 c:/nxp/mcuxpressoide_10.0.2_411/ide/tools/bin/../lib/gcc/arm-none-eabi/5.4.1/armv6-m/crtbegin.o
                0x00015748                PROVIDE (__fini_array_end, .)
                0x00015748                __etext = .
                0x00015748                __DATA_ROM = .

.mtb            0x1fff8000        0x0
                0x1fff8000                . = ALIGN (0x8)
                0x1fff8000                _mtb_start = .
 *(.mtb_buf)
                0x1fff8000                . = ALIGN (0x8)
                0x1fff8000                _mtb_end = .

.interrupts_ram
                0x1fff8000       0xc0
                0x1fff8000                . = ALIGN (0x4)
                0x1fff8000                __VECTOR_RAM__ = .
                0x1fff8000                __interrupts_ram_start__ = .
 *(.m_interrupts_ram)
                0x1fff80c0                . = (. + 0xc0)
 *fill*         0x1fff8000       0xc0 
                0x1fff80c0                . = ALIGN (0x4)
                0x1fff80c0                __interrupts_ram_end__ = .
                0x1fff8000                __VECTOR_RAM = __VECTOR_RAM__
                0x000000c0                __RAM_VECTOR_TABLE_SIZE_BYTES = (__interrupts_ram_end__ - __interrupts_ram_start__)

.data           0x1fff80c0      0x5ec load address 0x00015748
                0x1fff80c0                . = ALIGN (0x4)
                0x1fff80c0                __DATA_RAM = .
                0x1fff80c0                __data_start__ = .
 *(.data)
 .data          0x1fff80c0        0x4 C:\Users\Samuel Mott\Documents\MCUXpressoIDE_10.0.2_411\workspace\frdmkw41z_wireless_examples_genfsk_connectivity_test_freertos\libs\lib_crypto_m0.a(SW_RNG.o)
 *(.data*)
 .data.pktConfig
                0x1fff80c4       0x10 ./source/gen_fsk_tests.o
 .data.crcConfig
                0x1fff80d4       0x14 ./source/gen_fsk_tests.o
 .data.whitenConfig
                0x1fff80e8       0x12 ./source/gen_fsk_tests.o
 *fill*         0x1fff80fa        0x2 
 .data.ntwkAddr
                0x1fff80fc        0x8 ./source/gen_fsk_tests.o
 .data.u16TotalPackets.6461
                0x1fff8104        0x2 ./source/gen_fsk_tests.o
 .data.mGENFSK_IrqDisableCnt
                0x1fff8106        0x1 ./genfsk/genfsk_isr.o
 *fill*         0x1fff8107        0x1 
 .data.os_thread_def_GENFSK_Task
                0x1fff8108       0x20 ./genfsk/genfsk_ll.o
                0x1fff8108                os_thread_def_GENFSK_Task
 .data.mGenfskActiveInstance
                0x1fff8128        0x1 ./genfsk/genfsk_ll.o
                0x1fff8128                mGenfskActiveInstance
 .data.rxTimeoutTimer
                0x1fff8129        0x1 ./genfsk/genfsk_ll.o
                0x1fff8129                rxTimeoutTimer
 *fill*         0x1fff812a        0x2 
 .data.mGenFskVersionString
                0x1fff812c        0x4 ./genfsk/genfsk_utils.o
                0x1fff812c                mGenFskVersionString
 .data.uxCriticalNesting
                0x1fff8130        0x4 ./freertos/port.o
 .data.mode_configs_dr_1mbps
                0x1fff8134       0x28 ./framework/XCVR/MKW41Z4/fsl_xcvr.o
                0x1fff8134                mode_configs_dr_1mbps
 .data.mode_configs_dr_500kbps
                0x1fff815c       0x28 ./framework/XCVR/MKW41Z4/fsl_xcvr.o
                0x1fff815c                mode_configs_dr_500kbps
 .data.mode_configs_dr_250kbps
                0x1fff8184       0x28 ./framework/XCVR/MKW41Z4/fsl_xcvr.o
                0x1fff8184                mode_configs_dr_250kbps
 .data.mTpmBase
                0x1fff81ac        0xc ./framework/TimersManager/Source/TMR_Adapter.o
 .data.os_thread_def_TMR_Task
                0x1fff81b8       0x20 ./framework/TimersManager/Source/TimersManager.o
                0x1fff81b8                os_thread_def_TMR_Task
 .data.mLpuartBase
                0x1fff81d8        0x4 ./framework/SerialManager/Source/UART_Adapter/UART_Adapter.o
 .data.mLpuartIrqs
                0x1fff81dc        0x1 ./framework/SerialManager/Source/UART_Adapter/UART_Adapter.o
 *fill*         0x1fff81dd        0x3 
 .data.os_thread_def_SerialManagerTask
                0x1fff81e0       0x20 ./framework/SerialManager/Source/SerialManager.o
                0x1fff81e0                os_thread_def_SerialManagerTask
 .data.mPRNG_Requests
                0x1fff8200        0x4 ./framework/RNG/Source/RNG.o
 .data.os_thread_def_startup_task
                0x1fff8204       0x20 ./framework/OSAbstraction/Source/fsl_os_abstraction_free_rtos.o
                0x1fff8204                os_thread_def_startup_task
 .data.mFwkVersionString
                0x1fff8224        0x4 ./framework/ModuleInfo/ModuleInfo.o
 .data.poolInfo
                0x1fff8228       0x28 ./framework/MemManager/Source/MemManager.o
                0x1fff8228                poolInfo
 .data.mLEDTimerID
                0x1fff8250        0x1 ./framework/LED/Source/LED.o
 *fill*         0x1fff8251        0x3 
 .data.s_slowIrcFreq
                0x1fff8254        0x4 ./drivers/fsl_clock.o
 .data.s_fastIrcFreq
                0x1fff8258        0x4 ./drivers/fsl_clock.o
 .data.ledPins  0x1fff825c       0x19 ./board/gpio_pins.o
                0x1fff825c                ledPins
 *fill*         0x1fff8275        0x3 
 .data.SystemCoreClock
                0x1fff8278        0x4 ./CMSIS/system_MKW41Z4.o
                0x1fff8278                SystemCoreClock
 *fill*         0x1fff827c        0x4 
 .data.impure_data
                0x1fff8280      0x428 c:/nxp/mcuxpressoide_10.0.2_411/ide/tools/bin/../lib/gcc/arm-none-eabi/5.4.1/../../../../arm-none-eabi/lib/armv6-m\libc.a(lib_a-impure.o)
 *(.jcr*)
 .jcr           0x1fff86a8        0x0 c:/nxp/mcuxpressoide_10.0.2_411/ide/tools/bin/../lib/gcc/arm-none-eabi/5.4.1/armv6-m/crtbegin.o
 .jcr           0x1fff86a8        0x4 c:/nxp/mcuxpressoide_10.0.2_411/ide/tools/bin/../lib/gcc/arm-none-eabi/5.4.1/armv6-m/crtend.o
                0x1fff86ac                . = ALIGN (0x4)
                0x1fff86ac                __data_end__ = .
                0x00015d34                __DATA_END = (__DATA_ROM + (__data_end__ - __data_start__))
                0x0007f7ff                text_end = (ORIGIN (TEXT_region2) + LENGTH (TEXT_region2))
                0x00000001                ASSERT ((__DATA_END <= text_end), region m_text overflowed with text and data)

.igot.plt       0x1fff86ac        0x0 load address 0x00015d34
 .igot.plt      0x1fff86ac        0x0 c:/nxp/mcuxpressoide_10.0.2_411/ide/tools/bin/../lib/gcc/arm-none-eabi/5.4.1/armv6-m/crtbegin.o

.bss            0x1fff86b0     0x2c10 load address 0x00015d38
                0x1fff86b0                . = ALIGN (0x4)
                0x1fff86b0                __START_BSS = .
                0x1fff86b0                __bss_start__ = .
 *(.bss)
 .bss           0x1fff86b0       0x1c c:/nxp/mcuxpressoide_10.0.2_411/ide/tools/bin/../lib/gcc/arm-none-eabi/5.4.1/armv6-m/crtbegin.o
 *(.bss*)
 .bss.s_debugConsole
                0x1fff86cc       0x10 ./utilities/fsl_debug_console.o
 .bss.platformInitialized
                0x1fff86dc        0x1 ./source/connectivity_test.o
 *fill*         0x1fff86dd        0x3 
 .bss.mAppThreadEvt
                0x1fff86e0        0x4 ./source/connectivity_test.o
 .bss.mAppState
                0x1fff86e4        0x1 ./source/connectivity_test.o
 *fill*         0x1fff86e5        0x3 
 .bss.pfCtCurrentTest
                0x1fff86e8        0x4 ./source/connectivity_test.o
 .bss.pEvtAssociatedData
                0x1fff86ec        0x4 ./source/connectivity_test.o
 .bss.ppfCtAvailableTests
                0x1fff86f0        0x4 ./source/connectivity_test.o
 *fill*         0x1fff86f4        0x4 
 .bss.mAppRxLatestPacket
                0x1fff86f8       0x10 ./source/connectivity_test.o
 .bss.mAppGenfskStatus
                0x1fff8708        0x1 ./source/connectivity_test.o
 .bss.mAppSerId
                0x1fff8709        0x1 ./source/gen_fsk_tests.o
                0x1fff8709                mAppSerId
 .bss.mAppTmrId
                0x1fff870a        0x1 ./source/gen_fsk_tests.o
                0x1fff870a                mAppTmrId
 .bss.mAppGenfskId
                0x1fff870b        0x1 ./source/gen_fsk_tests.o
                0x1fff870b                mAppGenfskId
 .bss.gaConfigParams
                0x1fff870c       0x8c ./source/gen_fsk_tests.o
                0x1fff870c                gaConfigParams
 .bss.gRxBuffer
                0x1fff8798        0x4 ./source/gen_fsk_tests.o
 .bss.gTxBuffer
                0x1fff879c        0x4 ./source/gen_fsk_tests.o
 .bss.gRxPacket
                0x1fff87a0       0x10 ./source/gen_fsk_tests.o
 .bss.gTxPacket
                0x1fff87b0       0x10 ./source/gen_fsk_tests.o
 .bss.bEnableShortcuts
                0x1fff87c0        0x1 ./source/gen_fsk_tests.o
 *fill*         0x1fff87c1        0x3 
 .bss.pNotifyAppThread
                0x1fff87c4        0x4 ./source/gen_fsk_tests.o
 .bss.pTmrCallback
                0x1fff87c8        0x4 ./source/gen_fsk_tests.o
 .bss.radioConfig
                0x1fff87cc        0x2 ./source/gen_fsk_tests.o
 .bss.currentTest.6437